01-01 03:11:08.639  1734 12298 E DictionaryProvider:UpdateHandler: Permanent failure of download 4155 with error code: 1004
01-01 03:11:08.819   492 12300 I DownloadManager: Initiating request for download 4155
01-01 03:11:08.939   492 12300 W DownloadManager: Aborting request for download 4155: can't know size of download, giving up
01-01 03:11:09.189  1734  3271 I content_update_sample: [content://downloads/my_downloads,insert,,525,,100]
01-01 03:11:09.189   382 12299 I content_query_sample: [content://com.android.inputmethod.latin.dictionarypack/en_US,id,,,531,,100]
01-01 03:11:09.259   492 12300 I content_update_sample: [content://downloads/all_downloads/4155,update,,319,,64]
01-01 03:11:09.319   492 12207 I content_query_sample: [content://downloads/all_downloads,,,,491,,99]
01-01 03:11:09.539   233   546 I notification_cancel: [com.android.providers.downloads,4155,NULL,0,64]
01-01 03:11:09.589   492 12307 I DownloadManager: Initiating request for download 4156
01-01 03:11:09.709   492 12307 W DownloadManager: Aborting request for download 4156: can't know size of download, giving up
01-01 03:11:09.779  1734 12309 E DictionaryProvider:UpdateHandler: Permanent failure of download 4156 with error code: 1004
01-01 03:11:09.919   492 12312 I DownloadManager: Initiating request for download 4156
01-01 03:11:10.039   492 12312 W DownloadManager: Aborting request for download 4156: can't know size of download, giving up
01-01 03:11:10.219   233   519 I notification_cancel: [com.android.providers.downloads,4156,NULL,0,64]
01-01 03:11:10.259   492 12315 I DownloadManager: Initiating request for download 4157
01-01 03:11:10.409   492   494 D dalvikvm: GC_CONCURRENT freed 4021K, 37% free 10349K/16327K, paused 1ms+1ms
01-01 03:11:10.739   492 12315 W DownloadManager: Aborting request for download 4157: can't know size of download, giving up
01-01 03:11:10.949  1734 12321 I content_query_sample: [content://downloads/my_downloads,_id/_data AS local_filename/mediaprovider_uri/destination/title/description/uri/status/hint/mimetype AS media_type/total_bytes AS total_size/lastmod AS last_modified_timestamp/current_bytes AS bytes_so_far/'placeholder' AS local_uri/'placeholder' AS reason,(_id = ? ) AND deleted != '1',lastmod DESC,131,,27]
01-01 03:11:10.949  1734 12321 E DictionaryProvider:UpdateHandler: Permanent failure of download 4157 with error code: 1004
01-01 03:11:11.029   382 12322 I force_gc: Binder
01-01 03:11:11.059   382 12322 D dalvikvm: GC_EXPLICIT freed 1296K, 13% free 10243K/11655K, paused 1ms+2ms
01-01 03:11:11.209   233   524 I notification_cancel: [com.android.providers.downloads,4157,NULL,0,64]
01-01 03:11:11.539   492 12320 I content_update_sample: [content://downloads/all_downloads/4158,update,,41,,9]
01-01 03:11:11.539   492 12327 I DownloadManager: Initiating request for download 4158
01-01 03:11:11.609   492 12320 I content_query_sample: [content://downloads/all_downloads,,,,54,,11]
01-01 03:11:11.659   492 12327 W DownloadManager: Aborting request for download 4158: can't know size of download, giving up
01-01 03:11:11.719  1734 12329 E DictionaryProvider:UpdateHandler: Permanent failure of download 4158 with error code: 1004
01-01 03:11:11.789   382 12330 I content_query_sample: [content://com.android.inputmethod.latin.dictionarypack/en_US,id,,,51,,11]
01-01 03:11:11.869   233   430 I force_gc: Binder
01-01 03:11:11.919   233   430 D dalvikvm: GC_EXPLICIT freed 1035K, 25% free 13310K/17607K, paused 2ms+3ms
01-01 03:11:11.929   492 12332 I DownloadManager: Initiating request for download 4158
01-01 03:11:12.119   492   494 D dalvikvm: GC_CONCURRENT freed 4059K, 37% free 10338K/16327K, paused 1ms+1ms
01-01 03:11:12.149   492 12332 W DownloadManager: Aborting request for download 4158: can't know size of download, giving up
01-01 03:11:12.239   233   545 I notification_cancel: [com.android.providers.downloads,4158,NULL,0,64]
01-01 03:11:12.749   492 12320 I content_update_sample: [content://downloads/all_downloads/4159,update,,516,,100]
01-01 03:11:12.759   492 12338 I DownloadManager: Initiating request for download 4159
01-01 03:11:12.869   492 12338 W DownloadManager: Aborting request for download 4159: can't know size of download, giving up
01-01 03:11:12.939   492 12338 I content_update_sample: [content://downloads/all_downloads/4159,update,,69,,14]
01-01 03:11:12.959  1734 12340 E DictionaryProvider:UpdateHandler: Permanent failure of download 4159 with error code: 1004
01-01 03:11:13.089   492 12343 I DownloadManager: Initiating request for download 4159
01-01 03:11:13.199   492 12343 W DownloadManager: Aborting request for download 4159: can't know size of download, giving up
01-01 03:11:13.249   492 12343 I content_update_sample: [content://downloads/all_downloads/4159,update,,47,,10]
01-01 03:11:13.379   233   429 I notification_cancel: [com.android.providers.downloads,4159,NULL,0,64]
01-01 03:11:13.429   492 12346 I DownloadManager: Initiating request for download 4160
01-01 03:11:13.549   492 12346 W DownloadManager: Aborting request for download 4160: can't know size of download, giving up
01-01 03:11:13.569 10398 10398 I KERNEL  : [ 3795.256720] intel_mdf_battery msic_battery: vbus_volt:4769
01-01 03:11:13.569 10398 10398 I KERNEL  : [ 3795.258743] intel_mdf_battery msic_battery: vbatt:4185000 temp:390
01-01 03:11:13.589   233   267 I battery_level: [100,4185,390]
01-01 03:11:13.639  1734 12351 E DictionaryProvider:UpdateHandler: Permanent failure of download 4160 with error code: 1004
01-01 03:11:13.769   492 12353 I DownloadManager: Initiating request for download 4160
01-01 03:11:13.889   492 12353 W DownloadManager: Aborting request for download 4160: can't know size of download, giving up
01-01 03:11:14.209  1734  1752 I content_update_sample: [content://downloads/my_downloads,insert,,547,,100]
01-01 03:11:14.209   382 12352 I content_query_sample: [content://com.android.inputmethod.latin.dictionarypack/en_US,id,,,553,,100]
01-01 03:11:14.339   492 12320 I content_query_sample: [content://downloads/all_downloads,,,,562,,100]
01-01 03:11:14.529   492   494 D dalvikvm: GC_CONCURRENT freed 4064K, 37% free 10293K/16327K, paused 2ms+2ms
01-01 03:11:14.599   233   245 I notification_cancel: [com.android.providers.downloads,4160,NULL,0,64]
01-01 03:11:14.639   492 12357 I DownloadManager: Initiating request for download 4161
01-01 03:11:14.759   492 12357 W DownloadManager: Aborting request for download 4161: can't know size of download, giving up
01-01 03:11:14.839  1734 12362 E DictionaryProvider:UpdateHandler: Permanent failure of download 4161 with error code: 1004
01-01 03:11:14.909   382 12363 I content_query_sample: [content://com.android.inputmethod.latin.dictionarypack/en_US,id,,,59,,12]
01-01 03:11:14.979   492 12365 I DownloadManager: Initiating request for download 4161
01-01 03:11:15.259   233   244 I notification_cancel: [com.android.providers.downloads,4161,NULL,0,64]
01-01 03:11:15.309   492 12367 I DownloadManager: Initiating request for download 4162
01-01 03:11:15.379   492 12365 W DownloadManager: Aborting request for download 4161: can't know size of download, giving up
01-01 03:11:15.429   492 12367 W DownloadManager: Aborting request for download 4162: can't know size of download, giving up
01-01 03:11:15.499  1734 12370 E DictionaryProvider:UpdateHandler: Permanent failure of download 4162 with error code: 1004
01-01 03:11:15.639   492 12373 I DownloadManager: Initiating request for download 4162
01-01 03:11:15.699   492 12320 I content_query_sample: [content://downloads/all_downloads,,,,55,,12]
01-01 03:11:15.759   492 12373 W DownloadManager: Aborting request for download 4162: can't know size of download, giving up
01-01 03:11:15.959   492   494 D dalvikvm: GC_CONCURRENT freed 4020K, 37% free 10290K/16327K, paused 2ms+1ms
01-01 03:11:15.989   233   429 I notification_cancel: [com.android.providers.downloads,4162,NULL,0,64]
01-01 03:11:16.029   492 12379 I DownloadManager: Initiating request for download 4163
01-01 03:11:16.149   492 12379 W DownloadManager: Aborting request for download 4163: can't know size of download, giving up
01-01 03:11:16.209   492 14576 I force_gc: Binder
01-01 03:11:16.249   492 14576 D dalvikvm: GC_EXPLICIT freed 679K, 38% free 10271K/16327K, paused 1ms+1ms
01-01 03:11:16.249  1734 12381 E DictionaryProvider:UpdateHandler: Permanent failure of download 4163 with error code: 1004
01-01 03:11:16.389   492 12384 I DownloadManager: Initiating request for download 4163
01-01 03:11:16.509   492 12384 W DownloadManager: Aborting request for download 4163: can't know size of download, giving up
01-01 03:11:16.689   233   428 I notification_cancel: [com.android.providers.downloads,4163,NULL,0,64]
01-01 03:11:17.239   492 12320 I content_update_sample: [content://downloads/all_downloads/4164,update,,549,,100]
01-01 03:11:17.239   492 12390 I DownloadManager: Initiating request for download 4164
01-01 03:11:17.359   492 12390 W DownloadManager: Aborting request for download 4164: can't know size of download, giving up
01-01 03:11:17.439  1734 12392 E DictionaryProvider:UpdateHandler: Permanent failure of download 4164 with error code: 1004
01-01 03:11:17.569   492 12395 I DownloadManager: Initiating request for download 4164
01-01 03:11:17.689   492 12395 W DownloadManager: Aborting request for download 4164: can't know size of download, giving up
01-01 03:11:17.869   233   519 I notification_cancel: [com.android.providers.downloads,4164,NULL,0,64]
01-01 03:11:17.919   492 12401 I DownloadManager: Initiating request for download 4165
01-01 03:11:18.029   492 12401 W DownloadManager: Aborting request for download 4165: can't know size of download, giving up
01-01 03:11:18.089  1734 12403 E DictionaryProvider:UpdateHandler: Permanent failure of download 4165 with error code: 1004
01-01 03:11:18.209   492   494 D dalvikvm: GC_CONCURRENT freed 3980K, 37% free 10302K/16327K, paused 1ms+1ms
01-01 03:11:18.299   492 12406 I DownloadManager: Initiating request for download 4165
01-01 03:11:18.419   492 12406 W DownloadManager: Aborting request for download 4165: can't know size of download, giving up
01-01 03:11:18.599   233   233 I notification_cancel: [com.android.providers.downloads,4165,NULL,0,64]
01-01 03:11:18.639   492 12409 I DownloadManager: Initiating request for download 4166
01-01 03:11:18.699   492 12320 I content_query_sample: [content://downloads/all_downloads,,,,54,,11]
01-01 03:11:18.759   492 12409 W DownloadManager: Aborting request for download 4166: can't know size of download, giving up
01-01 03:11:18.819  1734 12411 E DictionaryProvider:UpdateHandler: Permanent failure of download 4166 with error code: 1004
01-01 03:11:18.979   492 12417 I DownloadManager: Initiating request for download 4166
01-01 03:11:19.099   492 12417 W DownloadManager: Aborting request for download 4166: can't know size of download, giving up
01-01 03:11:19.149   492 12417 I content_update_sample: [content://downloads/all_downloads/4166,update,,46,,10]
01-01 03:11:19.279   233   244 I notification_cancel: [com.android.providers.downloads,4166,NULL,0,64]
01-01 03:11:19.319   492 12420 I DownloadManager: Initiating request for download 4167
01-01 03:11:19.579   492   494 D dalvikvm: GC_CONCURRENT freed 3986K, 37% free 10334K/16327K, paused 2ms+2ms
01-01 03:11:19.759   492 12420 W DownloadManager: Aborting request for download 4167: can't know size of download, giving up
01-01 03:11:19.959  1734 12423 I content_query_sample: [content://downloads/my_downloads,_id/_data AS local_filename/mediaprovider_uri/destination/title/description/uri/status/hint/mimetype AS media_type/total_bytes AS total_size/lastmod AS last_modified_timestamp/current_bytes AS bytes_so_far/'placeholder' AS local_uri/'placeholder' AS reason,(_id = ? ) AND deleted != '1',lastmod DESC,125,,26]
01-01 03:11:19.959  1734 12423 E DictionaryProvider:UpdateHandler: Permanent failure of download 4167 with error code: 1004
01-01 03:11:20.219   233   546 I notification_cancel: [com.android.providers.downloads,4167,NULL,0,64]
01-01 03:11:20.589   492 12429 I DownloadManager: Initiating request for download 4168
01-01 03:11:20.709   492 12429 W DownloadManager: Aborting request for download 4168: can't know size of download, giving up
01-01 03:11:20.779  1734 12431 E DictionaryProvider:UpdateHandler: Permanent failure of download 4168 with error code: 1004
01-01 03:11:20.929   492 12434 I DownloadManager: Initiating request for download 4168
01-01 03:11:20.989   492 12422 I content_query_sample: [content://downloads/all_downloads,,,,57,,12]
01-01 03:11:21.049   492 12434 W DownloadManager: Aborting request for download 4168: can't know size of download, giving up
01-01 03:11:21.239   233   430 I notification_cancel: [com.android.providers.downloads,4168,NULL,0,64]
01-01 03:11:21.279   492   494 D dalvikvm: GC_CONCURRENT freed 4032K, 38% free 10278K/16327K, paused 1ms+2ms
01-01 03:11:21.289   492 12440 I DownloadManager: Initiating request for download 4169
01-01 03:11:21.409   492 12440 W DownloadManager: Aborting request for download 4169: can't know size of download, giving up
01-01 03:11:21.479  1734 12442 E DictionaryProvider:UpdateHandler: Permanent failure of download 4169 with error code: 1004
01-01 03:11:21.619   492 12445 I DownloadManager: Initiating request for download 4169
01-01 03:11:21.739   492 12445 W DownloadManager: Aborting request for download 4169: can't know size of download, giving up
01-01 03:11:21.919   233   545 I notification_cancel: [com.android.providers.downloads,4169,NULL,0,64]
01-01 03:11:21.969   492 12448 I DownloadManager: Initiating request for download 4170
01-01 03:11:22.179   492 12448 W DownloadManager: Aborting request for download 4170: can't know size of download, giving up
01-01 03:11:22.279  1734 12453 E DictionaryProvider:UpdateHandler: Permanent failure of download 4170 with error code: 1004
01-01 03:11:22.289   492 12454 I DownloadManager: Initiating request for download 4170
01-01 03:11:22.409   492 12454 W DownloadManager: Aborting request for download 4170: can't know size of download, giving up
01-01 03:11:22.599   233   233 I notification_cancel: [com.android.providers.downloads,4170,NULL,0,64]
01-01 03:11:22.719   492   494 D dalvikvm: GC_CONCURRENT freed 3960K, 37% free 10339K/16327K, paused 1ms+2ms
01-01 03:11:22.979   492 12459 I DownloadManager: Initiating request for download 4171
01-01 03:11:23.099   492 12459 W DownloadManager: Aborting request for download 4171: can't know size of download, giving up
01-01 03:11:23.629   492 12459 I content_update_sample: [content://downloads/all_downloads/4171,update,,526,,100]
01-01 03:11:23.699  1734 12465 E DictionaryProvider:UpdateHandler: Permanent failure of download 4171 with error code: 1004
01-01 03:11:23.939   233   233 I notification_cancel: [com.android.providers.downloads,4171,NULL,0,64]
01-01 03:11:24.279   492 12468 I DownloadManager: Initiating request for download 4172
01-01 03:11:24.409   492 12468 W DownloadManager: Aborting request for download 4172: can't know size of download, giving up
01-01 03:11:24.459   492   494 D dalvikvm: GC_CONCURRENT freed 4032K, 37% free 10314K/16327K, paused 1ms+1ms
01-01 03:11:24.489  1734 12473 E DictionaryProvider:UpdateHandler: Permanent failure of download 4172 with error code: 1004
01-01 03:11:24.649   492 12476 I DownloadManager: Initiating request for download 4172
01-01 03:11:24.769   492 12476 W DownloadManager: Aborting request for download 4172: can't know size of download, giving up
01-01 03:11:24.949   233   550 I notification_cancel: [com.android.providers.downloads,4172,NULL,0,64]
01-01 03:11:24.989   492 12479 I DownloadManager: Initiating request for download 4173
01-01 03:11:24.999   233   428 I force_gc: Binder
01-01 03:11:25.039   233   428 D dalvikvm: GC_EXPLICIT freed 1379K, 25% free 13311K/17607K, paused 1ms+3ms
01-01 03:11:25.099   492 12464 I content_query_sample: [content://downloads/all_downloads,,,,99,,20]
01-01 03:11:25.129   492 12479 W DownloadManager: Aborting request for download 4173: can't know size of download, giving up
01-01 03:11:25.209  1734 12481 E DictionaryProvider:UpdateHandler: Permanent failure of download 4173 with error code: 1004
01-01 03:11:25.369   492 12484 I DownloadManager: Initiating request for download 4173
01-01 03:11:25.489   492 12484 W DownloadManager: Aborting request for download 4173: can't know size of download, giving up
01-01 03:11:25.669   233   428 I notification_cancel: [com.android.providers.downloads,4173,NULL,0,64]
01-01 03:11:25.709   492 12490 I DownloadManager: Initiating request for download 4174
01-01 03:11:25.839   492 12490 W DownloadManager: Aborting request for download 4174: can't know size of download, giving up
01-01 03:11:25.929   492   494 D dalvikvm: GC_CONCURRENT freed 4000K, 37% free 10328K/16327K, paused 1ms+2ms
01-01 03:11:25.929  1734 12492 E DictionaryProvider:UpdateHandler: Permanent failure of download 4174 with error code: 1004
01-01 03:11:26.089   492 12495 I DownloadManager: Initiating request for download 4174
01-01 03:11:26.209   492 12495 W DownloadManager: Aborting request for download 4174: can't know size of download, giving up
01-01 03:11:26.259   492 12495 I content_update_sample: [content://downloads/all_downloads/4174,update,,45,,10]
01-01 03:11:26.399   233   524 I notification_cancel: [com.android.providers.downloads,4174,NULL,0,64]
01-01 03:11:26.929   492 12464 I content_update_sample: [content://downloads/all_downloads/4175,update,,532,,100]
01-01 03:11:26.929   492 12501 I DownloadManager: Initiating request for download 4175
01-01 03:11:27.069   492 12501 W DownloadManager: Aborting request for download 4175: can't know size of download, giving up
01-01 03:11:27.159  1734 12503 E DictionaryProvider:UpdateHandler: Permanent failure of download 4175 with error code: 1004
01-01 03:11:27.259   492 12506 I DownloadManager: Initiating request for download 4175
01-01 03:11:27.379   492 12506 W DownloadManager: Aborting request for download 4175: can't know size of download, giving up
01-01 03:11:27.569   233   429 I notification_cancel: [com.android.providers.downloads,4175,NULL,0,64]
01-01 03:11:27.609   492 12464 I content_update_sample: [content://downloads/all_downloads/4176,update,,39,,8]
01-01 03:11:27.609   492 12512 I DownloadManager: Initiating request for download 4176
01-01 03:11:27.729   492 12512 W DownloadManager: Aborting request for download 4176: can't know size of download, giving up
01-01 03:11:27.789  1734 12514 E DictionaryProvider:UpdateHandler: Permanent failure of download 4176 with error code: 1004
01-01 03:11:27.849   492   494 D dalvikvm: GC_CONCURRENT freed 4028K, 37% free 10304K/16327K, paused 1ms+1ms
01-01 03:11:27.899   382 12515 I content_query_sample: [content://com.android.inputmethod.latin.dictionarypack/en_US,id,,,74,,15]
01-01 03:11:27.999   492 12517 I DownloadManager: Initiating request for download 4176
01-01 03:11:28.119   492 12517 W DownloadManager: Aborting request for download 4176: can't know size of download, giving up
01-01 03:11:28.299   233   428 I notification_cancel: [com.android.providers.downloads,4176,NULL,0,64]
01-01 03:11:28.349   492 12521 I DownloadManager: Initiating request for download 4177
01-01 03:11:28.469   492 12521 W DownloadManager: Aborting request for download 4177: can't know size of download, giving up
01-01 03:11:28.529  1734 12523 E DictionaryProvider:UpdateHandler: Permanent failure of download 4177 with error code: 1004
01-01 03:11:28.589  1734  3271 I force_gc: Binder
01-01 03:11:28.619   382 12524 I content_query_sample: [content://com.android.inputmethod.latin.dictionarypack/en_US,id,,,76,,16]
01-01 03:11:28.619  1734  3271 D dalvikvm: GC_EXPLICIT freed 2549K, 23% free 9459K/12167K, paused 1ms+3ms
01-01 03:11:28.709   492 12529 I DownloadManager: Initiating request for download 4177
01-01 03:11:28.829   492 12529 W DownloadManager: Aborting request for download 4177: can't know size of download, giving up
01-01 03:11:29.019   233   545 I notification_cancel: [com.android.providers.downloads,4177,NULL,0,64]
01-01 03:11:29.069   492 12532 I DownloadManager: Initiating request for download 4178
01-01 03:11:29.179   492 12532 W DownloadManager: Aborting request for download 4178: can't know size of download, giving up
01-01 03:11:29.239  1734 12534 E DictionaryProvider:UpdateHandler: Permanent failure of download 4178 with error code: 1004
01-01 03:11:29.329   492   494 D dalvikvm: GC_CONCURRENT freed 4000K, 37% free 10316K/16327K, paused 2ms+1ms
01-01 03:11:29.439   492 12536 I DownloadManager: Initiating request for download 4178
01-01 03:11:29.559   492 12536 W DownloadManager: Aborting request for download 4178: can't know size of download, giving up
01-01 03:11:29.839  1734  3271 I content_update_sample: [content://downloads/my_downloads,insert,,582,,100]
01-01 03:11:29.839   382 12535 I content_query_sample: [content://com.android.inputmethod.latin.dictionarypack/en_US,id,,,589,,100]
01-01 03:11:29.909   492 12536 I content_update_sample: [content://downloads/all_downloads/4178,update,,355,,72]
01-01 03:11:29.969   492 12464 I content_query_sample: [content://downloads/all_downloads,,,,528,,100]
01-01 03:11:30.199   233   524 I notification_cancel: [com.android.providers.downloads,4178,NULL,0,64]
01-01 03:11:30.249   492 12543 I DownloadManager: Initiating request for download 4179
01-01 03:11:30.369   492 12543 W DownloadManager: Aborting request for download 4179: can't know size of download, giving up
01-01 03:11:30.439  1734 12545 E DictionaryProvider:UpdateHandler: Permanent failure of download 4179 with error code: 1004
01-01 03:11:30.589   492 12548 I DownloadManager: Initiating request for download 4179
01-01 03:11:30.699   492 12548 W DownloadManager: Aborting request for download 4179: can't know size of download, giving up
01-01 03:11:30.889   233   550 I notification_cancel: [com.android.providers.downloads,4179,NULL,0,64]
01-01 03:11:30.939   492 12554 I DownloadManager: Initiating request for download 4180
01-01 03:11:31.059   492 12554 W DownloadManager: Aborting request for download 4180: can't know size of download, giving up
01-01 03:11:31.109  1734 12556 E DictionaryProvider:UpdateHandler: Permanent failure of download 4180 with error code: 1004
01-01 03:11:31.229   492   494 D dalvikvm: GC_CONCURRENT freed 4021K, 37% free 10307K/16327K, paused 2ms+1ms
01-01 03:11:31.319   492 12559 I DownloadManager: Initiating request for download 4180
01-01 03:11:31.439   492 12559 W DownloadManager: Aborting request for download 4180: can't know size of download, giving up
01-01 03:11:31.629   233   546 I notification_cancel: [com.android.providers.downloads,4180,NULL,0,64]
01-01 03:11:31.679   492 12562 I DownloadManager: Initiating request for download 4181
01-01 03:11:31.809   492 12562 W DownloadManager: Aborting request for download 4181: can't know size of download, giving up
01-01 03:11:31.869  1734 12567 E DictionaryProvider:UpdateHandler: Permanent failure of download 4181 with error code: 1004
01-01 03:11:32.019   492 12570 I DownloadManager: Initiating request for download 4181
01-01 03:11:32.239   492 12570 W DownloadManager: Aborting request for download 4181: can't know size of download, giving up
01-01 03:11:32.319   233   255 I notification_cancel: [com.android.providers.downloads,4181,NULL,0,64]
01-01 03:11:32.769   492 12464 I content_query_sample: [content://downloads/all_downloads/4182/headers,,,,451,,91]
01-01 03:11:32.769   492 12570 I content_update_sample: [content://downloads/all_downloads/4181,update,,534,,100]
01-01 03:11:32.839   492 12573 I DownloadManager: Initiating request for download 4182
01-01 03:11:32.959   492 12573 W DownloadManager: Aborting request for download 4182: can't know size of download, giving up
01-01 03:11:33.039  1734 12578 E DictionaryProvider:UpdateHandler: Permanent failure of download 4182 with error code: 1004
01-01 03:11:33.159   492   494 D dalvikvm: GC_CONCURRENT freed 4007K, 37% free 10312K/16327K, paused 1ms+2ms
01-01 03:11:33.229   492 12581 I DownloadManager: Initiating request for download 4182
01-01 03:11:33.339   492 12581 W DownloadManager: Aborting request for download 4182: can't know size of download, giving up
01-01 03:11:33.529   233   519 I notification_cancel: [com.android.providers.downloads,4182,NULL,0,64]
01-01 03:11:33.579   492 12584 I DownloadManager: Initiating request for download 4183
01-01 03:11:33.699   492 12584 W DownloadManager: Aborting request for download 4183: can't know size of download, giving up
01-01 03:11:33.749   492 14577 I force_gc: Binder
01-01 03:11:33.799   492 14577 D dalvikvm: GC_EXPLICIT freed 1752K, 37% free 10305K/16327K, paused 2ms+2ms
01-01 03:11:33.809  1734 12586 E DictionaryProvider:UpdateHandler: Permanent failure of download 4183 with error code: 1004
01-01 03:11:33.949   492 12589 I DownloadManager: Initiating request for download 4183
01-01 03:11:34.069   492 12589 W DownloadManager: Aborting request for download 4183: can't know size of download, giving up
01-01 03:11:34.249   233   546 I notification_cancel: [com.android.providers.downloads,4183,NULL,0,64]
01-01 03:11:34.599   492 12589 I content_update_sample: [content://downloads/all_downloads/4183,update,,527,,100]
01-01 03:11:34.639   492 12595 I DownloadManager: Initiating request for download 4184
01-01 03:11:34.759   492 12595 W DownloadManager: Aborting request for download 4184: can't know size of download, giving up
01-01 03:11:34.829  1734 12597 E DictionaryProvider:UpdateHandler: Permanent failure of download 4184 with error code: 1004
01-01 03:11:34.969   492 12600 I DownloadManager: Initiating request for download 4184
01-01 03:11:35.089   492 12600 W DownloadManager: Aborting request for download 4184: can't know size of download, giving up
01-01 03:11:35.269   233   244 I notification_cancel: [com.android.providers.downloads,4184,NULL,0,64]
01-01 03:11:35.809   492 12464 I content_update_sample: [content://downloads/all_downloads/4185,update,,530,,100]
01-01 03:11:35.809   492 12606 I DownloadManager: Initiating request for download 4185
01-01 03:11:35.929   492 12606 W DownloadManager: Aborting request for download 4185: can't know size of download, giving up
01-01 03:11:36.059   492   494 D dalvikvm: GC_CONCURRENT freed 3993K, 37% free 10335K/16327K, paused 1ms+1ms
01-01 03:11:36.059  1734 12608 E DictionaryProvider:UpdateHandler: Permanent failure of download 4185 with error code: 1004
01-01 03:11:36.129  1734  1752 I content_update_sample: [content://downloads/my_downloads,insert,,58,,12]
01-01 03:11:36.139   382 12609 I content_query_sample: [content://com.android.inputmethod.latin.dictionarypack/en_US,id,,,66,,14]
01-01 03:11:36.199   492 12614 I DownloadManager: Initiating request for download 4185
01-01 03:11:36.319   492 12614 W DownloadManager: Aborting request for download 4185: can't know size of download, giving up
01-01 03:11:36.499   233   233 I notification_cancel: [com.android.providers.downloads,4185,NULL,0,64]
01-01 03:11:36.549   492 12617 I DownloadManager: Initiating request for download 4186
01-01 03:11:36.659   492 12617 W DownloadManager: Aborting request for download 4186: can't know size of download, giving up
01-01 03:11:36.729  1734 12619 E DictionaryProvider:UpdateHandler: Permanent failure of download 4186 with error code: 1004
01-01 03:11:36.869   492 12621 I DownloadManager: Initiating request for download 4186
01-01 03:11:36.989   492 12621 W DownloadManager: Aborting request for download 4186: can't know size of download, giving up
01-01 03:11:37.319  1734  1746 I content_update_sample: [content://downloads/my_downloads,insert,,574,,100]
01-01 03:11:37.319   382 12620 I content_query_sample: [content://com.android.inputmethod.latin.dictionarypack/en_US,id,,,581,,100]
01-01 03:11:37.419   492 12464 I content_query_sample: [content://downloads/all_downloads,,,,542,,100]
01-01 03:11:37.649   233   428 I notification_cancel: [com.android.providers.downloads,4186,NULL,0,64]
01-01 03:11:37.679   492 12464 I content_update_sample: [content://downloads/all_downloads/4187,update,,37,,8]
01-01 03:11:37.689   492 12628 I DownloadManager: Initiating request for download 4187
01-01 03:11:37.809   492 12628 W DownloadManager: Aborting request for download 4187: can't know size of download, giving up
01-01 03:11:37.879  1734 12630 E DictionaryProvider:UpdateHandler: Permanent failure of download 4187 with error code: 1004
01-01 03:11:37.959   492   494 D dalvikvm: GC_CONCURRENT freed 4006K, 37% free 10329K/16327K, paused 1ms+1ms
01-01 03:11:38.079   233   429 I force_gc: Binder
01-01 03:11:38.129   233   429 D dalvikvm: GC_EXPLICIT freed 1021K, 25% free 13311K/17607K, paused 2ms+3ms
01-01 03:11:38.129   492 12633 I DownloadManager: Initiating request for download 4187
01-01 03:11:38.259   492 12633 W DownloadManager: Aborting request for download 4187: can't know size of download, giving up
01-01 03:11:38.419   233   550 I notification_cancel: [com.android.providers.downloads,4187,NULL,0,64]
01-01 03:11:38.459   492 12639 I DownloadManager: Initiating request for download 4188
01-01 03:11:38.579   492 12639 W DownloadManager: Aborting request for download 4188: can't know size of download, giving up
01-01 03:11:38.639  1734 12641 E DictionaryProvider:UpdateHandler: Permanent failure of download 4188 with error code: 1004
01-01 03:11:38.789   492 12644 I DownloadManager: Initiating request for download 4188
01-01 03:11:38.909   492 12644 W DownloadManager: Aborting request for download 4188: can't know size of download, giving up
01-01 03:11:39.089   233   473 I notification_cancel: [com.android.providers.downloads,4188,NULL,0,64]
01-01 03:11:39.139   492 12647 I DownloadManager: Initiating request for download 4189
01-01 03:11:39.259   492 12647 W DownloadManager: Aborting request for download 4189: can't know size of download, giving up
01-01 03:11:39.319  1734 12649 E DictionaryProvider:UpdateHandler: Permanent failure of download 4189 with error code: 1004
01-01 03:11:39.429   492   494 D dalvikvm: GC_CONCURRENT freed 4006K, 37% free 10329K/16327K, paused 2ms+1ms
01-01 03:11:39.529   492 12655 I DownloadManager: Initiating request for download 4189
01-01 03:11:39.649   492 12655 W DownloadManager: Aborting request for download 4189: can't know size of download, giving up
01-01 03:11:39.839   233   255 I notification_cancel: [com.android.providers.downloads,4189,NULL,0,64]
01-01 03:11:40.189   492 12655 I content_update_sample: [content://downloads/all_downloads/4189,update,,529,,100]
01-01 03:11:40.239   492 12658 I DownloadManager: Initiating request for download 4190
01-01 03:11:40.359   492 12658 W DownloadManager: Aborting request for download 4190: can't know size of download, giving up
01-01 03:11:40.429  1734 12663 E DictionaryProvider:UpdateHandler: Permanent failure of download 4190 with error code: 1004
01-01 03:11:40.489   382 12664 I content_query_sample: [content://com.android.inputmethod.latin.dictionarypack/en_US,id,,,47,,10]
01-01 03:11:40.589   492 12666 I DownloadManager: Initiating request for download 4190
01-01 03:11:40.709   492 12666 W DownloadManager: Aborting request for download 4190: can't know size of download, giving up
01-01 03:11:40.899   233   524 I notification_cancel: [com.android.providers.downloads,4190,NULL,0,64]
01-01 03:11:40.939   492 12669 I DownloadManager: Initiating request for download 4191
01-01 03:11:41.059   492 12669 W DownloadManager: Aborting request for download 4191: can't know size of download, giving up
01-01 03:11:41.119  1734 12671 E DictionaryProvider:UpdateHandler: Permanent failure of download 4191 with error code: 1004
01-01 03:11:41.239   492   494 D dalvikvm: GC_CONCURRENT freed 4022K, 37% free 10356K/16327K, paused 1ms+2ms
01-01 03:11:41.319   492 12674 I DownloadManager: Initiating request for download 4191
01-01 03:11:41.379   492 12464 I content_query_sample: [content://downloads/all_downloads,,,,56,,12]
01-01 03:11:41.439   492 12674 W DownloadManager: Aborting request for download 4191: can't know size of download, giving up
01-01 03:11:41.629   233   428 I notification_cancel: [com.android.providers.downloads,4191,NULL,0,64]
01-01 03:11:41.669   492 12680 I DownloadManager: Initiating request for download 4192
01-01 03:11:41.789   492 12680 W DownloadManager: Aborting request for download 4192: can't know size of download, giving up
01-01 03:11:41.849  1734 12682 E DictionaryProvider:UpdateHandler: Permanent failure of download 4192 with error code: 1004
01-01 03:11:41.919   382 12683 I content_query_sample: [content://com.android.inputmethod.latin.dictionarypack/en_US,id,,,52,,11]
01-01 03:11:42.009   492 12685 I DownloadManager: Initiating request for download 4192
01-01 03:11:42.219   492 12685 W DownloadManager: Aborting request for download 4192: can't know size of download, giving up
01-01 03:11:42.309   233   471 I notification_cancel: [com.android.providers.downloads,4192,NULL,0,64]
01-01 03:11:42.349   492 12688 I DownloadManager: Initiating request for download 4193
01-01 03:11:42.469   492 12688 W DownloadManager: Aborting request for download 4193: can't know size of download, giving up
01-01 03:11:42.529  1734 12690 E DictionaryProvider:UpdateHandler: Permanent failure of download 4193 with error code: 1004
01-01 03:11:42.669   492   494 D dalvikvm: GC_CONCURRENT freed 4048K, 37% free 10314K/16327K, paused 2ms+1ms
01-01 03:11:42.739   492 12695 I DownloadManager: Initiating request for download 4193
01-01 03:11:42.849   492 12695 W DownloadManager: Aborting request for download 4193: can't know size of download, giving up
01-01 03:11:43.089  1734 22969 I content_update_sample: [content://downloads/my_downloads,insert,,548,,100]
01-01 03:11:43.089   382 12691 I content_query_sample: [content://com.android.inputmethod.latin.dictionarypack/en_US,id,,,555,,100]
01-01 03:11:43.149   492 12695 I content_update_sample: [content://downloads/all_downloads/4193,update,,296,,60]
01-01 03:11:43.209   492 12464 I content_query_sample: [content://downloads/all_downloads,,,,467,,94]
01-01 03:11:43.439   233   473 I notification_cancel: [com.android.providers.downloads,4193,NULL,0,64]
01-01 03:11:43.499   492 12699 I DownloadManager: Initiating request for download 4194
01-01 03:11:43.629   492 12699 W DownloadManager: Aborting request for download 4194: can't know size of download, giving up
01-01 03:11:43.689  1734 12704 E DictionaryProvider:UpdateHandler: Permanent failure of download 4194 with error code: 1004
01-01 03:11:43.809  7258  7258 I KERNEL  : [ 3825.497007] intel_mdf_battery msic_battery: Charge full detected
01-01 03:11:43.819   233   267 I battery_status: [5,2,1,2,Li-ion]
01-01 03:11:43.849   492 12707 I DownloadManager: Initiating request for download 4194
01-01 03:11:43.969   492 12707 W DownloadManager: Aborting request for download 4194: can't know size of download, giving up
01-01 03:11:44.149   233   430 I notification_cancel: [com.android.providers.downloads,4194,NULL,0,64]
01-01 03:11:44.199   492 12710 I DownloadManager: Initiating request for download 4195
01-01 03:11:44.329   492 12710 W DownloadManager: Aborting request for download 4195: can't know size of download, giving up
01-01 03:11:44.379  1734 12712 E DictionaryProvider:UpdateHandler: Permanent failure of download 4195 with error code: 1004
01-01 03:11:44.519   492   494 D dalvikvm: GC_CONCURRENT freed 4000K, 37% free 10327K/16327K, paused 1ms+2ms
01-01 03:11:44.579   492 12715 I DownloadManager: Initiating request for download 4195
01-01 03:11:44.699   492 12715 W DownloadManager: Aborting request for download 4195: can't know size of download, giving up
01-01 03:11:44.899   233   550 I notification_cancel: [com.android.providers.downloads,4195,NULL,0,64]
01-01 03:11:44.939   492 12721 I DownloadManager: Initiating request for download 4196
01-01 03:11:45.059   492 12721 W DownloadManager: Aborting request for download 4196: can't know size of download, giving up
01-01 03:11:45.099   492 12721 I content_update_sample: [content://downloads/all_downloads/4196,update,,38,,8]
01-01 03:11:45.109  1734 12723 E DictionaryProvider:UpdateHandler: Permanent failure of download 4196 with error code: 1004
01-01 03:11:45.279   492 12726 I DownloadManager: Initiating request for download 4196
01-01 03:11:45.399   492 12726 W DownloadManager: Aborting request for download 4196: can't know size of download, giving up
01-01 03:11:45.569   233   233 I notification_cancel: [com.android.providers.downloads,4196,NULL,0,64]
01-01 03:11:45.919   492 12726 I content_update_sample: [content://downloads/all_downloads/4196,update,,524,,100]
01-01 03:11:45.919   492 12464 I content_query_sample: [content://downloads/all_downloads/4197/headers,,,,346,,70]
01-01 03:11:45.989   492 12732 I DownloadManager: Initiating request for download 4197
01-01 03:11:46.109   492 12732 W DownloadManager: Aborting request for download 4197: can't know size of download, giving up
01-01 03:11:46.179  1734 12734 E DictionaryProvider:UpdateHandler: Permanent failure of download 4197 with error code: 1004
01-01 03:11:46.379   492   494 D dalvikvm: GC_CONCURRENT freed 4014K, 37% free 10331K/16327K, paused 1ms+2ms
01-01 03:11:46.439   492 12737 I DownloadManager: Initiating request for download 4197
01-01 03:11:46.559   492 12737 W DownloadManager: Aborting request for download 4197: can't know size of download, giving up
01-01 03:11:46.759   233   524 I notification_cancel: [com.android.providers.downloads,4197,NULL,0,64]
01-01 03:11:46.799   492 12740 I DownloadManager: Initiating request for download 4198
01-01 03:11:46.919   492 12740 W DownloadManager: Aborting request for download 4198: can't know size of download, giving up
01-01 03:11:46.989  1734 12745 E DictionaryProvider:UpdateHandler: Permanent failure of download 4198 with error code: 1004
01-01 03:11:47.139   492 12748 I DownloadManager: Initiating request for download 4198
01-01 03:11:47.259   492 12748 W DownloadManager: Aborting request for download 4198: can't know size of download, giving up
01-01 03:11:47.459   233   550 I notification_cancel: [com.android.providers.downloads,4198,NULL,0,64]
01-01 03:11:47.499   492 12751 I DownloadManager: Initiating request for download 4199
01-01 03:11:47.559   492 12464 I content_query_sample: [content://downloads/all_downloads,,,,56,,12]
01-01 03:11:47.609   492 12751 W DownloadManager: Aborting request for download 4199: can't know size of download, giving up
01-01 03:11:47.669  1734 12753 E DictionaryProvider:UpdateHandler: Permanent failure of download 4199 with error code: 1004
01-01 03:11:47.819   492   494 D dalvikvm: GC_CONCURRENT freed 4013K, 37% free 10336K/16327K, paused 1ms+1ms
01-01 03:11:47.869   492 12756 I DownloadManager: Initiating request for download 4199
01-01 03:11:47.989   492 12756 W DownloadManager: Aborting request for download 4199: can't know size of download, giving up
01-01 03:11:48.189   233   546 I notification_cancel: [com.android.providers.downloads,4199,NULL,0,64]
01-01 03:11:48.249   492 12762 I DownloadManager: Initiating request for download 4200
01-01 03:11:48.369   492 12762 W DownloadManager: Aborting request for download 4200: can't know size of download, giving up
01-01 03:11:48.439  1734 12764 E DictionaryProvider:UpdateHandler: Permanent failure of download 4200 with error code: 1004
01-01 03:11:48.579   492 12766 I DownloadManager: Initiating request for download 4200
01-01 03:11:48.989  1734  1745 I content_update_sample: [content://downloads/my_downloads,insert,,535,,100]
01-01 03:11:48.989   382 12765 I content_query_sample: [content://com.android.inputmethod.latin.dictionarypack/en_US,id,,,541,,100]
01-01 03:11:49.039   492 12766 W DownloadManager: Aborting request for download 4200: can't know size of download, giving up
01-01 03:11:49.059   492 12464 I content_query_sample: [content://downloads/all_downloads,,,,471,,95]
01-01 03:11:49.299   233   428 I notification_cancel: [com.android.providers.downloads,4200,NULL,0,64]
01-01 03:11:49.339   492 12773 I DownloadManager: Initiating request for download 4201
01-01 03:11:49.509   108   108 E ia_watchdog: Timer interrupt
01-01 03:11:49.509   108   108 E ia_watchdog: waiting for a timer interrupt
01-01 03:11:49.509     0     0 I KERNEL  : [ 3831.198633] intel_scu_watchdog: Expected SW WDT warning irq received
01-01 03:11:49.509     0     0 I KERNEL  : [ 3831.199385] intel_scu_watchdog: interrupt tasklet body start
01-01 03:11:49.509   108   108 I KERNEL  : [ 3831.200145] intel_scu_watchdog: watchdog_keepalive
01-01 03:11:49.629   492   494 D dalvikvm: GC_CONCURRENT freed 4012K, 37% free 10344K/16327K, paused 1ms+1ms
01-01 03:11:52.469   492 12773 W DownloadManager: Aborting request for download 4201: can't know size of download, giving up
01-01 03:11:52.559  1734 12785 E DictionaryProvider:UpdateHandler: Permanent failure of download 4201 with error code: 1004
01-01 03:11:52.919   233   428 I notification_cancel: [com.android.providers.downloads,4201,NULL,0,64]
01-01 03:11:53.269   233   233 I force_gc: Binder
01-01 03:11:53.309   233   233 D dalvikvm: GC_EXPLICIT freed 1391K, 25% free 13313K/17607K, paused 2ms+3ms
01-01 03:11:53.319   492 12788 I DownloadManager: Initiating request for download 4202
01-01 03:11:53.429   492 12788 W DownloadManager: Aborting request for download 4202: can't know size of download, giving up
01-01 03:11:53.489  1734 12793 E DictionaryProvider:UpdateHandler: Permanent failure of download 4202 with error code: 1004
01-01 03:11:53.649   492 12796 I DownloadManager: Initiating request for download 4202
01-01 03:11:53.789   492 12796 W DownloadManager: Aborting request for download 4202: can't know size of download, giving up
01-01 03:11:53.979   492   494 D dalvikvm: GC_CONCURRENT freed 4035K, 37% free 10327K/16327K, paused 1ms+1ms
01-01 03:11:53.999   233   473 I notification_cancel: [com.android.providers.downloads,4202,NULL,0,64]
01-01 03:11:54.039   492 12799 I DownloadManager: Initiating request for download 4203
01-01 03:11:54.159   492 12799 W DownloadManager: Aborting request for download 4203: can't know size of download, giving up
01-01 03:11:54.209  1734 12801 E DictionaryProvider:UpdateHandler: Permanent failure of download 4203 with error code: 1004
01-01 03:11:54.379   492 12804 I force_gc: Binder
01-01 03:11:54.409   492 12804 D dalvikvm: GC_EXPLICIT freed 1122K, 37% free 10316K/16327K, paused 1ms+2ms
01-01 03:11:54.409   492 12804 I DownloadManager: Initiating request for download 4203
01-01 03:11:54.469   492 12784 I content_query_sample: [content://downloads/all_downloads,,,,74,,15]
01-01 03:11:54.539   492 12804 W DownloadManager: Aborting request for download 4203: can't know size of download, giving up
01-01 03:11:54.709   233   233 I notification_cancel: [com.android.providers.downloads,4203,NULL,0,64]
01-01 03:11:55.279   492 12784 I content_update_sample: [content://downloads/all_downloads/4204,update,,563,,100]
01-01 03:11:55.279   492 12810 I DownloadManager: Initiating request for download 4204
01-01 03:11:55.399   492 12810 W DownloadManager: Aborting request for download 4204: can't know size of download, giving up
01-01 03:11:55.489  1734 12812 E DictionaryProvider:UpdateHandler: Permanent failure of download 4204 with error code: 1004
01-01 03:11:55.629   492 12818 I DownloadManager: Initiating request for download 4204
01-01 03:11:55.689   492 12784 I content_query_sample: [content://downloads/all_downloads,,,,56,,12]
01-01 03:11:55.749   492 12818 W DownloadManager: Aborting request for download 4204: can't know size of download, giving up
01-01 03:11:55.939   233   430 I notification_cancel: [com.android.providers.downloads,4204,NULL,0,64]
01-01 03:11:55.979   492 12821 I DownloadManager: Initiating request for download 4205
01-01 03:11:56.099   492 12821 W DownloadManager: Aborting request for download 4205: can't know size of download, giving up
01-01 03:11:56.169  1734 12823 E DictionaryProvider:UpdateHandler: Permanent failure of download 4205 with error code: 1004
01-01 03:11:56.349   492 12826 I DownloadManager: Initiating request for download 4205
01-01 03:11:56.369   492   494 D dalvikvm: GC_CONCURRENT freed 3990K, 37% free 10361K/16327K, paused 2ms+2ms
01-01 03:11:56.489   492 12826 W DownloadManager: Aborting request for download 4205: can't know size of download, giving up
01-01 03:11:56.669   233   245 I notification_cancel: [com.android.providers.downloads,4205,NULL,0,64]
01-01 03:11:56.709   492 12832 I DownloadManager: Initiating request for download 4206
01-01 03:11:56.829   492 12832 W DownloadManager: Aborting request for download 4206: can't know size of download, giving up
01-01 03:11:56.879  1734 12834 E DictionaryProvider:UpdateHandler: Permanent failure of download 4206 with error code: 1004
01-01 03:11:56.889  1734 22969 I force_gc: Binder
01-01 03:11:56.909  1734 22969 D dalvikvm: GC_EXPLICIT freed 2567K, 23% free 9465K/12167K, paused 1ms+3ms
01-01 03:11:56.959  1734 22969 I content_update_sample: [content://downloads/my_downloads,insert,,44,,9]
01-01 03:11:57.069   492 12837 I DownloadManager: Initiating request for download 4206
01-01 03:11:57.179   492 12837 W DownloadManager: Aborting request for download 4206: can't know size of download, giving up
01-01 03:11:57.369   233   428 I notification_cancel: [com.android.providers.downloads,4206,NULL,0,64]
01-01 03:11:57.419   492 12840 I DownloadManager: Initiating request for download 4207
01-01 03:11:57.539   492 12840 W DownloadManager: Aborting request for download 4207: can't know size of download, giving up
01-01 03:11:57.569   492 12840 I content_update_sample: [content://downloads/all_downloads/4207,update,,33,,7]
01-01 03:11:57.589  1734 12842 E DictionaryProvider:UpdateHandler: Permanent failure of download 4207 with error code: 1004
01-01 03:11:57.749   492 12847 I DownloadManager: Initiating request for download 4207
01-01 03:11:57.789   492   494 D dalvikvm: GC_CONCURRENT freed 4021K, 37% free 10371K/16327K, paused 2ms+2ms
01-01 03:11:57.879   492 12847 W DownloadManager: Aborting request for download 4207: can't know size of download, giving up
01-01 03:11:58.149  1734  1746 I content_update_sample: [content://downloads/my_downloads,insert,,539,,100]
01-01 03:11:58.149   382 12843 I content_query_sample: [content://com.android.inputmethod.latin.dictionarypack/en_US,id,,,547,,100]
01-01 03:11:58.219   492 12847 I content_update_sample: [content://downloads/all_downloads/4207,update,,335,,68]
01-01 03:11:58.289   492 12784 I content_query_sample: [content://downloads/all_downloads,,,,516,,100]
01-01 03:11:58.529   233   244 I notification_cancel: [com.android.providers.downloads,4207,NULL,0,64]
01-01 03:11:58.579   492 12851 I DownloadManager: Initiating request for download 4208
01-01 03:11:58.639   492 12784 I content_query_sample: [content://downloads/all_downloads,,,,57,,12]
01-01 03:11:58.699   492 12851 W DownloadManager: Aborting request for download 4208: can't know size of download, giving up
01-01 03:11:58.769  1734 12856 E DictionaryProvider:UpdateHandler: Permanent failure of download 4208 with error code: 1004
01-01 03:11:58.929   492 12859 I DownloadManager: Initiating request for download 4208
01-01 03:11:58.999   492 12784 I content_query_sample: [content://downloads/all_downloads,,,,56,,12]
01-01 03:11:59.049   492 12859 W DownloadManager: Aborting request for download 4208: can't know size of download, giving up
01-01 03:11:59.239   233   245 I notification_cancel: [com.android.providers.downloads,4208,NULL,0,64]
01-01 03:11:59.279   492 12862 I DownloadManager: Initiating request for download 4209
01-01 03:11:59.339   492 12784 I content_query_sample: [content://downloads/all_downloads,,,,57,,12]
01-01 03:11:59.689   492 12862 W DownloadManager: Aborting request for download 4209: can't know size of download, giving up
01-01 03:11:59.779  1734 12865 E DictionaryProvider:UpdateHandler: Permanent failure of download 4209 with error code: 1004
01-01 03:11:59.849   492   494 D dalvikvm: GC_CONCURRENT freed 4042K, 37% free 10349K/16327K, paused 4ms+4ms
01-01 03:11:59.899  1734 22969 I content_update_sample: [content://downloads/my_downloads,insert,,85,,18]
01-01 03:11:59.949   492 12864 I content_query_sample: [content://downloads/all_downloads,,,,188,,38]
01-01 03:12:00.209   233   244 I notification_cancel: [com.android.providers.downloads,4209,NULL,0,64]
01-01 03:12:00.249   492 12871 I DownloadManager: Initiating request for download 4210
01-01 03:12:00.319   492 12864 I content_query_sample: [content://downloads/all_downloads,,,,58,,12]
01-01 03:12:00.379   492 12871 W DownloadManager: Aborting request for download 4210: can't know size of download, giving up
01-01 03:12:00.469  1734 12873 E DictionaryProvider:UpdateHandler: Permanent failure of download 4210 with error code: 1004
01-01 03:12:00.589   492 12876 I DownloadManager: Initiating request for download 4210
01-01 03:12:00.889   233   471 I notification_cancel: [com.android.providers.downloads,4210,NULL,0,64]
01-01 03:12:01.439   492 12864 I content_update_sample: [content://downloads/all_downloads/4211,update,,553,,100]
01-01 03:12:01.449   492 12881 I DownloadManager: Initiating request for download 4211
01-01 03:12:01.669   492 12881 W DownloadManager: Aborting request for download 4211: can't know size of download, giving up
01-01 03:12:01.719   492 12883 I DownloadManager: in removeSpuriousFiles
01-01 03:12:01.739  1734 12884 E DictionaryProvider:UpdateHandler: Permanent failure of download 4211 with error code: 1004
01-01 03:12:01.779   492 12886 I DownloadManager: Initiating request for download 4211
01-01 03:12:01.829   492   494 D dalvikvm: GC_CONCURRENT freed 3967K, 37% free 10372K/16327K, paused 1ms+2ms
01-01 03:12:01.909   492 12886 W DownloadManager: Aborting request for download 4211: can't know size of download, giving up
