01-01 03:10:21.169   492   494 D dalvikvm: GC_CONCURRENT freed 3813K, 28% free 11806K/16327K, paused 1ms+8ms
01-01 03:10:21.339   233   244 I notification_cancel: [com.android.providers.downloads,4098,NULL,0,64]
01-01 03:10:21.379   492 11721 I DownloadManager: Initiating request for download 4099
01-01 03:10:21.519   492 11721 W DownloadManager: Aborting request for download 4099: can't know size of download, giving up
01-01 03:10:21.569  1734 11723 E DictionaryProvider:UpdateHandler: Permanent failure of download 4099 with error code: 1004
01-01 03:10:21.689   492 11726 I DownloadManager: Initiating request for download 4099
01-01 03:10:21.909   492 11726 W DownloadManager: Aborting request for download 4099: can't know size of download, giving up
01-01 03:10:21.959   233   471 I notification_cancel: [com.android.providers.downloads,4099,NULL,0,64]
01-01 03:10:21.999   492 11729 I DownloadManager: Initiating request for download 4100
01-01 03:10:22.129   492 11729 W DownloadManager: Aborting request for download 4100: can't know size of download, giving up
01-01 03:10:22.209  1734 11734 E DictionaryProvider:UpdateHandler: Permanent failure of download 4100 with error code: 1004
01-01 03:10:22.319   233   233 I force_gc: Binder
01-01 03:10:22.369   233   233 D dalvikvm: GC_EXPLICIT freed 1457K, 25% free 13313K/17607K, paused 2ms+3ms
01-01 03:10:22.369   492 11737 I DownloadManager: Initiating request for download 4100
01-01 03:10:22.499   492 11737 W DownloadManager: Aborting request for download 4100: can't know size of download, giving up
01-01 03:10:22.609   492   494 D dalvikvm: GC_CONCURRENT freed 4751K, 33% free 11074K/16327K, paused 1ms+4ms
01-01 03:10:22.669   233   545 I notification_cancel: [com.android.providers.downloads,4100,NULL,0,64]
01-01 03:10:23.199   492 11705 I content_update_sample: [content://downloads/all_downloads/4101,update,,521,,100]
01-01 03:10:23.199   492 11740 I DownloadManager: Initiating request for download 4101
01-01 03:10:23.319   492 11740 W DownloadManager: Aborting request for download 4101: can't know size of download, giving up
01-01 03:10:23.409  1734 11745 E DictionaryProvider:UpdateHandler: Permanent failure of download 4101 with error code: 1004
01-01 03:10:23.519   492 11748 I DownloadManager: Initiating request for download 4101
01-01 03:10:23.639   492 11748 W DownloadManager: Aborting request for download 4101: can't know size of download, giving up
01-01 03:10:23.799   233   255 I notification_cancel: [com.android.providers.downloads,4101,NULL,0,64]
01-01 03:10:23.849   492 11751 I DownloadManager: Initiating request for download 4102
01-01 03:10:23.969   492 11751 W DownloadManager: Aborting request for download 4102: can't know size of download, giving up
01-01 03:10:24.029   492  6399 I force_gc: Binder
01-01 03:10:24.079   492  6399 D dalvikvm: GC_EXPLICIT freed 3454K, 38% free 10233K/16327K, paused 1ms+2ms
01-01 03:10:24.089  1734 11753 E DictionaryProvider:UpdateHandler: Permanent failure of download 4102 with error code: 1004
01-01 03:10:24.199   492 11756 I DownloadManager: Initiating request for download 4102
01-01 03:10:24.319   492 11756 W DownloadManager: Aborting request for download 4102: can't know size of download, giving up
01-01 03:10:24.489   233   428 I notification_cancel: [com.android.providers.downloads,4102,NULL,0,64]
01-01 03:10:24.529   492 11762 I DownloadManager: Initiating request for download 4103
01-01 03:10:24.649   492 11762 W DownloadManager: Aborting request for download 4103: can't know size of download, giving up
01-01 03:10:24.719  1734 11764 E DictionaryProvider:UpdateHandler: Permanent failure of download 4103 with error code: 1004
01-01 03:10:24.839   492 11767 I DownloadManager: Initiating request for download 4103
01-01 03:10:24.959   492 11767 W DownloadManager: Aborting request for download 4103: can't know size of download, giving up
01-01 03:10:25.119   233   473 I notification_cancel: [com.android.providers.downloads,4103,NULL,0,64]
01-01 03:10:25.169   492 11770 I DownloadManager: Initiating request for download 4104
01-01 03:10:25.309   492 11770 W DownloadManager: Aborting request for download 4104: can't know size of download, giving up
01-01 03:10:25.379  1734 11775 E DictionaryProvider:UpdateHandler: Permanent failure of download 4104 with error code: 1004
01-01 03:10:25.519   492   494 D dalvikvm: GC_CONCURRENT freed 4005K, 38% free 10241K/16327K, paused 1ms+1ms
01-01 03:10:25.519   492 11777 I DownloadManager: Initiating request for download 4104
01-01 03:10:25.639   492 11777 W DownloadManager: Aborting request for download 4104: can't know size of download, giving up
01-01 03:10:25.929  1734  3271 I content_update_sample: [content://downloads/my_downloads,insert,,536,,100]
01-01 03:10:25.929   382 11776 I content_query_sample: [content://com.android.inputmethod.latin.dictionarypack/en_US,id,,,542,,100]
01-01 03:10:26.049   492 11705 I content_query_sample: [content://downloads/all_downloads,,,,521,,100]
01-01 03:10:26.269   233   430 I notification_cancel: [com.android.providers.downloads,4104,NULL,0,64]
01-01 03:10:26.319   492 11705 I content_update_sample: [content://downloads/all_downloads/4105,update,,57,,12]
01-01 03:10:26.329   492 11781 I DownloadManager: Initiating request for download 4105
01-01 03:10:26.449   492 11781 W DownloadManager: Aborting request for download 4105: can't know size of download, giving up
01-01 03:10:26.519  1734 11786 E DictionaryProvider:UpdateHandler: Permanent failure of download 4105 with error code: 1004
01-01 03:10:26.639   492 11789 I DownloadManager: Initiating request for download 4105
01-01 03:10:26.759   492 11789 W DownloadManager: Aborting request for download 4105: can't know size of download, giving up
01-01 03:10:26.919   233   550 I notification_cancel: [com.android.providers.downloads,4105,NULL,0,64]
01-01 03:10:26.969   492 11792 I DownloadManager: Initiating request for download 4106
01-01 03:10:27.079   492 11792 W DownloadManager: Aborting request for download 4106: can't know size of download, giving up
01-01 03:10:27.139  1734 11794 E DictionaryProvider:UpdateHandler: Permanent failure of download 4106 with error code: 1004
01-01 03:10:27.279   492 11797 I DownloadManager: Initiating request for download 4106
01-01 03:10:27.409   492 11797 W DownloadManager: Aborting request for download 4106: can't know size of download, giving up
01-01 03:10:27.429   492   494 D dalvikvm: GC_CONCURRENT freed 3955K, 37% free 10315K/16327K, paused 1ms+2ms
01-01 03:10:27.609   233   428 I notification_cancel: [com.android.providers.downloads,4106,NULL,0,64]
01-01 03:10:27.649   492 11803 I DownloadManager: Initiating request for download 4107
01-01 03:10:27.769   492 11803 W DownloadManager: Aborting request for download 4107: can't know size of download, giving up
01-01 03:10:27.819  1734 11805 E DictionaryProvider:UpdateHandler: Permanent failure of download 4107 with error code: 1004
01-01 03:10:27.959   492 11808 I DownloadManager: Initiating request for download 4107
01-01 03:10:28.079   492 11808 W DownloadManager: Aborting request for download 4107: can't know size of download, giving up
01-01 03:10:28.249   233   245 I notification_cancel: [com.android.providers.downloads,4107,NULL,0,64]
01-01 03:10:28.289   492 11811 I DownloadManager: Initiating request for download 4108
01-01 03:10:28.409   492 11811 W DownloadManager: Aborting request for download 4108: can't know size of download, giving up
01-01 03:10:29.439   492 11811 I content_update_sample: [content://downloads/all_downloads/4108,update,,1034,,100]
01-01 03:10:29.569  1734 11817 E DictionaryProvider:UpdateHandler: Permanent failure of download 4108 with error code: 1004
01-01 03:10:29.789   492   494 D dalvikvm: GC_CONCURRENT freed 4077K, 38% free 10242K/16327K, paused 1ms+1ms
01-01 03:10:29.859   233   244 I notification_cancel: [com.android.providers.downloads,4108,NULL,0,64]
01-01 03:10:30.189   492 11823 I DownloadManager: Initiating request for download 4109
01-01 03:10:30.309   492 11823 W DownloadManager: Aborting request for download 4109: can't know size of download, giving up
01-01 03:10:30.379  1734 11825 E DictionaryProvider:UpdateHandler: Permanent failure of download 4109 with error code: 1004
01-01 03:10:30.499   492 11828 I DownloadManager: Initiating request for download 4109
01-01 03:10:30.629   492 11828 W DownloadManager: Aborting request for download 4109: can't know size of download, giving up
01-01 03:10:30.799   233   244 I notification_cancel: [com.android.providers.downloads,4109,NULL,0,64]
01-01 03:10:30.839   492 11834 I DownloadManager: Initiating request for download 4110
01-01 03:10:30.959   492 11834 W DownloadManager: Aborting request for download 4110: can't know size of download, giving up
01-01 03:10:31.029  1734 11836 E DictionaryProvider:UpdateHandler: Permanent failure of download 4110 with error code: 1004
01-01 03:10:31.169   492 11839 I DownloadManager: Initiating request for download 4110
01-01 03:10:31.209   492   494 D dalvikvm: GC_CONCURRENT freed 3940K, 38% free 10276K/16327K, paused 1ms+2ms
01-01 03:10:31.299   492 11839 W DownloadManager: Aborting request for download 4110: can't know size of download, giving up
01-01 03:10:31.479   233   233 I notification_cancel: [com.android.providers.downloads,4110,NULL,0,64]
01-01 03:10:32.009   492 11816 I content_update_sample: [content://downloads/all_downloads/4111,update,,533,,100]
01-01 03:10:32.019   492 11845 I DownloadManager: Initiating request for download 4111
01-01 03:10:32.239   492 11845 W DownloadManager: Aborting request for download 4111: can't know size of download, giving up
01-01 03:10:32.309  1734 11847 E DictionaryProvider:UpdateHandler: Permanent failure of download 4111 with error code: 1004
01-01 03:10:32.409   492 11850 I DownloadManager: Initiating request for download 4111
01-01 03:10:32.519   492 11850 W DownloadManager: Aborting request for download 4111: can't know size of download, giving up
01-01 03:10:32.689   233   430 I notification_cancel: [com.android.providers.downloads,4111,NULL,0,64]
01-01 03:10:32.739   492 11853 I DownloadManager: Initiating request for download 4112
01-01 03:10:32.859   492 11853 W DownloadManager: Aborting request for download 4112: can't know size of download, giving up
01-01 03:10:33.379   492 11853 I content_update_sample: [content://downloads/all_downloads/4112,update,,529,,100]
01-01 03:10:33.449  1734 11859 E DictionaryProvider:UpdateHandler: Permanent failure of download 4112 with error code: 1004
01-01 03:10:33.579   492   494 D dalvikvm: GC_CONCURRENT freed 4015K, 38% free 10279K/16327K, paused 1ms+1ms
01-01 03:10:33.719   233   428 I notification_cancel: [com.android.providers.downloads,4112,NULL,0,64]
01-01 03:10:34.049   492 11865 I DownloadManager: Initiating request for download 4113
01-01 03:10:34.169   492 11865 W DownloadManager: Aborting request for download 4113: can't know size of download, giving up
01-01 03:10:34.219  1734 11867 E DictionaryProvider:UpdateHandler: Permanent failure of download 4113 with error code: 1004
01-01 03:10:34.369   492 11870 I DownloadManager: Initiating request for download 4113
01-01 03:10:34.499   492 11870 W DownloadManager: Aborting request for download 4113: can't know size of download, giving up
01-01 03:10:34.659   233   546 I notification_cancel: [com.android.providers.downloads,4113,NULL,0,64]
01-01 03:10:34.699   492 11873 I DownloadManager: Initiating request for download 4114
01-01 03:10:34.829   492 11873 W DownloadManager: Aborting request for download 4114: can't know size of download, giving up
01-01 03:10:34.879  1734 11875 E DictionaryProvider:UpdateHandler: Permanent failure of download 4114 with error code: 1004
01-01 03:10:34.939  1734 22969 I content_update_sample: [content://downloads/my_downloads,insert,,42,,9]
01-01 03:10:35.009   492   494 D dalvikvm: GC_CONCURRENT freed 4033K, 38% free 10262K/16327K, paused 1ms+1ms
01-01 03:10:35.059   492 11881 I DownloadManager: Initiating request for download 4114
01-01 03:10:35.179   492 11881 W DownloadManager: Aborting request for download 4114: can't know size of download, giving up
01-01 03:10:35.349   233   429 I notification_cancel: [com.android.providers.downloads,4114,NULL,0,64]
01-01 03:10:35.409   492 11858 I content_update_sample: [content://downloads/all_downloads/4115,update,,55,,12]
01-01 03:10:35.409   492 11884 I DownloadManager: Initiating request for download 4115
01-01 03:10:35.539   492 11884 W DownloadManager: Aborting request for download 4115: can't know size of download, giving up
01-01 03:10:35.599   233   546 I force_gc: Binder
01-01 03:10:35.649   233   546 D dalvikvm: GC_EXPLICIT freed 1074K, 25% free 13310K/17607K, paused 1ms+4ms
01-01 03:10:35.659  1734 11886 E DictionaryProvider:UpdateHandler: Permanent failure of download 4115 with error code: 1004
01-01 03:10:35.759   492 11889 I DownloadManager: Initiating request for download 4115
01-01 03:10:35.819   492 11858 I content_query_sample: [content://downloads/all_downloads,,,,52,,11]
01-01 03:10:35.879   492 11889 W DownloadManager: Aborting request for download 4115: can't know size of download, giving up
01-01 03:10:36.039   233   524 I notification_cancel: [com.android.providers.downloads,4115,NULL,0,64]
01-01 03:10:36.429   492 11858 I content_query_sample: [content://downloads/all_downloads/4116/headers,,,,382,,77]
01-01 03:10:36.429   492 11889 I content_update_sample: [content://downloads/all_downloads/4115,update,,550,,100]
01-01 03:10:36.529   492 11895 I DownloadManager: Initiating request for download 4116
01-01 03:10:36.599   492 11858 I content_query_sample: [content://downloads/all_downloads,,,,65,,14]
01-01 03:10:36.639   492 11895 W DownloadManager: Aborting request for download 4116: can't know size of download, giving up
01-01 03:10:36.699   492 11895 I content_update_sample: [content://downloads/all_downloads/4116,update,,51,,11]
01-01 03:10:36.719  1734 11897 E DictionaryProvider:UpdateHandler: Permanent failure of download 4116 with error code: 1004
01-01 03:10:36.789   382 11898 I content_query_sample: [content://com.android.inputmethod.latin.dictionarypack/en_US,id,,,62,,13]
01-01 03:10:36.869   492 11900 I DownloadManager: Initiating request for download 4116
01-01 03:10:36.939   492 11858 I content_query_sample: [content://downloads/all_downloads,,,,59,,12]
01-01 03:10:36.979   492   494 D dalvikvm: GC_CONCURRENT freed 3967K, 37% free 10324K/16327K, paused 2ms+2ms
01-01 03:10:36.999   492 11900 W DownloadManager: Aborting request for download 4116: can't know size of download, giving up
01-01 03:10:37.209   233   245 I notification_cancel: [com.android.providers.downloads,4116,NULL,0,64]
01-01 03:10:37.259   492 11906 I DownloadManager: Initiating request for download 4117
01-01 03:10:37.369   492 11906 W DownloadManager: Aborting request for download 4117: can't know size of download, giving up
01-01 03:10:37.439  1734 11908 E DictionaryProvider:UpdateHandler: Permanent failure of download 4117 with error code: 1004
01-01 03:10:37.499   382 11909 I content_query_sample: [content://com.android.inputmethod.latin.dictionarypack/en_US,id,,,50,,11]
01-01 03:10:37.569   492 11911 I DownloadManager: Initiating request for download 4117
01-01 03:10:37.849   233   428 I notification_cancel: [com.android.providers.downloads,4117,NULL,0,64]
01-01 03:10:37.889   492 11913 I DownloadManager: Initiating request for download 4118
01-01 03:10:37.959   492 11911 W DownloadManager: Aborting request for download 4117: can't know size of download, giving up
01-01 03:10:37.989   492 11911 I content_update_sample: [content://downloads/all_downloads/4117,update,,36,,8]
01-01 03:10:38.009   492 11913 W DownloadManager: Aborting request for download 4118: can't know size of download, giving up
01-01 03:10:38.079  1734 11916 E DictionaryProvider:UpdateHandler: Permanent failure of download 4118 with error code: 1004
01-01 03:10:38.229   492 11922 I DownloadManager: Initiating request for download 4118
01-01 03:10:38.339   492 11922 W DownloadManager: Aborting request for download 4118: can't know size of download, giving up
01-01 03:10:38.419   492   494 D dalvikvm: GC_CONCURRENT freed 4060K, 38% free 10285K/16327K, paused 1ms+2ms
01-01 03:10:38.559   233   473 I notification_cancel: [com.android.providers.downloads,4118,NULL,0,64]
01-01 03:10:38.599   492 11925 I DownloadManager: Initiating request for download 4119
01-01 03:10:38.719   492 11925 W DownloadManager: Aborting request for download 4119: can't know size of download, giving up
01-01 03:10:38.779  1734 11927 E DictionaryProvider:UpdateHandler: Permanent failure of download 4119 with error code: 1004
01-01 03:10:38.909   492 11929 I DownloadManager: Initiating request for download 4119
01-01 03:10:39.029   492 11929 W DownloadManager: Aborting request for download 4119: can't know size of download, giving up
01-01 03:10:39.329  1734  1745 I content_update_sample: [content://downloads/my_downloads,insert,,540,,100]
01-01 03:10:39.339   382 11928 I content_query_sample: [content://com.android.inputmethod.latin.dictionarypack/en_US,id,,,547,,100]
01-01 03:10:39.389   492 11929 I content_update_sample: [content://downloads/all_downloads/4119,update,,356,,72]
01-01 03:10:39.459   492 11858 I content_query_sample: [content://downloads/all_downloads,,,,541,,100]
01-01 03:10:39.679   233   430 I notification_cancel: [com.android.providers.downloads,4119,NULL,0,64]
01-01 03:10:39.739   492 11936 I DownloadManager: Initiating request for download 4120
01-01 03:10:39.849   492 11936 W DownloadManager: Aborting request for download 4120: can't know size of download, giving up
01-01 03:10:39.919  1734 11938 E DictionaryProvider:UpdateHandler: Permanent failure of download 4120 with error code: 1004
01-01 03:10:39.929  1734 22969 I force_gc: Binder
01-01 03:10:39.959  1734 22969 D dalvikvm: GC_EXPLICIT freed 2549K, 23% free 9451K/12167K, paused 1ms+3ms
01-01 03:10:40.059   492 11941 I DownloadManager: Initiating request for download 4120
01-01 03:10:40.119   492 11858 I content_query_sample: [content://downloads/all_downloads,,,,52,,11]
01-01 03:10:40.179   492 11941 W DownloadManager: Aborting request for download 4120: can't know size of download, giving up
01-01 03:10:40.329   492   494 D dalvikvm: GC_CONCURRENT freed 4040K, 38% free 10256K/16327K, paused 1ms+1ms
01-01 03:10:40.419   233   545 I notification_cancel: [com.android.providers.downloads,4120,NULL,0,64]
01-01 03:10:40.489   492 11947 I DownloadManager: Initiating request for download 4121
01-01 03:10:40.609   492 11947 W DownloadManager: Aborting request for download 4121: can't know size of download, giving up
01-01 03:10:40.659   492 11947 I content_update_sample: [content://downloads/all_downloads/4121,update,,53,,11]
01-01 03:10:40.679  1734 11949 E DictionaryProvider:UpdateHandler: Permanent failure of download 4121 with error code: 1004
01-01 03:10:40.839   492 11952 I DownloadManager: Initiating request for download 4121
01-01 03:10:40.949   492 11952 W DownloadManager: Aborting request for download 4121: can't know size of download, giving up
01-01 03:10:41.119   233   244 I notification_cancel: [com.android.providers.downloads,4121,NULL,0,64]
01-01 03:10:41.159   492 11955 I DownloadManager: Initiating request for download 4122
01-01 03:10:41.279   492 11955 W DownloadManager: Aborting request for download 4122: can't know size of download, giving up
01-01 03:10:41.339  1734 11957 E DictionaryProvider:UpdateHandler: Permanent failure of download 4122 with error code: 1004
01-01 03:10:41.489   492 11963 I DownloadManager: Initiating request for download 4122
01-01 03:10:41.499   492 11858 I force_gc: Binder
01-01 03:10:41.529   492 11858 D dalvikvm: GC_EXPLICIT freed 3128K, 38% free 10274K/16327K, paused 1ms+1ms
01-01 03:10:41.609   492 11963 W DownloadManager: Aborting request for download 4122: can't know size of download, giving up
01-01 03:10:41.809   233   545 I notification_cancel: [com.android.providers.downloads,4122,NULL,0,64]
01-01 03:10:42.139   492 11963 I content_update_sample: [content://downloads/all_downloads/4122,update,,524,,100]
01-01 03:10:42.139   492 11858 I content_query_sample: [content://downloads/all_downloads/4123/headers,,,,328,,66]
01-01 03:10:42.199   492 11966 I DownloadManager: Initiating request for download 4123
01-01 03:10:42.419   492 11966 W DownloadManager: Aborting request for download 4123: can't know size of download, giving up
01-01 03:10:42.489  1734 11968 E DictionaryProvider:UpdateHandler: Permanent failure of download 4123 with error code: 1004
01-01 03:10:42.539   492 11973 I DownloadManager: Initiating request for download 4123
01-01 03:10:42.659   492 11973 W DownloadManager: Aborting request for download 4123: can't know size of download, giving up
01-01 03:10:42.729   492 11973 I content_update_sample: [content://downloads/all_downloads/4123,update,,65,,14]
01-01 03:10:42.849   233   255 I notification_cancel: [com.android.providers.downloads,4123,NULL,0,64]
01-01 03:10:42.889   492 11977 I DownloadManager: Initiating request for download 4124
01-01 03:10:43.009   492 11977 W DownloadManager: Aborting request for download 4124: can't know size of download, giving up
01-01 03:10:43.079  1734 11979 E DictionaryProvider:UpdateHandler: Permanent failure of download 4124 with error code: 1004
01-01 03:10:43.129  1734  1746 I content_update_sample: [content://downloads/my_downloads,insert,,43,,9]
01-01 03:10:43.209   492 11982 I DownloadManager: Initiating request for download 4124
01-01 03:10:43.269   492 11858 I content_query_sample: [content://downloads/all_downloads,,,,54,,11]
01-01 03:10:43.349   492 11982 W DownloadManager: Aborting request for download 4124: can't know size of download, giving up
01-01 03:10:43.379   492   494 D dalvikvm: GC_CONCURRENT freed 3966K, 37% free 10318K/16327K, paused 1ms+1ms
01-01 03:10:43.549   233   550 I notification_cancel: [com.android.providers.downloads,4124,NULL,0,64]
01-01 03:10:43.589   492 11985 I DownloadManager: Initiating request for download 4125
01-01 03:10:43.719   492 11985 W DownloadManager: Aborting request for download 4125: can't know size of download, giving up
01-01 03:10:43.789  1734 11990 E DictionaryProvider:UpdateHandler: Permanent failure of download 4125 with error code: 1004
01-01 03:10:43.919   492 11993 I DownloadManager: Initiating request for download 4125
01-01 03:10:43.979   492 11858 I content_query_sample: [content://downloads/all_downloads,,,,53,,11]
01-01 03:10:44.039   492 11993 W DownloadManager: Aborting request for download 4125: can't know size of download, giving up
01-01 03:10:44.199   233   429 I notification_cancel: [com.android.providers.downloads,4125,NULL,0,64]
01-01 03:10:44.249   492 11996 I DownloadManager: Initiating request for download 4126
01-01 03:10:44.399   492 11996 W DownloadManager: Aborting request for download 4126: can't know size of download, giving up
01-01 03:10:44.469  1734 11998 E DictionaryProvider:UpdateHandler: Permanent failure of download 4126 with error code: 1004
01-01 03:10:44.549   492 12000 I DownloadManager: Initiating request for download 4126
01-01 03:10:44.669   492 12000 W DownloadManager: Aborting request for download 4126: can't know size of download, giving up
01-01 03:10:45.039  1734 22969 I content_update_sample: [content://downloads/my_downloads,insert,,558,,100]
01-01 03:10:45.039   382 11999 I content_query_sample: [content://com.android.inputmethod.latin.dictionarypack/en_US,id,,,566,,100]
01-01 03:10:45.099   492 12000 I content_update_sample: [content://downloads/all_downloads/4126,update,,433,,87]
01-01 03:10:45.159   492 11858 I content_query_sample: [content://downloads/all_downloads,,,,606,,100]
01-01 03:10:45.329   492   494 D dalvikvm: GC_CONCURRENT freed 4052K, 38% free 10286K/16327K, paused 1ms+1ms
01-01 03:10:45.429   233   519 I notification_cancel: [com.android.providers.downloads,4126,NULL,0,64]
01-01 03:10:45.469   492 11858 I content_update_sample: [content://downloads/all_downloads/4127,update,,47,,10]
01-01 03:10:45.479   492 12007 I DownloadManager: Initiating request for download 4127
01-01 03:10:45.539   492 11858 I content_query_sample: [content://downloads/all_downloads,,,,52,,11]
01-01 03:10:45.599   492 12007 W DownloadManager: Aborting request for download 4127: can't know size of download, giving up
01-01 03:10:45.659  1734 12009 E DictionaryProvider:UpdateHandler: Permanent failure of download 4127 with error code: 1004
01-01 03:10:45.729   382 12010 I content_query_sample: [content://com.android.inputmethod.latin.dictionarypack/en_US,id,,,53,,11]
01-01 03:10:45.799   492 12015 I DownloadManager: Initiating request for download 4127
01-01 03:10:45.919   492 12015 W DownloadManager: Aborting request for download 4127: can't know size of download, giving up
01-01 03:10:46.089   233   471 I notification_cancel: [com.android.providers.downloads,4127,NULL,0,64]
01-01 03:10:46.119   492 11858 I content_update_sample: [content://downloads/all_downloads/4128,update,,36,,8]
01-01 03:10:46.129   492 12019 I DownloadManager: Initiating request for download 4128
01-01 03:10:46.249   492 12019 W DownloadManager: Aborting request for download 4128: can't know size of download, giving up
01-01 03:10:46.299  1734 12021 E DictionaryProvider:UpdateHandler: Permanent failure of download 4128 with error code: 1004
01-01 03:10:46.439   492 12024 I DownloadManager: Initiating request for download 4128
01-01 03:10:46.569   492 12024 W DownloadManager: Aborting request for download 4128: can't know size of download, giving up
01-01 03:10:46.729   492   494 D dalvikvm: GC_CONCURRENT freed 4024K, 38% free 10280K/16327K, paused 2ms+1ms
01-01 03:10:46.759   233   473 I notification_cancel: [com.android.providers.downloads,4128,NULL,0,64]
01-01 03:10:46.979   492 12030 I DownloadManager: Initiating request for download 4129
01-01 03:10:47.039   492 11858 I content_query_sample: [content://downloads/all_downloads,,,,53,,11]
01-01 03:10:47.099   492 12030 W DownloadManager: Aborting request for download 4129: can't know size of download, giving up
01-01 03:10:47.149   492 12030 I content_update_sample: [content://downloads/all_downloads/4129,update,,48,,10]
01-01 03:10:47.159  1734 12032 E DictionaryProvider:UpdateHandler: Permanent failure of download 4129 with error code: 1004
01-01 03:10:47.299   233   546 I force_gc: Binder
01-01 03:10:47.349   233   546 D dalvikvm: GC_EXPLICIT freed 1310K, 25% free 13311K/17607K, paused 2ms+3ms
01-01 03:10:47.349   492 12035 I DownloadManager: Initiating request for download 4129
01-01 03:10:47.469   492 12035 W DownloadManager: Aborting request for download 4129: can't know size of download, giving up
01-01 03:10:47.599   233   255 I notification_cancel: [com.android.providers.downloads,4129,NULL,0,64]
01-01 03:10:47.989   492 11858 I content_query_sample: [content://downloads/all_downloads/4130/headers,,,,382,,77]
01-01 03:10:47.989   492 12035 I content_update_sample: [content://downloads/all_downloads/4129,update,,518,,100]
01-01 03:10:48.039   492 11858 I content_update_sample: [content://downloads/all_downloads/4130,update,,57,,12]
01-01 03:10:48.049   492 12041 I DownloadManager: Initiating request for download 4130
01-01 03:10:48.169   492 12041 W DownloadManager: Aborting request for download 4130: can't know size of download, giving up
01-01 03:10:48.229  1734 12043 E DictionaryProvider:UpdateHandler: Permanent failure of download 4130 with error code: 1004
01-01 03:10:48.369   492 12046 I DownloadManager: Initiating request for download 4130
01-01 03:10:48.489   492 12046 W DownloadManager: Aborting request for download 4130: can't know size of download, giving up
01-01 03:10:48.649   233   471 I notification_cancel: [com.android.providers.downloads,4130,NULL,0,64]
01-01 03:10:48.699   492 12049 I DownloadManager: Initiating request for download 4131
01-01 03:10:48.739   492   494 D dalvikvm: GC_CONCURRENT freed 3953K, 37% free 10307K/16327K, paused 1ms+2ms
01-01 03:10:48.879   108   108 E ia_watchdog: Timer interrupt
01-01 03:10:48.879   108   108 E ia_watchdog: waiting for a timer interrupt
01-01 03:10:48.879 11858   492 I KERNEL  : [ 3770.567560] intel_scu_watchdog: Expected SW WDT warning irq received
01-01 03:10:48.879 11858   492 I KERNEL  : [ 3770.568044] intel_scu_watchdog: interrupt tasklet body start
01-01 03:10:48.879   108   108 I KERNEL  : [ 3770.568544] intel_scu_watchdog: watchdog_keepalive
01-01 03:10:48.929   492 12049 W DownloadManager: Aborting request for download 4131: can't know size of download, giving up
01-01 03:10:48.989  1734 12054 E DictionaryProvider:UpdateHandler: Permanent failure of download 4131 with error code: 1004
01-01 03:10:49.039   492 12056 I DownloadManager: Initiating request for download 4131
01-01 03:10:49.159   492 12056 W DownloadManager: Aborting request for download 4131: can't know size of download, giving up
01-01 03:10:49.339   233   545 I notification_cancel: [com.android.providers.downloads,4131,NULL,0,64]
01-01 03:10:49.379   492 11858 I content_update_sample: [content://downloads/all_downloads/4132,update,,34,,7]
01-01 03:10:49.379   492 12060 I DownloadManager: Initiating request for download 4132
01-01 03:10:49.499   492 12060 W DownloadManager: Aborting request for download 4132: can't know size of download, giving up
01-01 03:10:49.549  1734 12062 E DictionaryProvider:UpdateHandler: Permanent failure of download 4132 with error code: 1004
01-01 03:10:49.689   492 12065 I DownloadManager: Initiating request for download 4132
01-01 03:10:49.749   492 11858 I content_query_sample: [content://downloads/all_downloads,,,,53,,11]
01-01 03:10:49.809   492 12065 W DownloadManager: Aborting request for download 4132: can't know size of download, giving up
01-01 03:10:49.979   233   519 I notification_cancel: [com.android.providers.downloads,4132,NULL,0,64]
01-01 03:10:50.019   492 12068 I DownloadManager: Initiating request for download 4133
01-01 03:10:50.139   492 12068 W DownloadManager: Aborting request for download 4133: can't know size of download, giving up
01-01 03:10:50.169   492   494 D dalvikvm: GC_CONCURRENT freed 4001K, 37% free 10314K/16327K, paused 1ms+1ms
01-01 03:10:50.209  1734 12073 E DictionaryProvider:UpdateHandler: Permanent failure of download 4133 with error code: 1004
01-01 03:10:50.369   492 12075 I DownloadManager: Initiating request for download 4133
01-01 03:10:50.489   492 12075 W DownloadManager: Aborting request for download 4133: can't know size of download, giving up
01-01 03:10:50.779  1734  1745 I content_update_sample: [content://downloads/my_downloads,insert,,560,,100]
01-01 03:10:50.779   382 12074 I content_query_sample: [content://com.android.inputmethod.latin.dictionarypack/en_US,id,,,568,,100]
01-01 03:10:50.909   492 11858 I content_query_sample: [content://downloads/all_downloads,,,,534,,100]
01-01 03:10:51.129   233   428 I notification_cancel: [com.android.providers.downloads,4133,NULL,0,64]
01-01 03:10:51.179   492 12082 I DownloadManager: Initiating request for download 4134
01-01 03:10:51.299   492 12082 W DownloadManager: Aborting request for download 4134: can't know size of download, giving up
01-01 03:10:51.369  1734 12084 E DictionaryProvider:UpdateHandler: Permanent failure of download 4134 with error code: 1004
01-01 03:10:51.499   492 12087 I DownloadManager: Initiating request for download 4134
01-01 03:10:51.619   492 12087 W DownloadManager: Aborting request for download 4134: can't know size of download, giving up
01-01 03:10:51.779   233   545 I notification_cancel: [com.android.providers.downloads,4134,NULL,0,64]
01-01 03:10:51.819   492 11858 I content_update_sample: [content://downloads/all_downloads/4135,update,,38,,8]
01-01 03:10:51.829   492 12090 I DownloadManager: Initiating request for download 4135
01-01 03:10:52.039   492   494 D dalvikvm: GC_CONCURRENT freed 4015K, 37% free 10327K/16327K, paused 2ms+1ms
01-01 03:10:52.049   492 12090 W DownloadManager: Aborting request for download 4135: can't know size of download, giving up
01-01 03:10:52.099  1734 12092 E DictionaryProvider:UpdateHandler: Permanent failure of download 4135 with error code: 1004
01-01 03:10:52.199   492 12098 I DownloadManager: Initiating request for download 4135
01-01 03:10:52.319   492 12098 W DownloadManager: Aborting request for download 4135: can't know size of download, giving up
01-01 03:10:52.499   233   546 I notification_cancel: [com.android.providers.downloads,4135,NULL,0,64]
01-01 03:10:52.549   492 12101 I DownloadManager: Initiating request for download 4136
01-01 03:10:52.669   492 12101 W DownloadManager: Aborting request for download 4136: can't know size of download, giving up
01-01 03:10:52.719  1734 12103 E DictionaryProvider:UpdateHandler: Permanent failure of download 4136 with error code: 1004
01-01 03:10:52.779  1734  1745 I content_update_sample: [content://downloads/my_downloads,insert,,40,,9]
01-01 03:10:52.859   492 12106 I DownloadManager: Initiating request for download 4136
01-01 03:10:52.979   492 12106 W DownloadManager: Aborting request for download 4136: can't know size of download, giving up
01-01 03:10:53.159   233   428 I notification_cancel: [com.android.providers.downloads,4136,NULL,0,64]
01-01 03:10:53.199   492 12109 I DownloadManager: Initiating request for download 4137
01-01 03:10:53.319   492 12109 W DownloadManager: Aborting request for download 4137: can't know size of download, giving up
01-01 03:10:53.369  1734 12114 E DictionaryProvider:UpdateHandler: Permanent failure of download 4137 with error code: 1004
01-01 03:10:53.509   492   494 D dalvikvm: GC_CONCURRENT freed 4058K, 37% free 10287K/16327K, paused 1ms+2ms
01-01 03:10:53.569   492 12117 I DownloadManager: Initiating request for download 4137
01-01 03:10:53.689   492 12117 W DownloadManager: Aborting request for download 4137: can't know size of download, giving up
01-01 03:10:53.869   233   473 I notification_cancel: [com.android.providers.downloads,4137,NULL,0,64]
01-01 03:10:54.389   492 11858 I content_update_sample: [content://downloads/all_downloads/4138,update,,519,,100]
01-01 03:10:54.389   492 12123 I DownloadManager: Initiating request for download 4138
01-01 03:10:54.459   492 11858 I content_query_sample: [content://downloads/all_downloads,,,,59,,12]
01-01 03:10:54.509   492 12123 W DownloadManager: Aborting request for download 4138: can't know size of download, giving up
01-01 03:10:54.589  1734 12125 E DictionaryProvider:UpdateHandler: Permanent failure of download 4138 with error code: 1004
01-01 03:10:54.709   492 12128 I DownloadManager: Initiating request for download 4138
01-01 03:10:54.829   492 12128 W DownloadManager: Aborting request for download 4138: can't know size of download, giving up
01-01 03:10:54.999   233   524 I notification_cancel: [com.android.providers.downloads,4138,NULL,0,64]
01-01 03:10:55.049   492 12131 I DownloadManager: Initiating request for download 4139
01-01 03:10:55.169   492 12131 W DownloadManager: Aborting request for download 4139: can't know size of download, giving up
01-01 03:10:55.229  1734 12133 E DictionaryProvider:UpdateHandler: Permanent failure of download 4139 with error code: 1004
01-01 03:10:55.399   492   494 D dalvikvm: GC_CONCURRENT freed 4032K, 38% free 10270K/16327K, paused 1ms+1ms
01-01 03:10:55.409   492 12139 I DownloadManager: Initiating request for download 4139
01-01 03:10:55.529   492 12139 W DownloadManager: Aborting request for download 4139: can't know size of download, giving up
01-01 03:10:55.709   233   233 I notification_cancel: [com.android.providers.downloads,4139,NULL,0,64]
01-01 03:10:55.749   492 12142 I DownloadManager: Initiating request for download 4140
01-01 03:10:55.869   492 12142 W DownloadManager: Aborting request for download 4140: can't know size of download, giving up
01-01 03:10:55.939  1734 12144 E DictionaryProvider:UpdateHandler: Permanent failure of download 4140 with error code: 1004
01-01 03:10:55.999   382 12145 I content_query_sample: [content://com.android.inputmethod.latin.dictionarypack/en_US,id,,,47,,10]
01-01 03:10:56.069   492 12147 I DownloadManager: Initiating request for download 4140
01-01 03:10:56.199   492 12147 W DownloadManager: Aborting request for download 4140: can't know size of download, giving up
01-01 03:10:56.359   233   519 I notification_cancel: [com.android.providers.downloads,4140,NULL,0,64]
01-01 03:10:56.399   492 12150 I DownloadManager: Initiating request for download 4141
01-01 03:10:56.469   492 11858 I content_query_sample: [content://downloads/all_downloads,,,,59,,12]
01-01 03:10:56.529   492 12150 W DownloadManager: Aborting request for download 4141: can't know size of download, giving up
01-01 03:10:56.589  1734 12155 E DictionaryProvider:UpdateHandler: Permanent failure of download 4141 with error code: 1004
01-01 03:10:56.729   492 12157 I DownloadManager: Initiating request for download 4141
01-01 03:10:56.839   492 12157 W DownloadManager: Aborting request for download 4141: can't know size of download, giving up
01-01 03:10:57.139  1734  1752 I content_update_sample: [content://downloads/my_downloads,insert,,538,,100]
01-01 03:10:57.149   382 12156 I content_query_sample: [content://com.android.inputmethod.latin.dictionarypack/en_US,id,,,546,,100]
01-01 03:10:57.219   492 12157 I content_update_sample: [content://downloads/all_downloads/4141,update,,373,,75]
01-01 03:10:57.269   492 11858 I content_query_sample: [content://downloads/all_downloads,,,,538,,100]
01-01 03:10:57.339   492   494 D dalvikvm: GC_CONCURRENT freed 3972K, 37% free 10318K/16327K, paused 1ms+2ms
01-01 03:10:57.529   233   473 I notification_cancel: [com.android.providers.downloads,4141,NULL,0,64]
01-01 03:10:57.579   492 12164 I DownloadManager: Initiating request for download 4142
01-01 03:10:57.699   492 12164 W DownloadManager: Aborting request for download 4142: can't know size of download, giving up
01-01 03:10:57.769  1734 12166 E DictionaryProvider:UpdateHandler: Permanent failure of download 4142 with error code: 1004
01-01 03:10:57.829  1734  3271 I content_update_sample: [content://downloads/my_downloads,insert,,46,,10]
01-01 03:10:57.899   492 12169 I DownloadManager: Initiating request for download 4142
01-01 03:10:58.019   492 12169 W DownloadManager: Aborting request for download 4142: can't know size of download, giving up
01-01 03:10:58.189   233   524 I notification_cancel: [com.android.providers.downloads,4142,NULL,0,64]
01-01 03:10:58.229   492 12172 I force_gc: Binder
01-01 03:10:58.269   492 12172 D dalvikvm: GC_EXPLICIT freed 2744K, 37% free 10295K/16327K, paused 2ms+2ms
01-01 03:10:58.269   492 12172 I DownloadManager: Initiating request for download 4143
01-01 03:10:58.389   492 12172 W DownloadManager: Aborting request for download 4143: can't know size of download, giving up
01-01 03:10:58.449  1734 12174 E DictionaryProvider:UpdateHandler: Permanent failure of download 4143 with error code: 1004
01-01 03:10:58.569   492 12177 I DownloadManager: Initiating request for download 4143
01-01 03:10:58.689   492 12177 W DownloadManager: Aborting request for download 4143: can't know size of download, giving up
01-01 03:10:58.869   233   519 I notification_cancel: [com.android.providers.downloads,4143,NULL,0,64]
01-01 03:10:58.909   233   430 I force_gc: Binder
01-01 03:10:58.949   233   430 D dalvikvm: GC_EXPLICIT freed 1006K, 25% free 13310K/17607K, paused 2ms+3ms
01-01 03:10:58.959   492 12183 I DownloadManager: Initiating request for download 4144
01-01 03:10:59.079   492 12183 W DownloadManager: Aborting request for download 4144: can't know size of download, giving up
01-01 03:10:59.139  1734 12185 E DictionaryProvider:UpdateHandler: Permanent failure of download 4144 with error code: 1004
01-01 03:10:59.269   492 12188 I DownloadManager: Initiating request for download 4144
01-01 03:10:59.329   492 11858 I content_query_sample: [content://downloads/all_downloads,,,,53,,11]
01-01 03:10:59.389   492 12188 W DownloadManager: Aborting request for download 4144: can't know size of download, giving up
01-01 03:10:59.549   233   233 I notification_cancel: [com.android.providers.downloads,4144,NULL,0,64]
01-01 03:10:59.909   492 12188 I content_update_sample: [content://downloads/all_downloads/4144,update,,523,,100]
01-01 03:10:59.909   492 11858 I content_query_sample: [content://downloads/all_downloads/4145/headers,,,,356,,72]
01-01 03:10:59.969   492 11858 I content_update_sample: [content://downloads/all_downloads/4145,update,,58,,12]
01-01 03:10:59.969   492 12194 I DownloadManager: Initiating request for download 4145
01-01 03:11:00.089   492 12194 W DownloadManager: Aborting request for download 4145: can't know size of download, giving up
01-01 03:11:00.129   492   494 D dalvikvm: GC_CONCURRENT freed 3957K, 37% free 10347K/16327K, paused 1ms+2ms
01-01 03:11:00.139   492 12194 I content_update_sample: [content://downloads/all_downloads/4145,update,,50,,11]
01-01 03:11:00.159  1734 12196 E DictionaryProvider:UpdateHandler: Permanent failure of download 4145 with error code: 1004
01-01 03:11:00.359   492 12199 I DownloadManager: Initiating request for download 4145
01-01 03:11:00.479   492 12199 W DownloadManager: Aborting request for download 4145: can't know size of download, giving up
01-01 03:11:00.649   233   473 I notification_cancel: [com.android.providers.downloads,4145,NULL,0,64]
01-01 03:11:00.689   492 12202 I DownloadManager: Initiating request for download 4146
01-01 03:11:00.819   492 12202 W DownloadManager: Aborting request for download 4146: can't know size of download, giving up
01-01 03:11:01.339   492 12202 I content_update_sample: [content://downloads/all_downloads/4146,update,,521,,100]
01-01 03:11:01.409  1734 12208 E DictionaryProvider:UpdateHandler: Permanent failure of download 4146 with error code: 1004
01-01 03:11:01.639   233   428 I notification_cancel: [com.android.providers.downloads,4146,NULL,0,64]
01-01 03:11:01.709   492 12207 I content_query_sample: [content://downloads/all_downloads,,,,53,,11]
01-01 03:11:01.849   492   494 D dalvikvm: GC_CONCURRENT freed 4068K, 38% free 10264K/16327K, paused 2ms+4ms
01-01 03:11:02.019   492 12214 I DownloadManager: Initiating request for download 4147
01-01 03:11:02.239   492 12214 W DownloadManager: Aborting request for download 4147: can't know size of download, giving up
01-01 03:11:02.299  1734 12216 E DictionaryProvider:UpdateHandler: Permanent failure of download 4147 with error code: 1004
01-01 03:11:02.349   492 12218 I DownloadManager: Initiating request for download 4147
01-01 03:11:02.569   492 12218 W DownloadManager: Aborting request for download 4147: can't know size of download, giving up
01-01 03:11:02.619   492 12218 I content_update_sample: [content://downloads/all_downloads/4147,update,,42,,9]
01-01 03:11:02.649   233   428 I notification_cancel: [com.android.providers.downloads,4147,NULL,0,64]
01-01 03:11:02.689   492 12222 I DownloadManager: Initiating request for download 4148
01-01 03:11:02.749   492 12207 I content_query_sample: [content://downloads/all_downloads,,,,54,,11]
01-01 03:11:02.809   492 12222 W DownloadManager: Aborting request for download 4148: can't know size of download, giving up
01-01 03:11:02.839   492 12222 I content_update_sample: [content://downloads/all_downloads/4148,update,,38,,8]
01-01 03:11:02.859  1734 12224 E DictionaryProvider:UpdateHandler: Permanent failure of download 4148 with error code: 1004
01-01 03:11:03.009   492 12229 I DownloadManager: Initiating request for download 4148
01-01 03:11:03.139   492 12229 W DownloadManager: Aborting request for download 4148: can't know size of download, giving up
01-01 03:11:03.429  1734  3271 I content_update_sample: [content://downloads/my_downloads,insert,,550,,100]
01-01 03:11:03.429   382 12225 I content_query_sample: [content://com.android.inputmethod.latin.dictionarypack/en_US,id,,,557,,100]
01-01 03:11:03.499   492 12229 I content_update_sample: [content://downloads/all_downloads/4148,update,,366,,74]
01-01 03:11:03.559   492 12207 I content_query_sample: [content://downloads/all_downloads,,,,545,,100]
01-01 03:11:03.739   492   494 D dalvikvm: GC_CONCURRENT freed 3996K, 38% free 10285K/16327K, paused 1ms+1ms
01-01 03:11:03.819   233   430 I notification_cancel: [com.android.providers.downloads,4148,NULL,0,64]
01-01 03:11:03.869   492 12233 I DownloadManager: Initiating request for download 4149
01-01 03:11:03.989   492 12233 W DownloadManager: Aborting request for download 4149: can't know size of download, giving up
01-01 03:11:04.029   492 12233 I content_update_sample: [content://downloads/all_downloads/4149,update,,46,,10]
01-01 03:11:04.039  1734 12238 I force_gc: Binder
01-01 03:11:04.069  1734 12238 D dalvikvm: GC_EXPLICIT freed 2582K, 23% free 9462K/12167K, paused 1ms+3ms
01-01 03:11:04.079  1734 12238 E DictionaryProvider:UpdateHandler: Permanent failure of download 4149 with error code: 1004
01-01 03:11:04.149  1734  1745 I content_update_sample: [content://downloads/my_downloads,insert,,45,,10]
01-01 03:11:04.219   492 12241 I DownloadManager: Initiating request for download 4149
01-01 03:11:04.329   492 12241 W DownloadManager: Aborting request for download 4149: can't know size of download, giving up
01-01 03:11:04.519   233   255 I notification_cancel: [com.android.providers.downloads,4149,NULL,0,64]
01-01 03:11:04.559   492 12244 I DownloadManager: Initiating request for download 4150
01-01 03:11:04.679   492 12244 W DownloadManager: Aborting request for download 4150: can't know size of download, giving up
01-01 03:11:04.729  1734 12246 E DictionaryProvider:UpdateHandler: Permanent failure of download 4150 with error code: 1004
01-01 03:11:04.879   492 12249 I DownloadManager: Initiating request for download 4150
01-01 03:11:04.999   492 12249 W DownloadManager: Aborting request for download 4150: can't know size of download, giving up
01-01 03:11:05.209   492   494 D dalvikvm: GC_CONCURRENT freed 4017K, 38% free 10272K/16327K, paused 1ms+2ms
01-01 03:11:05.239   233   429 I notification_cancel: [com.android.providers.downloads,4150,NULL,0,64]
01-01 03:11:05.289   492 12255 I DownloadManager: Initiating request for download 4151
01-01 03:11:05.409   492 12255 W DownloadManager: Aborting request for download 4151: can't know size of download, giving up
01-01 03:11:05.459   492 12255 I content_update_sample: [content://downloads/all_downloads/4151,update,,46,,10]
01-01 03:11:05.469  1734 12257 E DictionaryProvider:UpdateHandler: Permanent failure of download 4151 with error code: 1004
01-01 03:11:05.619   492 12260 I DownloadManager: Initiating request for download 4151
01-01 03:11:05.729   492 12260 W DownloadManager: Aborting request for download 4151: can't know size of download, giving up
01-01 03:11:05.909   233   430 I notification_cancel: [com.android.providers.downloads,4151,NULL,0,64]
01-01 03:11:06.429   492 12207 I content_update_sample: [content://downloads/all_downloads/4152,update,,520,,100]
01-01 03:11:06.439   492 12266 I DownloadManager: Initiating request for download 4152
01-01 03:11:06.559   492 12266 W DownloadManager: Aborting request for download 4152: can't know size of download, giving up
01-01 03:11:06.699  1734 12268 E DictionaryProvider:UpdateHandler: Permanent failure of download 4152 with error code: 1004
01-01 03:11:06.759   492 12270 I DownloadManager: Initiating request for download 4152
01-01 03:11:06.879   492 12270 W DownloadManager: Aborting request for download 4152: can't know size of download, giving up
01-01 03:11:06.919   492 12270 I content_update_sample: [content://downloads/all_downloads/4152,update,,39,,8]
01-01 03:11:07.049   233   255 I notification_cancel: [com.android.providers.downloads,4152,NULL,0,64]
01-01 03:11:07.089   492   494 D dalvikvm: GC_CONCURRENT freed 3977K, 38% free 10267K/16327K, paused 1ms+1ms
01-01 03:11:07.109   492 12207 I content_update_sample: [content://downloads/all_downloads/4153,update,,39,,8]
01-01 03:11:07.109   492 12274 I DownloadManager: Initiating request for download 4153
01-01 03:11:07.229   492 12274 W DownloadManager: Aborting request for download 4153: can't know size of download, giving up
01-01 03:11:07.279  1734 12279 E DictionaryProvider:UpdateHandler: Permanent failure of download 4153 with error code: 1004
01-01 03:11:07.339  1734  1752 I content_update_sample: [content://downloads/my_downloads,insert,,41,,9]
01-01 03:11:07.449   492 12282 I DownloadManager: Initiating request for download 4153
01-01 03:11:07.569   492 12282 W DownloadManager: Aborting request for download 4153: can't know size of download, giving up
01-01 03:11:07.619   492 12282 I content_update_sample: [content://downloads/all_downloads/4153,update,,47,,10]
01-01 03:11:07.749   233   471 I notification_cancel: [com.android.providers.downloads,4153,NULL,0,64]
01-01 03:11:07.789   492 12285 I DownloadManager: Initiating request for download 4154
01-01 03:11:07.909   492 12285 W DownloadManager: Aborting request for download 4154: can't know size of download, giving up
01-01 03:11:07.959  1734 12287 E DictionaryProvider:UpdateHandler: Permanent failure of download 4154 with error code: 1004
01-01 03:11:08.109   492 12290 I DownloadManager: Initiating request for download 4154
01-01 03:11:08.229   492 12290 W DownloadManager: Aborting request for download 4154: can't know size of download, giving up
01-01 03:11:08.419   233   550 I notification_cancel: [com.android.providers.downloads,4154,NULL,0,64]
01-01 03:11:08.459   492 12296 I DownloadManager: Initiating request for download 4155
01-01 03:11:08.569   492   494 D dalvikvm: GC_CONCURRENT freed 3913K, 37% free 10355K/16327K, paused 1ms+2ms
01-01 03:11:08.579   492 12296 W DownloadManager: Aborting request for download 4155: can't know size of download, giving up
