01-01 03:04:45.849   492  8267 I DownloadManager: Initiating request for download 3771
01-01 03:04:45.969   492  8267 W DownloadManager: Aborting request for download 3771: can't know size of download, giving up
01-01 03:04:46.269  1734 22969 I content_update_sample: [content://downloads/my_downloads,insert,,541,,100]
01-01 03:04:46.269   382  8266 I content_query_sample: [content://com.android.inputmethod.latin.dictionarypack/en_US,id,,,548,,100]
01-01 03:04:46.329   492  8267 I content_update_sample: [content://downloads/all_downloads/3771,update,,356,,72]
01-01 03:04:46.389   492  8256 I content_query_sample: [content://downloads/all_downloads,,,,530,,100]
01-01 03:04:46.619   233   430 I notification_cancel: [com.android.providers.downloads,3771,NULL,0,64]
01-01 03:04:46.669   492  8274 I DownloadManager: Initiating request for download 3772
01-01 03:04:46.789   492  8274 W DownloadManager: Aborting request for download 3772: can't know size of download, giving up
01-01 03:04:46.859  1734  8276 E DictionaryProvider:UpdateHandler: Permanent failure of download 3772 with error code: 1004
01-01 03:04:47.019   492   494 D dalvikvm: GC_CONCURRENT freed 4012K, 37% free 10305K/16327K, paused 1ms+2ms
01-01 03:04:47.039   492  8279 I DownloadManager: Initiating request for download 3772
01-01 03:04:47.159   492  8279 W DownloadManager: Aborting request for download 3772: can't know size of download, giving up
01-01 03:04:47.359   233   245 I notification_cancel: [com.android.providers.downloads,3772,NULL,0,64]
01-01 03:04:47.409   492  8285 I DownloadManager: Initiating request for download 3773
01-01 03:04:47.529   492  8285 W DownloadManager: Aborting request for download 3773: can't know size of download, giving up
01-01 03:04:47.609  1734  8287 E DictionaryProvider:UpdateHandler: Permanent failure of download 3773 with error code: 1004
01-01 03:04:47.769   492  8290 I DownloadManager: Initiating request for download 3773
01-01 03:04:47.899   492  8290 W DownloadManager: Aborting request for download 3773: can't know size of download, giving up
01-01 03:04:48.079   233   524 I notification_cancel: [com.android.providers.downloads,3773,NULL,0,64]
01-01 03:04:48.129   492  8293 I DownloadManager: Initiating request for download 3774
01-01 03:04:48.249   492  8293 W DownloadManager: Aborting request for download 3774: can't know size of download, giving up
01-01 03:04:48.309  1734  8295 E DictionaryProvider:UpdateHandler: Permanent failure of download 3774 with error code: 1004
01-01 03:04:48.379   382  8296 I content_query_sample: [content://com.android.inputmethod.latin.dictionarypack/en_US,id,,,52,,11]
01-01 03:04:48.499   492   494 D dalvikvm: GC_CONCURRENT freed 4013K, 37% free 10297K/16327K, paused 1ms+1ms
01-01 03:04:48.509   492  8301 I DownloadManager: Initiating request for download 3774
01-01 03:04:48.629   492  8301 W DownloadManager: Aborting request for download 3774: can't know size of download, giving up
01-01 03:04:48.809   233   245 I notification_cancel: [com.android.providers.downloads,3774,NULL,0,64]
01-01 03:04:49.159   492  8256 I content_query_sample: [content://downloads/all_downloads/3775/headers,,,,346,,70]
01-01 03:04:49.159   492  8301 I content_update_sample: [content://downloads/all_downloads/3774,update,,533,,100]
01-01 03:04:49.229   492  8304 I DownloadManager: Initiating request for download 3775
01-01 03:04:49.439   492  8304 W DownloadManager: Aborting request for download 3775: can't know size of download, giving up
01-01 03:04:49.519  1734  8309 E DictionaryProvider:UpdateHandler: Permanent failure of download 3775 with error code: 1004
01-01 03:04:49.559   492  8311 I DownloadManager: Initiating request for download 3775
01-01 03:04:49.589  1734  1752 I force_gc: Binder
01-01 03:04:49.609  1734  1752 D dalvikvm: GC_EXPLICIT freed 2533K, 23% free 9459K/12167K, paused 2ms+3ms
01-01 03:04:49.679   492  8311 W DownloadManager: Aborting request for download 3775: can't know size of download, giving up
01-01 03:04:49.909   233   430 I notification_cancel: [com.android.providers.downloads,3775,NULL,0,64]
01-01 03:04:49.949   492  8315 I DownloadManager: Initiating request for download 3776
01-01 03:04:50.059   492  8315 W DownloadManager: Aborting request for download 3776: can't know size of download, giving up
01-01 03:04:50.119  1734  8317 E DictionaryProvider:UpdateHandler: Permanent failure of download 3776 with error code: 1004
01-01 03:04:50.339   492   494 D dalvikvm: GC_CONCURRENT freed 3990K, 37% free 10314K/16327K, paused 1ms+1ms
01-01 03:04:50.339   492  8320 I DownloadManager: Initiating request for download 3776
01-01 03:04:50.459   492  8320 W DownloadManager: Aborting request for download 3776: can't know size of download, giving up
01-01 03:04:50.519   492  8320 I content_update_sample: [content://downloads/all_downloads/3776,update,,55,,12]
01-01 03:04:50.649   233   245 I notification_cancel: [com.android.providers.downloads,3776,NULL,0,64]
01-01 03:04:50.699   492  8326 I DownloadManager: Initiating request for download 3777
01-01 03:04:50.819   492  8326 W DownloadManager: Aborting request for download 3777: can't know size of download, giving up
01-01 03:04:50.869   492   509 I force_gc: Binder
01-01 03:04:50.909   492   509 D dalvikvm: GC_EXPLICIT freed 1476K, 37% free 10315K/16327K, paused 1ms+1ms
01-01 03:04:50.909  1734  8328 E DictionaryProvider:UpdateHandler: Permanent failure of download 3777 with error code: 1004
01-01 03:04:51.059   492  8331 I DownloadManager: Initiating request for download 3777
01-01 03:04:51.179   492  8331 W DownloadManager: Aborting request for download 3777: can't know size of download, giving up
01-01 03:04:51.369   233   524 I notification_cancel: [com.android.providers.downloads,3777,NULL,0,64]
01-01 03:04:51.409   492  8334 I DownloadManager: Initiating request for download 3778
01-01 03:04:51.529   492  8334 W DownloadManager: Aborting request for download 3778: can't know size of download, giving up
01-01 03:04:51.589  1734  8338 E DictionaryProvider:UpdateHandler: Permanent failure of download 3778 with error code: 1004
01-01 03:04:51.649  1734  1745 I content_update_sample: [content://downloads/my_downloads,insert,,43,,9]
01-01 03:04:51.749   492  8342 I DownloadManager: Initiating request for download 3778
01-01 03:04:51.869   492  8342 W DownloadManager: Aborting request for download 3778: can't know size of download, giving up
01-01 03:04:52.049   233   245 I notification_cancel: [com.android.providers.downloads,3778,NULL,0,64]
01-01 03:04:52.209   492  8342 I content_update_sample: [content://downloads/all_downloads/3778,update,,342,,69]
01-01 03:04:52.269   492  8345 I DownloadManager: Initiating request for download 3779
01-01 03:04:52.379   492  8256 I content_query_sample: [content://downloads/all_downloads,,,,90,,19]
01-01 03:04:52.399   492  8345 W DownloadManager: Aborting request for download 3779: can't know size of download, giving up
01-01 03:04:52.459  1734  8347 E DictionaryProvider:UpdateHandler: Permanent failure of download 3779 with error code: 1004
01-01 03:04:52.559   492   494 D dalvikvm: GC_CONCURRENT freed 3991K, 37% free 10331K/16327K, paused 1ms+2ms
01-01 03:04:52.699   492  8353 I DownloadManager: Initiating request for download 3779
01-01 03:04:52.819   492  8353 W DownloadManager: Aborting request for download 3779: can't know size of download, giving up
01-01 03:04:53.009   233   245 I notification_cancel: [com.android.providers.downloads,3779,NULL,0,64]
01-01 03:04:53.379   492  8353 I content_update_sample: [content://downloads/all_downloads/3779,update,,556,,100]
01-01 03:04:53.379   492  8256 I content_query_sample: [content://downloads/all_downloads/3780/headers,,,,374,,75]
01-01 03:04:53.439   492  8356 I DownloadManager: Initiating request for download 3780
01-01 03:04:53.559   492  8356 W DownloadManager: Aborting request for download 3780: can't know size of download, giving up
01-01 03:04:53.629  1734  8358 E DictionaryProvider:UpdateHandler: Permanent failure of download 3780 with error code: 1004
01-01 03:04:53.699   382  8359 I content_query_sample: [content://com.android.inputmethod.latin.dictionarypack/en_US,id,,,53,,11]
01-01 03:04:53.769   492  8364 I DownloadManager: Initiating request for download 3780
01-01 03:04:54.069   233   244 I notification_cancel: [com.android.providers.downloads,3780,NULL,0,64]
01-01 03:04:54.109   492  8366 I DownloadManager: Initiating request for download 3781
01-01 03:04:54.119   233   255 I force_gc: Binder
01-01 03:04:54.159   233   255 D dalvikvm: GC_EXPLICIT freed 1023K, 25% free 13306K/17607K, paused 2ms+3ms
01-01 03:04:54.219   492  8364 W DownloadManager: Aborting request for download 3780: can't know size of download, giving up
01-01 03:04:54.229   492  8366 W DownloadManager: Aborting request for download 3781: can't know size of download, giving up
01-01 03:04:54.269   492  8364 I content_update_sample: [content://downloads/all_downloads/3780,update,,51,,11]
01-01 03:04:54.339  1734  8369 E DictionaryProvider:UpdateHandler: Permanent failure of download 3781 with error code: 1004
01-01 03:04:54.419   492   494 D dalvikvm: GC_CONCURRENT freed 4003K, 37% free 10333K/16327K, paused 1ms+1ms
01-01 03:04:54.549   492  8372 I DownloadManager: Initiating request for download 3781
01-01 03:04:54.669   492  8372 W DownloadManager: Aborting request for download 3781: can't know size of download, giving up
01-01 03:04:54.869   233   519 I notification_cancel: [com.android.providers.downloads,3781,NULL,0,64]
01-01 03:04:55.399   492  8256 I content_update_sample: [content://downloads/all_downloads/3782,update,,531,,100]
01-01 03:04:55.409   492  8378 I DownloadManager: Initiating request for download 3782
01-01 03:04:55.529   492  8378 W DownloadManager: Aborting request for download 3782: can't know size of download, giving up
01-01 03:04:55.629  1734  8380 E DictionaryProvider:UpdateHandler: Permanent failure of download 3782 with error code: 1004
01-01 03:04:55.689  1734  3271 I content_update_sample: [content://downloads/my_downloads,insert,,53,,11]
01-01 03:04:55.769   492  8383 I DownloadManager: Initiating request for download 3782
01-01 03:04:55.839   492  8256 I content_query_sample: [content://downloads/all_downloads,,,,56,,12]
01-01 03:04:55.889   492  8383 W DownloadManager: Aborting request for download 3782: can't know size of download, giving up
01-01 03:04:56.079   233   545 I notification_cancel: [com.android.providers.downloads,3782,NULL,0,64]
01-01 03:04:56.129   492  8256 I content_update_sample: [content://downloads/all_downloads/3783,update,,39,,8]
01-01 03:04:56.129   492  8389 I DownloadManager: Initiating request for download 3783
01-01 03:04:56.349   492  8389 W DownloadManager: Aborting request for download 3783: can't know size of download, giving up
01-01 03:04:56.369   492   494 D dalvikvm: GC_CONCURRENT freed 3997K, 37% free 10355K/16327K, paused 1ms+1ms
01-01 03:04:56.419  1734  8391 E DictionaryProvider:UpdateHandler: Permanent failure of download 3783 with error code: 1004
01-01 03:04:56.519   492  8394 I DownloadManager: Initiating request for download 3783
01-01 03:04:56.639   492  8394 W DownloadManager: Aborting request for download 3783: can't know size of download, giving up
01-01 03:04:56.829   233   428 I notification_cancel: [com.android.providers.downloads,3783,NULL,0,64]
01-01 03:04:56.879   492  8397 I DownloadManager: Initiating request for download 3784
01-01 03:04:56.999   492  8397 W DownloadManager: Aborting request for download 3784: can't know size of download, giving up
01-01 03:04:57.069  1734  8402 E DictionaryProvider:UpdateHandler: Permanent failure of download 3784 with error code: 1004
01-01 03:04:57.229   492  8405 I DownloadManager: Initiating request for download 3784
01-01 03:04:57.349   492  8405 W DownloadManager: Aborting request for download 3784: can't know size of download, giving up
01-01 03:04:57.539   233   519 I notification_cancel: [com.android.providers.downloads,3784,NULL,0,64]
01-01 03:04:57.589   492  8408 I DownloadManager: Initiating request for download 3785
01-01 03:04:57.719   492  8408 W DownloadManager: Aborting request for download 3785: can't know size of download, giving up
01-01 03:04:57.779  1734  8410 E DictionaryProvider:UpdateHandler: Permanent failure of download 3785 with error code: 1004
01-01 03:04:57.839   492   494 D dalvikvm: GC_CONCURRENT freed 4026K, 37% free 10326K/16327K, paused 2ms+1ms
01-01 03:04:57.959   492  8412 I DownloadManager: Initiating request for download 3785
01-01 03:04:58.079   492  8412 W DownloadManager: Aborting request for download 3785: can't know size of download, giving up
01-01 03:04:58.359  1734  1746 I content_update_sample: [content://downloads/my_downloads,insert,,570,,100]
01-01 03:04:58.369   382  8411 I content_query_sample: [content://com.android.inputmethod.latin.dictionarypack/en_US,id,,,577,,100]
01-01 03:04:58.439   492  8412 I content_update_sample: [content://downloads/all_downloads/3785,update,,359,,72]
01-01 03:04:58.499   492  8256 I content_query_sample: [content://downloads/all_downloads,,,,537,,100]
01-01 03:04:58.729   233   545 I notification_cancel: [com.android.providers.downloads,3785,NULL,0,64]
01-01 03:04:58.779   492  8419 I DownloadManager: Initiating request for download 3786
01-01 03:04:59.339   492  8419 W DownloadManager: Aborting request for download 3786: can't know size of download, giving up
01-01 03:04:59.559  1734  8425 I content_query_sample: [content://downloads/my_downloads,_id/_data AS local_filename/mediaprovider_uri/destination/title/description/uri/status/hint/mimetype AS media_type/total_bytes AS total_size/lastmod AS last_modified_timestamp/current_bytes AS bytes_so_far/'placeholder' AS local_uri/'placeholder' AS reason,(_id = ? ) AND deleted != '1',lastmod DESC,134,,27]
01-01 03:04:59.559  1734  8425 E DictionaryProvider:UpdateHandler: Permanent failure of download 3786 with error code: 1004
01-01 03:04:59.809   233   524 I notification_cancel: [com.android.providers.downloads,3786,NULL,0,64]
01-01 03:05:00.079   492   494 D dalvikvm: GC_CONCURRENT freed 4027K, 37% free 10319K/16327K, paused 1ms+1ms
01-01 03:05:00.209   492  8431 I DownloadManager: Initiating request for download 3787
01-01 03:05:00.339   492  8431 W DownloadManager: Aborting request for download 3787: can't know size of download, giving up
01-01 03:05:00.399  1734  8433 E DictionaryProvider:UpdateHandler: Permanent failure of download 3787 with error code: 1004
01-01 03:05:00.549   492  8436 I DownloadManager: Initiating request for download 3787
01-01 03:05:00.769   492  8436 W DownloadManager: Aborting request for download 3787: can't know size of download, giving up
01-01 03:05:00.849   233   245 I notification_cancel: [com.android.providers.downloads,3787,NULL,0,64]
01-01 03:05:00.899   492  8439 I DownloadManager: Initiating request for download 3788
01-01 03:05:01.019   492  8439 W DownloadManager: Aborting request for download 3788: can't know size of download, giving up
01-01 03:05:01.089  1734  8441 E DictionaryProvider:UpdateHandler: Permanent failure of download 3788 with error code: 1004
01-01 03:05:01.149   382  8442 I content_query_sample: [content://com.android.inputmethod.latin.dictionarypack/en_US,id,,,52,,11]
01-01 03:05:01.249   492  8447 I DownloadManager: Initiating request for download 3788
01-01 03:05:01.309   492  8424 I content_query_sample: [content://downloads/all_downloads,,,,57,,12]
01-01 03:05:01.369   492  8447 W DownloadManager: Aborting request for download 3788: can't know size of download, giving up
01-01 03:05:01.529   492   494 D dalvikvm: GC_CONCURRENT freed 4002K, 37% free 10336K/16327K, paused 1ms+1ms
01-01 03:05:01.599   233   429 I notification_cancel: [com.android.providers.downloads,3788,NULL,0,64]
01-01 03:05:02.159   492  8424 I content_update_sample: [content://downloads/all_downloads/3789,update,,553,,100]
01-01 03:05:02.159   492  8450 I DownloadManager: Initiating request for download 3789
01-01 03:05:02.279   492  8450 W DownloadManager: Aborting request for download 3789: can't know size of download, giving up
01-01 03:05:02.359  1734  8455 E DictionaryProvider:UpdateHandler: Permanent failure of download 3789 with error code: 1004
01-01 03:05:02.509   492  8458 I DownloadManager: Initiating request for download 3789
01-01 03:05:02.629   492  8458 W DownloadManager: Aborting request for download 3789: can't know size of download, giving up
01-01 03:05:02.809   233   430 I notification_cancel: [com.android.providers.downloads,3789,NULL,0,64]
01-01 03:05:02.879   492  8461 I DownloadManager: Initiating request for download 3790
01-01 03:05:02.939   492  8424 I content_query_sample: [content://downloads/all_downloads,,,,57,,12]
01-01 03:05:02.999   492  8461 W DownloadManager: Aborting request for download 3790: can't know size of download, giving up
01-01 03:05:03.049  1734  8463 E DictionaryProvider:UpdateHandler: Permanent failure of download 3790 with error code: 1004
01-01 03:05:03.109  1734  1752 I content_update_sample: [content://downloads/my_downloads,insert,,46,,10]
01-01 03:05:03.209   492  8466 I DownloadManager: Initiating request for download 3790
01-01 03:05:03.329   492  8466 W DownloadManager: Aborting request for download 3790: can't know size of download, giving up
01-01 03:05:03.509   492   494 D dalvikvm: GC_CONCURRENT freed 4020K, 37% free 10323K/16327K, paused 2ms+1ms
01-01 03:05:03.579   233   519 I notification_cancel: [com.android.providers.downloads,3790,NULL,0,64]
01-01 03:05:03.619   492  8424 I content_update_sample: [content://downloads/all_downloads/3791,update,,38,,8]
01-01 03:05:03.619   492  8472 I DownloadManager: Initiating request for download 3791
01-01 03:05:03.779   492  8472 W DownloadManager: Aborting request for download 3791: can't know size of download, giving up
01-01 03:05:03.829   492  8472 I content_update_sample: [content://downloads/all_downloads/3791,update,,44,,9]
01-01 03:05:03.849  1734  8474 E DictionaryProvider:UpdateHandler: Permanent failure of download 3791 with error code: 1004
01-01 03:05:03.909   382  8475 I content_query_sample: [content://com.android.inputmethod.latin.dictionarypack/en_US,id,,,51,,11]
01-01 03:05:03.969   492  8477 I DownloadManager: Initiating request for download 3791
01-01 03:05:04.079   492  8477 W DownloadManager: Aborting request for download 3791: can't know size of download, giving up
01-01 03:05:04.269   233   473 I notification_cancel: [com.android.providers.downloads,3791,NULL,0,64]
01-01 03:05:04.339   492  8480 I DownloadManager: Initiating request for download 3792
01-01 03:05:04.459   492  8480 W DownloadManager: Aborting request for download 3792: can't know size of download, giving up
01-01 03:05:04.519  1734  8485 E DictionaryProvider:UpdateHandler: Permanent failure of download 3792 with error code: 1004
01-01 03:05:04.669   492  8487 I DownloadManager: Initiating request for download 3792
01-01 03:05:04.789   492  8487 W DownloadManager: Aborting request for download 3792: can't know size of download, giving up
01-01 03:05:05.079  1734 22969 I content_update_sample: [content://downloads/my_downloads,insert,,540,,100]
01-01 03:05:05.079   382  8486 I content_query_sample: [content://com.android.inputmethod.latin.dictionarypack/en_US,id,,,548,,100]
01-01 03:05:05.139   492  8487 I content_update_sample: [content://downloads/all_downloads/3792,update,,349,,70]
01-01 03:05:05.199   492  8424 I content_query_sample: [content://downloads/all_downloads,,,,522,,100]
01-01 03:05:05.399   492   494 D dalvikvm: GC_CONCURRENT freed 4001K, 37% free 10341K/16327K, paused 2ms+1ms
01-01 03:05:05.479   233   255 I notification_cancel: [com.android.providers.downloads,3792,NULL,0,64]
01-01 03:05:05.539   492  8494 I DownloadManager: Initiating request for download 3793
01-01 03:05:05.659   492  8494 W DownloadManager: Aborting request for download 3793: can't know size of download, giving up
01-01 03:05:05.729  1734  8496 E DictionaryProvider:UpdateHandler: Permanent failure of download 3793 with error code: 1004
01-01 03:05:05.889   492  8499 I DownloadManager: Initiating request for download 3793
01-01 03:05:06.019   492  8499 W DownloadManager: Aborting request for download 3793: can't know size of download, giving up
01-01 03:05:06.199   233   233 I notification_cancel: [com.android.providers.downloads,3793,NULL,0,64]
01-01 03:05:06.239   492  8502 I DownloadManager: Initiating request for download 3794
01-01 03:05:06.309   492  8424 I content_query_sample: [content://downloads/all_downloads,,,,56,,12]
01-01 03:05:06.359   492  8502 W DownloadManager: Aborting request for download 3794: can't know size of download, giving up
01-01 03:05:06.439  1734  8504 E DictionaryProvider:UpdateHandler: Permanent failure of download 3794 with error code: 1004
01-01 03:05:06.499   382  8505 I content_query_sample: [content://com.android.inputmethod.latin.dictionarypack/en_US,id,,,52,,11]
01-01 03:05:06.579   492  8507 I DownloadManager: Initiating request for download 3794
01-01 03:05:06.699   492  8507 W DownloadManager: Aborting request for download 3794: can't know size of download, giving up
01-01 03:05:06.749   492  8507 I content_update_sample: [content://downloads/all_downloads/3794,update,,49,,10]
01-01 03:05:06.869   492   494 D dalvikvm: GC_CONCURRENT freed 4015K, 37% free 10346K/16327K, paused 2ms+1ms
01-01 03:05:06.949   233   244 I notification_cancel: [com.android.providers.downloads,3794,NULL,0,64]
01-01 03:05:06.989   492  8513 I DownloadManager: Initiating request for download 3795
01-01 03:05:07.109   492  8513 W DownloadManager: Aborting request for download 3795: can't know size of download, giving up
01-01 03:05:07.159  1734  8515 E DictionaryProvider:UpdateHandler: Permanent failure of download 3795 with error code: 1004
01-01 03:05:07.329   492  8518 I DownloadManager: Initiating request for download 3795
01-01 03:05:07.339   233   546 I force_gc: Binder
01-01 03:05:07.379   233   546 D dalvikvm: GC_EXPLICIT freed 1104K, 25% free 13309K/17607K, paused 2ms+3ms
01-01 03:05:07.469   492  8518 W DownloadManager: Aborting request for download 3795: can't know size of download, giving up
01-01 03:05:07.689   233   233 I notification_cancel: [com.android.providers.downloads,3795,NULL,0,64]
01-01 03:05:08.039   492  8424 I content_query_sample: [content://downloads/all_downloads/3796/headers,,,,347,,70]
01-01 03:05:08.039   492  8518 I content_update_sample: [content://downloads/all_downloads/3795,update,,574,,100]
01-01 03:05:08.119   492  8524 I DownloadManager: Initiating request for download 3796
01-01 03:05:08.239   492  8524 W DownloadManager: Aborting request for download 3796: can't know size of download, giving up
01-01 03:05:08.769   492  8524 I content_update_sample: [content://downloads/all_downloads/3796,update,,528,,100]
01-01 03:05:08.829  1734  8530 E DictionaryProvider:UpdateHandler: Permanent failure of download 3796 with error code: 1004
01-01 03:05:08.899  1734 22969 I content_update_sample: [content://downloads/my_downloads,insert,,48,,10]
01-01 03:05:09.059   492   494 D dalvikvm: GC_CONCURRENT freed 4019K, 37% free 10346K/16327K, paused 2ms+1ms
01-01 03:05:09.129   233   545 I notification_cancel: [com.android.providers.downloads,3796,NULL,0,64]
01-01 03:05:09.539   492  8533 I DownloadManager: Initiating request for download 3797
01-01 03:05:09.649   492  8533 W DownloadManager: Aborting request for download 3797: can't know size of download, giving up
01-01 03:05:09.709  1734  8535 E DictionaryProvider:UpdateHandler: Permanent failure of download 3797 with error code: 1004
01-01 03:05:09.879   492  8541 I force_gc: Binder
01-01 03:05:09.909   492  8541 D dalvikvm: GC_EXPLICIT freed 2287K, 37% free 10324K/16327K, paused 1ms+2ms
01-01 03:05:09.909   492  8541 I DownloadManager: Initiating request for download 3797
01-01 03:05:10.029   492  8541 W DownloadManager: Aborting request for download 3797: can't know size of download, giving up
01-01 03:05:10.209   233   255 I notification_cancel: [com.android.providers.downloads,3797,NULL,0,64]
01-01 03:05:10.239   492  8544 I DownloadManager: Initiating request for download 3798
01-01 03:05:10.369   492  8544 W DownloadManager: Aborting request for download 3798: can't know size of download, giving up
01-01 03:05:10.429  1734  8546 E DictionaryProvider:UpdateHandler: Permanent failure of download 3798 with error code: 1004
01-01 03:05:10.589   492  8549 I DownloadManager: Initiating request for download 3798
01-01 03:05:10.809   492  8549 W DownloadManager: Aborting request for download 3798: can't know size of download, giving up
01-01 03:05:10.899   233   546 I notification_cancel: [com.android.providers.downloads,3798,NULL,0,64]
01-01 03:05:10.939   492  8555 I DownloadManager: Initiating request for download 3799
01-01 03:05:11.009   492  8529 I content_query_sample: [content://downloads/all_downloads,,,,57,,12]
01-01 03:05:11.069   492  8555 W DownloadManager: Aborting request for download 3799: can't know size of download, giving up
01-01 03:05:11.129  1734  8557 E DictionaryProvider:UpdateHandler: Permanent failure of download 3799 with error code: 1004
01-01 03:05:11.319   492  8559 I DownloadManager: Initiating request for download 3799
01-01 03:05:11.319   492   494 D dalvikvm: GC_CONCURRENT freed 4002K, 37% free 10329K/16327K, paused 1ms+1ms
01-01 03:05:11.549   492  8559 W DownloadManager: Aborting request for download 3799: can't know size of download, giving up
01-01 03:05:12.159  1734  3271 I content_update_sample: [content://downloads/my_downloads,insert,,1011,,100]
01-01 03:05:12.159   382  8558 I content_query_sample: [content://com.android.inputmethod.latin.dictionarypack/en_US,id,,,1016,,100]
01-01 03:05:12.229   492  8559 I content_update_sample: [content://downloads/all_downloads/3799,update,,682,,100]
01-01 03:05:12.289   492  8529 I content_query_sample: [content://downloads/all_downloads,,,,964,,100]
01-01 03:05:12.519   233   255 I notification_cancel: [com.android.providers.downloads,3799,NULL,0,64]
01-01 03:05:12.579   492  8566 I DownloadManager: Initiating request for download 3800
01-01 03:05:12.609  7258  7258 I KERNEL  : [ 3434.311106] intel_mdf_battery msic_battery: vbus_volt:4769
01-01 03:05:12.609  7258  7258 I KERNEL  : [ 3434.313116] intel_mdf_battery msic_battery: vbatt:4180000 temp:390
01-01 03:05:12.629   233   267 I battery_level: [100,4180,390]
01-01 03:05:12.699   492  8566 W DownloadManager: Aborting request for download 3800: can't know size of download, giving up
01-01 03:05:12.759   492  8566 I content_update_sample: [content://downloads/all_downloads/3800,update,,59,,12]
01-01 03:05:12.779  1734  8568 E DictionaryProvider:UpdateHandler: Permanent failure of download 3800 with error code: 1004
01-01 03:05:12.939   492  8571 I DownloadManager: Initiating request for download 3800
01-01 03:05:13.059   492  8571 W DownloadManager: Aborting request for download 3800: can't know size of download, giving up
01-01 03:05:13.249   233   244 I notification_cancel: [com.android.providers.downloads,3800,NULL,0,64]
01-01 03:05:13.289   492  8577 I DownloadManager: Initiating request for download 3801
01-01 03:05:13.409   492  8577 W DownloadManager: Aborting request for download 3801: can't know size of download, giving up
01-01 03:05:13.469  1734  8579 E DictionaryProvider:UpdateHandler: Permanent failure of download 3801 with error code: 1004
01-01 03:05:13.669   492   494 D dalvikvm: GC_CONCURRENT freed 4019K, 37% free 10328K/16327K, paused 2ms+1ms
01-01 03:05:13.679   492  8582 I DownloadManager: Initiating request for download 3801
01-01 03:05:13.799   492  8582 W DownloadManager: Aborting request for download 3801: can't know size of download, giving up
01-01 03:05:13.999   233   430 I notification_cancel: [com.android.providers.downloads,3801,NULL,0,64]
01-01 03:05:14.039   492  8585 I DownloadManager: Initiating request for download 3802
01-01 03:05:14.169   492  8585 W DownloadManager: Aborting request for download 3802: can't know size of download, giving up
01-01 03:05:14.219  1734  8590 E DictionaryProvider:UpdateHandler: Permanent failure of download 3802 with error code: 1004
01-01 03:05:14.279  1734  1746 I content_update_sample: [content://downloads/my_downloads,insert,,42,,9]
01-01 03:05:14.279   382  8591 I content_query_sample: [content://com.android.inputmethod.latin.dictionarypack/en_US,id,,,50,,11]
01-01 03:05:14.399   492  8593 I DownloadManager: Initiating request for download 3802
01-01 03:05:14.539   492  8593 W DownloadManager: Aborting request for download 3802: can't know size of download, giving up
01-01 03:05:14.699   233   524 I notification_cancel: [com.android.providers.downloads,3802,NULL,0,64]
01-01 03:05:14.739   492  8596 I DownloadManager: Initiating request for download 3803
01-01 03:05:14.859   492  8596 W DownloadManager: Aborting request for download 3803: can't know size of download, giving up
01-01 03:05:14.929  1734  8598 E DictionaryProvider:UpdateHandler: Permanent failure of download 3803 with error code: 1004
01-01 03:05:15.089   492   494 D dalvikvm: GC_CONCURRENT freed 4006K, 37% free 10335K/16327K, paused 2ms+1ms
01-01 03:05:15.119   492  8600 I DownloadManager: Initiating request for download 3803
01-01 03:05:15.239   492  8600 W DownloadManager: Aborting request for download 3803: can't know size of download, giving up
01-01 03:05:15.499  1734  1745 I content_update_sample: [content://downloads/my_downloads,insert,,556,,100]
01-01 03:05:15.499   382  8599 I content_query_sample: [content://com.android.inputmethod.latin.dictionarypack/en_US,id,,,564,,100]
01-01 03:05:15.559   492  8607 I DownloadManager: in removeSpuriousFiles
01-01 03:05:15.609   492  8529 I content_query_sample: [content://downloads/all_downloads,,,,492,,99]
01-01 03:05:15.909   233   471 I notification_cancel: [com.android.providers.downloads,3803,NULL,0,64]
01-01 03:05:15.979   492  8608 I DownloadManager: Initiating request for download 3804
01-01 03:05:16.099   492  8608 W DownloadManager: Aborting request for download 3804: can't know size of download, giving up
01-01 03:05:16.179  1734  8610 E DictionaryProvider:UpdateHandler: Permanent failure of download 3804 with error code: 1004
01-01 03:05:16.189   492  8607 I content_update_sample: [content://downloads/all_downloads/2677,delete,,90,,19]
01-01 03:05:16.199  1734  3271 I force_gc: Binder
01-01 03:05:16.219  1734  3271 D dalvikvm: GC_EXPLICIT freed 2564K, 23% free 9462K/12167K, paused 1ms+4ms
01-01 03:05:16.389   233   245 I notification_cancel: [com.android.providers.downloads,2675,NULL,0,64]
01-01 03:05:16.389   233   519 I notification_cancel: [com.android.providers.downloads,2674,NULL,0,64]
01-01 03:05:16.389   233   524 I notification_cancel: [com.android.providers.downloads,2673,NULL,0,64]
01-01 03:05:16.389   233   473 I notification_cancel: [com.android.providers.downloads,2672,NULL,0,64]
01-01 03:05:16.389   233   429 I notification_cancel: [com.android.providers.downloads,2670,NULL,0,64]
01-01 03:05:16.389   233   428 I notification_cancel: [com.android.providers.downloads,2671,NULL,0,64]
01-01 03:05:16.389   233   244 I notification_cancel: [com.android.providers.downloads,2668,NULL,0,64]
01-01 03:05:16.389   233   550 I notification_cancel: [com.android.providers.downloads,2669,NULL,0,64]
01-01 03:05:16.389   492  8616 I DownloadManager: Initiating request for download 3804
01-01 03:05:16.519   492  8616 W DownloadManager: Aborting request for download 3804: can't know size of download, giving up
01-01 03:05:16.819   492  8607 I content_update_sample: [content://downloads/all_downloads/2679,delete,,544,,100]
01-01 03:05:16.869   492  8616 I content_update_sample: [content://downloads/all_downloads/3804,update,,362,,73]
01-01 03:05:16.929   492  8529 I content_query_sample: [content://downloads/all_downloads,,,,533,,100]
01-01 03:05:17.209   233   428 I notification_cancel: [com.android.providers.downloads,3804,NULL,0,64]
01-01 03:05:17.259   233   245 I notification_cancel: [com.android.providers.downloads,2679,NULL,0,64]
01-01 03:05:17.259   233   524 I notification_cancel: [com.android.providers.downloads,2678,NULL,0,64]
01-01 03:05:17.259   233   473 I notification_cancel: [com.android.providers.downloads,2677,NULL,0,64]
01-01 03:05:17.259   233   546 I notification_cancel: [com.android.providers.downloads,2676,NULL,0,64]
01-01 03:05:17.259   492  8619 I DownloadManager: Initiating request for download 3805
01-01 03:05:17.379   492  8619 W DownloadManager: Aborting request for download 3805: can't know size of download, giving up
01-01 03:05:17.399   492  8607 I content_update_sample: [content://downloads/all_downloads/2689,delete,,98,,20]
01-01 03:05:17.489   492  8607 I content_update_sample: [content://downloads/all_downloads/2690,delete,,97,,20]
01-01 03:05:17.489  1734  8624 E DictionaryProvider:UpdateHandler: Permanent failure of download 3805 with error code: 1004
01-01 03:05:17.629   492   494 D dalvikvm: GC_CONCURRENT freed 3970K, 37% free 10427K/16327K, paused 1ms+2ms
01-01 03:05:17.639   233   471 I am_create_service: [1501437112,com.google.android.gsf/.checkin.CheckinService,,482]
01-01 03:05:17.649   482  1617 I CheckinService: Preparing to send checkin request
01-01 03:05:17.649   482  1617 I aggregation: 378702317662
01-01 03:05:17.649   482  1617 I EventLogService: Accumulating logs since 378702047238
01-01 03:05:17.709   482  1617 V GoogleSettingsUtils: pre-froyo android id is 0
01-01 03:05:17.749   233   546 I notification_cancel: [com.android.providers.downloads,2688,NULL,0,64]
01-01 03:05:17.749   233   429 I notification_cancel: [com.android.providers.downloads,2683,NULL,0,64]
01-01 03:05:17.749   233   428 I notification_cancel: [com.android.providers.downloads,2682,NULL,0,64]
01-01 03:05:17.749   233   255 I notification_cancel: [com.android.providers.downloads,2681,NULL,0,64]
01-01 03:05:17.749   233   430 I notification_cancel: [com.android.providers.downloads,2680,NULL,0,64]
01-01 03:05:17.749   233   245 I notification_cancel: [com.android.providers.downloads,2687,NULL,0,64]
01-01 03:05:17.749   233   473 I notification_cancel: [com.android.providers.downloads,2686,NULL,0,64]
01-01 03:05:17.749   492  8628 I DownloadManager: Initiating request for download 3805
01-01 03:05:17.759   233   429 I notification_cancel: [com.android.providers.downloads,2685,NULL,0,64]
01-01 03:05:17.759   233   428 I notification_cancel: [com.android.providers.downloads,2684,NULL,0,64]
01-01 03:05:17.829   482  1617 I CheckinTask: Sending checkin request (1683 bytes)
01-01 03:05:17.879   492  8628 W DownloadManager: Aborting request for download 3805: can't know size of download, giving up
01-01 03:05:17.899   492  8607 I content_update_sample: [content://downloads/all_downloads/2695,delete,,95,,20]
01-01 03:05:17.949   482  1617 I google_http_request: [124,-1,Android-Checkin/2.0,0]
01-01 03:05:17.949   482  1617 E CheckinTask: SSL error, attempting time correction: javax.net.ssl.SSLHandshakeException: java.security.cert.CertPathValidatorException: Trust anchor for certification path not found.
01-01 03:05:18.069   482  1617 I google_http_request: [114,200,Android-Checkin/2.0,0]
01-01 03:05:18.069   482  1617 E CheckinTask: Checkin failed: https://android.clients.google.com/checkin (request #0): java.io.IOException: Bad Content-Type: text/html
01-01 03:05:18.079   233   428 I am_destroy_service: [1501437112,com.google.android.gsf/.checkin.CheckinService,482]
01-01 03:05:18.159   233   550 I notification_cancel: [com.android.providers.downloads,3805,NULL,0,64]
01-01 03:05:18.199   233   244 I notification_cancel: [com.android.providers.downloads,2693,NULL,0,64]
01-01 03:05:18.199   233   233 I notification_cancel: [com.android.providers.downloads,2692,NULL,0,64]
01-01 03:05:18.199   492  8631 I DownloadManager: Initiating request for download 3806
01-01 03:05:18.209   233   255 I notification_cancel: [com.android.providers.downloads,2694,NULL,0,64]
01-01 03:05:18.209   233   430 I notification_cancel: [com.android.providers.downloads,2689,NULL,0,64]
01-01 03:05:18.209   233   550 I notification_cancel: [com.android.providers.downloads,2691,NULL,0,64]
01-01 03:05:18.209   233   524 I notification_cancel: [com.android.providers.downloads,2690,NULL,0,64]
01-01 03:05:18.329   492  8631 W DownloadManager: Aborting request for download 3806: can't know size of download, giving up
01-01 03:05:18.719   492  8607 I content_update_sample: [content://downloads/all_downloads/2701,delete,,555,,100]
01-01 03:05:18.809   492  8631 I content_update_sample: [content://downloads/all_downloads/3806,update,,480,,97]
01-01 03:05:18.879   492  8529 I content_query_sample: [content://downloads/all_downloads,,,,666,,100]
01-01 03:05:18.889  1734  8636 E DictionaryProvider:UpdateHandler: Permanent failure of download 3806 with error code: 1004
01-01 03:05:19.009   492  8607 I content_update_sample: [content://downloads/all_downloads/2702,delete,,289,,58]
01-01 03:05:19.159   233   546 I notification_cancel: [com.android.providers.downloads,3806,NULL,0,64]
01-01 03:05:19.159   233   429 I notification_cancel: [com.android.providers.downloads,2701,NULL,0,64]
01-01 03:05:19.159   233   473 I notification_cancel: [com.android.providers.downloads,2700,NULL,0,64]
01-01 03:05:19.159   233   471 I notification_cancel: [com.android.providers.downloads,2697,NULL,0,64]
01-01 03:05:19.159   233   428 I notification_cancel: [com.android.providers.downloads,2696,NULL,0,64]
01-01 03:05:19.169   233   244 I notification_cancel: [com.android.providers.downloads,2699,NULL,0,64]
01-01 03:05:19.169   233   233 I notification_cancel: [com.android.providers.downloads,2698,NULL,0,64]
01-01 03:05:19.169   233   255 I notification_cancel: [com.android.providers.downloads,2695,NULL,0,64]
01-01 03:05:19.789   492  8529 I content_query_sample: [content://downloads/all_downloads/3807/headers,,,,308,,62]
01-01 03:05:19.799   492  8607 I content_update_sample: [content://downloads/all_downloads/2708,delete,,594,,100]
01-01 03:05:19.869   233   245 I notification_cancel: [com.android.providers.downloads,2704,NULL,0,64]
01-01 03:05:19.869   233   550 I notification_cancel: [com.android.providers.downloads,2705,NULL,0,64]
01-01 03:05:19.869   233   545 I notification_cancel: [com.android.providers.downloads,2706,NULL,0,64]
01-01 03:05:19.869   233   546 I notification_cancel: [com.android.providers.downloads,2707,NULL,0,64]
01-01 03:05:19.869   233   429 I notification_cancel: [com.android.providers.downloads,2703,NULL,0,64]
01-01 03:05:19.869   233   473 I notification_cancel: [com.android.providers.downloads,2702,NULL,0,64]
01-01 03:05:19.869   492  8642 I DownloadManager: Initiating request for download 3807
01-01 03:05:19.999   492  8642 W DownloadManager: Aborting request for download 3807: can't know size of download, giving up
01-01 03:05:20.099  1734  8644 E DictionaryProvider:UpdateHandler: Permanent failure of download 3807 with error code: 1004
01-01 03:05:20.189   492   494 D dalvikvm: GC_CONCURRENT freed 4095K, 37% free 10352K/16327K, paused 1ms+1ms
01-01 03:05:20.269   233   430 I notification_cancel: [com.android.providers.downloads,2708,NULL,0,64]
01-01 03:05:20.269   233   550 I notification_cancel: [com.android.providers.downloads,2709,NULL,0,64]
01-01 03:05:20.269   233   545 I notification_cancel: [com.android.providers.downloads,2710,NULL,0,64]
01-01 03:05:20.269   492  8646 I DownloadManager: Initiating request for download 3807
01-01 03:05:20.389   492  8646 W DownloadManager: Aborting request for download 3807: can't know size of download, giving up
01-01 03:05:20.639   492  8607 I content_update_sample: [content://downloads/all_downloads/2713,delete,,541,,100]
01-01 03:05:20.689  1734  3271 I content_update_sample: [content://downloads/my_downloads,insert,,575,,100]
01-01 03:05:20.689   382  8645 I content_query_sample: [content://com.android.inputmethod.latin.dictionarypack/en_US,id,,,583,,100]
01-01 03:05:20.829   492  8529 I content_query_sample: [content://downloads/all_downloads,,,,546,,100]
01-01 03:05:20.879   492  8607 I content_update_sample: [content://downloads/all_downloads/2714,delete,,236,,48]
01-01 03:05:21.089   233   473 I notification_cancel: [com.android.providers.downloads,3807,NULL,0,64]
01-01 03:05:21.609   492  8529 I content_query_sample: [content://downloads/all_downloads/3808/headers,,,,516,,100]
01-01 03:05:21.609   492  8607 I content_update_sample: [content://downloads/all_downloads/2720,delete,,542,,100]
01-01 03:05:21.619   108   108 E ia_watchdog: Timer interrupt
01-01 03:05:21.619   108   108 E ia_watchdog: waiting for a timer interrupt
01-01 03:05:21.619     0     0 I KERNEL  : [ 3443.319454] intel_scu_watchdog: Expected SW WDT warning irq received
01-01 03:05:21.619     0     0 I KERNEL  : [ 3443.319956] intel_scu_watchdog: interrupt tasklet body start
01-01 03:05:21.619   108   108 I KERNEL  : [ 3443.320432] intel_scu_watchdog: watchdog_keepalive
01-01 03:05:21.659   233   545 I notification_cancel: [com.android.providers.downloads,2712,NULL,0,64]
01-01 03:05:21.659   233   519 I notification_cancel: [com.android.providers.downloads,2713,NULL,0,64]
01-01 03:05:21.659   233   546 I notification_cancel: [com.android.providers.downloads,2711,NULL,0,64]
01-01 03:05:21.659   492  8656 I DownloadManager: Initiating request for download 3808
01-01 03:05:21.699   492  8607 I content_update_sample: [content://downloads/all_downloads/2721,delete,,98,,20]
01-01 03:05:21.829   492  8607 I content_update_sample: [content://downloads/all_downloads/2723,delete,,31,,7]
01-01 03:05:21.869   492  8607 I content_update_sample: [content://downloads/all_downloads/2724,delete,,41,,9]
01-01 03:05:21.879   492  8656 W DownloadManager: Aborting request for download 3808: can't know size of download, giving up
01-01 03:05:21.999   233   473 I notification_cancel: [com.android.providers.downloads,2721,NULL,0,64]
01-01 03:05:21.999   233   428 I notification_cancel: [com.android.providers.downloads,2720,NULL,0,64]
01-01 03:05:22.009   233   471 I notification_cancel: [com.android.providers.downloads,2716,NULL,0,64]
01-01 03:05:22.009   233   255 I notification_cancel: [com.android.providers.downloads,2717,NULL,0,64]
01-01 03:05:22.009   233   233 I notification_cancel: [com.android.providers.downloads,2718,NULL,0,64]
01-01 03:05:22.009   233   244 I notification_cancel: [com.android.providers.downloads,2719,NULL,0,64]
01-01 03:05:22.009   233   245 I notification_cancel: [com.android.providers.downloads,2714,NULL,0,64]
01-01 03:05:22.009   233   430 I notification_cancel: [com.android.providers.downloads,2715,NULL,0,64]
01-01 03:05:22.919   492  8656 I content_update_sample: [content://downloads/all_downloads/3808,update,,1034,,100]
01-01 03:05:22.979   492  8529 I content_query_sample: [content://downloads/all_downloads,,,,961,,100]
01-01 03:05:22.979  1734  8661 E DictionaryProvider:UpdateHandler: Permanent failure of download 3808 with error code: 1004
01-01 03:05:23.209   233   233 I notification_cancel: [com.android.providers.downloads,3808,NULL,0,64]
01-01 03:05:23.209   233   245 I notification_cancel: [com.android.providers.downloads,2725,NULL,0,64]
01-01 03:05:23.209   233   244 I notification_cancel: [com.android.providers.downloads,2724,NULL,0,64]
01-01 03:05:23.219   233   550 I notification_cancel: [com.android.providers.downloads,2723,NULL,0,64]
01-01 03:05:23.219   233   545 I notification_cancel: [com.android.providers.downloads,2722,NULL,0,64]
01-01 03:05:23.539   492  8607 I content_update_sample: [content://downloads/all_downloads/2726,delete,,1644,,100]
01-01 03:05:23.589  1734 22969 I content_update_sample: [content://downloads/my_downloads,insert,,592,,100]
01-01 03:05:23.599   382  8662 I content_query_sample: [content://com.android.inputmethod.latin.dictionarypack/en_US,id,,,598,,100]
01-01 03:05:23.689   492  8529 I content_query_sample: [content://downloads/all_downloads,,,,470,,95]
01-01 03:05:23.939   492   494 D dalvikvm: GC_CONCURRENT freed 4049K, 37% free 10325K/16327K, paused 2ms+2ms
01-01 03:05:24.039   233   428 I notification_cancel: [com.android.providers.downloads,2727,NULL,0,64]
01-01 03:05:24.039   233   471 I notification_cancel: [com.android.providers.downloads,2726,NULL,0,64]
01-01 03:05:24.039   492  8667 I DownloadManager: Initiating request for download 3809
01-01 03:05:24.159   492  8667 W DownloadManager: Aborting request for download 3809: can't know size of download, giving up
01-01 03:05:24.309  1734  8669 E DictionaryProvider:UpdateHandler: Permanent failure of download 3809 with error code: 1004
01-01 03:05:24.329   492  8607 I content_update_sample: [content://downloads/all_downloads/2738,delete,,167,,34]
01-01 03:05:24.399   233   524 I force_gc: Binder
01-01 03:05:24.399   233   546 I notification_cancel: [com.android.providers.downloads,2736,NULL,0,64]
01-01 03:05:24.399   233   428 I notification_cancel: [com.android.providers.downloads,2735,NULL,0,64]
01-01 03:05:24.399   233   473 I notification_cancel: [com.android.providers.downloads,2734,NULL,0,64]
01-01 03:05:24.399   233   471 I notification_cancel: [com.android.providers.downloads,2733,NULL,0,64]
01-01 03:05:24.409   233   255 I notification_cancel: [com.android.providers.downloads,2732,NULL,0,64]
01-01 03:05:24.409   233   233 I notification_cancel: [com.android.providers.downloads,2731,NULL,0,64]
01-01 03:05:24.409   233   245 I notification_cancel: [com.android.providers.downloads,2730,NULL,0,64]
01-01 03:05:24.409   233   545 I notification_cancel: [com.android.providers.downloads,2729,NULL,0,64]
01-01 03:05:24.419   233   519 I notification_cancel: [com.android.providers.downloads,2728,NULL,0,64]
01-01 03:05:24.449   233   524 D dalvikvm: GC_EXPLICIT freed 1552K, 25% free 13318K/17607K, paused 2ms+3ms
01-01 03:05:24.459   492  8671 I DownloadManager: Initiating request for download 3809
01-01 03:05:24.579   492  8671 W DownloadManager: Aborting request for download 3809: can't know size of download, giving up
01-01 03:05:24.639   492  8671 I content_update_sample: [content://downloads/all_downloads/3809,update,,57,,12]
01-01 03:05:24.789   233   429 I notification_cancel: [com.android.providers.downloads,3809,NULL,0,64]
01-01 03:05:24.839   233   244 I notification_cancel: [com.android.providers.downloads,2740,NULL,0,64]
01-01 03:05:24.839   233   550 I notification_cancel: [com.android.providers.downloads,2738,NULL,0,64]
01-01 03:05:24.839   492  8678 I DownloadManager: Initiating request for download 3810
01-01 03:05:24.849   233   545 I notification_cancel: [com.android.providers.downloads,2739,NULL,0,64]
01-01 03:05:24.849   233   430 I notification_cancel: [com.android.providers.downloads,2737,NULL,0,64]
01-01 03:05:24.969   492  8678 W DownloadManager: Aborting request for download 3810: can't know size of download, giving up
01-01 03:05:25.369   492  8607 I content_update_sample: [content://downloads/all_downloads/2747,delete,,566,,100]
01-01 03:05:25.439   492  8678 I content_update_sample: [content://downloads/all_downloads/3810,update,,471,,95]
01-01 03:05:25.499   492  8529 I content_query_sample: [content://downloads/all_downloads,,,,642,,100]
01-01 03:05:25.499  1734  8680 E DictionaryProvider:UpdateHandler: Permanent failure of download 3810 with error code: 1004
01-01 03:05:25.609  1734  3271 I content_update_sample: [content://downloads/my_downloads,insert,,89,,18]
01-01 03:05:25.609   492  8607 I content_update_sample: [content://downloads/all_downloads/2748,delete,,241,,49]
01-01 03:05:25.759   233   519 I notification_cancel: [com.android.providers.downloads,3810,NULL,0,64]
01-01 03:05:25.759   233   429 I notification_cancel: [com.android.providers.downloads,2746,NULL,0,64]
01-01 03:05:25.759   233   546 I notification_cancel: [com.android.providers.downloads,2747,NULL,0,64]
01-01 03:05:25.759   233   428 I notification_cancel: [com.android.providers.downloads,2744,NULL,0,64]
01-01 03:05:25.759   233   473 I notification_cancel: [com.android.providers.downloads,2745,NULL,0,64]
01-01 03:05:25.769   233   524 I notification_cancel: [com.android.providers.downloads,2742,NULL,0,64]
01-01 03:05:25.769   233   471 I notification_cancel: [com.android.providers.downloads,2743,NULL,0,64]
01-01 03:05:25.769   233   255 I notification_cancel: [com.android.providers.downloads,2741,NULL,0,64]
01-01 03:05:26.099   492   494 D dalvikvm: GC_CONCURRENT freed 4027K, 37% free 10316K/16327K, paused 1ms+2ms
01-01 03:05:26.419   492  8607 I content_update_sample: [content://downloads/all_downloads/2754,delete,,538,,100]
01-01 03:05:26.469   233   471 I notification_cancel: [com.android.providers.downloads,2750,NULL,0,64]
01-01 03:05:26.469   233   550 I notification_cancel: [com.android.providers.downloads,2751,NULL,0,64]
01-01 03:05:26.469   233   244 I notification_cancel: [com.android.providers.downloads,2748,NULL,0,64]
01-01 03:05:26.469   233   245 I notification_cancel: [com.android.providers.downloads,2749,NULL,0,64]
01-01 03:05:26.469   233   545 I notification_cancel: [com.android.providers.downloads,2752,NULL,0,64]
01-01 03:05:26.469   492  8686 I DownloadManager: Initiating request for download 3811
01-01 03:05:26.589   492  8686 W DownloadManager: Aborting request for download 3811: can't know size of download, giving up
01-01 03:05:26.599   492  8607 I content_update_sample: [content://downloads/all_downloads/2756,delete,,96,,20]
01-01 03:05:26.679  1734  8688 E DictionaryProvider:UpdateHandler: Permanent failure of download 3811 with error code: 1004
01-01 03:05:26.689   492  8607 I content_update_sample: [content://downloads/all_downloads/2757,delete,,95,,20]
01-01 03:05:26.839   233   428 I notification_cancel: [com.android.providers.downloads,2753,NULL,0,64]
01-01 03:05:26.839   233   473 I notification_cancel: [com.android.providers.downloads,2755,NULL,0,64]
