01-01 03:07:56.739   492 10206 W DownloadManager: Aborting request for download 3954: can't know size of download, giving up
01-01 03:07:56.779   492 10206 I content_update_sample: [content://downloads/all_downloads/3954,update,,38,,8]
01-01 03:07:56.789  1734 10208 E DictionaryProvider:UpdateHandler: Permanent failure of download 3954 with error code: 1004
01-01 03:07:56.919   233   550 I force_gc: Binder
01-01 03:07:56.959   233   550 D dalvikvm: GC_EXPLICIT freed 1660K, 25% free 13308K/17607K, paused 2ms+3ms
01-01 03:07:56.969   492 10211 I DownloadManager: Initiating request for download 3954
01-01 03:07:57.089   492   494 D dalvikvm: GC_CONCURRENT freed 3939K, 37% free 10306K/16327K, paused 1ms+1ms
01-01 03:07:57.099   492 10211 W DownloadManager: Aborting request for download 3954: can't know size of download, giving up
01-01 03:07:57.279   233   545 I notification_cancel: [com.android.providers.downloads,3954,NULL,0,64]
01-01 03:07:57.329   492 10217 I DownloadManager: Initiating request for download 3955
01-01 03:07:57.439   492 10217 W DownloadManager: Aborting request for download 3955: can't know size of download, giving up
01-01 03:07:57.499  1734 10219 E DictionaryProvider:UpdateHandler: Permanent failure of download 3955 with error code: 1004
01-01 03:07:57.569  1734  1752 I content_update_sample: [content://downloads/my_downloads,insert,,53,,11]
01-01 03:07:57.639   492 10222 I DownloadManager: Initiating request for download 3955
01-01 03:07:57.749   492 10222 W DownloadManager: Aborting request for download 3955: can't know size of download, giving up
01-01 03:07:57.909   233   245 I notification_cancel: [com.android.providers.downloads,3955,NULL,0,64]
01-01 03:07:58.149   492 10008 I content_query_sample: [content://downloads/all_downloads/3956/headers,,,,238,,48]
01-01 03:07:58.209   492 10008 I content_update_sample: [content://downloads/all_downloads/3956,update,,55,,12]
01-01 03:07:58.219   492 10225 I DownloadManager: Initiating request for download 3956
01-01 03:07:58.349   492 10225 W DownloadManager: Aborting request for download 3956: can't know size of download, giving up
01-01 03:07:58.419   492 10225 I content_update_sample: [content://downloads/all_downloads/3956,update,,68,,14]
01-01 03:07:58.429  1734 10230 E DictionaryProvider:UpdateHandler: Permanent failure of download 3956 with error code: 1004
01-01 03:07:58.519   382 10231 I force_gc: Binder
01-01 03:07:58.539   382 10231 D dalvikvm: GC_EXPLICIT freed 1295K, 13% free 10243K/11655K, paused 1ms+2ms
01-01 03:07:58.639   492 10233 I DownloadManager: Initiating request for download 3956
01-01 03:07:58.859   492   494 D dalvikvm: GC_CONCURRENT freed 4061K, 38% free 10264K/16327K, paused 2ms+2ms
01-01 03:07:58.939   233   546 I notification_cancel: [com.android.providers.downloads,3956,NULL,0,64]
01-01 03:07:58.979   492 10008 I content_update_sample: [content://downloads/all_downloads/3957,update,,39,,8]
01-01 03:07:58.989   492 10235 I DownloadManager: Initiating request for download 3957
01-01 03:07:59.019   492 10233 W DownloadManager: Aborting request for download 3956: can't know size of download, giving up
01-01 03:07:59.099   492 10235 W DownloadManager: Aborting request for download 3957: can't know size of download, giving up
01-01 03:07:59.159  1734 10238 E DictionaryProvider:UpdateHandler: Permanent failure of download 3957 with error code: 1004
01-01 03:07:59.229  1734 22969 I content_update_sample: [content://downloads/my_downloads,insert,,44,,9]
01-01 03:07:59.309   492 10241 I DownloadManager: Initiating request for download 3957
01-01 03:07:59.439   492 10241 W DownloadManager: Aborting request for download 3957: can't know size of download, giving up
01-01 03:07:59.449   233   272 I am_create_service: [1501579392,com.google.android.apps.maps/com.google.googlenav.prefetch.android.PrefetcherService,,1179]
01-01 03:07:59.629   233   255 I notification_cancel: [com.android.providers.downloads,3957,NULL,0,64]
01-01 03:07:59.669   492 10249 I DownloadManager: Initiating request for download 3958
01-01 03:07:59.789   492 10249 W DownloadManager: Aborting request for download 3958: can't know size of download, giving up
01-01 03:07:59.849  1734 10251 E DictionaryProvider:UpdateHandler: Permanent failure of download 3958 with error code: 1004
01-01 03:07:59.979   492 10254 I DownloadManager: Initiating request for download 3958
01-01 03:08:00.109   492 10254 W DownloadManager: Aborting request for download 3958: can't know size of download, giving up
01-01 03:08:00.269   233   429 I notification_cancel: [com.android.providers.downloads,3958,NULL,0,64]
01-01 03:08:00.629   492 10254 I content_update_sample: [content://downloads/all_downloads/3958,update,,524,,100]
01-01 03:08:00.749   492 10260 I DownloadManager: Initiating request for download 3959
01-01 03:08:00.789   492   494 D dalvikvm: GC_CONCURRENT freed 4022K, 38% free 10256K/16327K, paused 2ms+2ms
01-01 03:08:00.879   492 10260 W DownloadManager: Aborting request for download 3959: can't know size of download, giving up
01-01 03:08:00.959   492  6399 I force_gc: Binder
01-01 03:08:00.989   492  6399 D dalvikvm: GC_EXPLICIT freed 567K, 38% free 10204K/16327K, paused 1ms+2ms
01-01 03:08:00.989  1734 10262 E DictionaryProvider:UpdateHandler: Permanent failure of download 3959 with error code: 1004
01-01 03:08:01.049  1734  1746 I content_update_sample: [content://downloads/my_downloads,insert,,44,,9]
01-01 03:08:01.109   492 10265 I DownloadManager: Initiating request for download 3959
01-01 03:08:01.329   492 10265 W DownloadManager: Aborting request for download 3959: can't know size of download, giving up
01-01 03:08:01.389   233   244 I notification_cancel: [com.android.providers.downloads,3959,NULL,0,64]
01-01 03:08:01.429   492 10268 I DownloadManager: Initiating request for download 3960
01-01 03:08:01.549   492 10268 W DownloadManager: Aborting request for download 3960: can't know size of download, giving up
01-01 03:08:01.609  1734 10273 E DictionaryProvider:UpdateHandler: Permanent failure of download 3960 with error code: 1004
01-01 03:08:01.679   382 10274 I content_query_sample: [content://com.android.inputmethod.latin.dictionarypack/en_US,id,,,52,,11]
01-01 03:08:01.749   492 10276 I DownloadManager: Initiating request for download 3960
01-01 03:08:01.869   492 10276 W DownloadManager: Aborting request for download 3960: can't know size of download, giving up
01-01 03:08:02.029   233   428 I notification_cancel: [com.android.providers.downloads,3960,NULL,0,64]
01-01 03:08:02.069   492 10279 I DownloadManager: Initiating request for download 3961
01-01 03:08:02.189   492 10279 W DownloadManager: Aborting request for download 3961: can't know size of download, giving up
01-01 03:08:02.239  1734 10281 E DictionaryProvider:UpdateHandler: Permanent failure of download 3961 with error code: 1004
01-01 03:08:02.299  1734  1746 I content_update_sample: [content://downloads/my_downloads,insert,,41,,9]
01-01 03:08:02.389   492 10284 I DownloadManager: Initiating request for download 3961
01-01 03:08:02.429   492   494 D dalvikvm: GC_CONCURRENT freed 3981K, 38% free 10233K/16327K, paused 2ms+2ms
01-01 03:08:02.509   492 10284 W DownloadManager: Aborting request for download 3961: can't know size of download, giving up
01-01 03:08:02.719   233   524 I notification_cancel: [com.android.providers.downloads,3961,NULL,0,64]
01-01 03:08:02.759   492 10290 I DownloadManager: Initiating request for download 3962
01-01 03:08:02.819   492 10008 I content_query_sample: [content://downloads/all_downloads,,,,51,,11]
01-01 03:08:02.879   492 10290 W DownloadManager: Aborting request for download 3962: can't know size of download, giving up
01-01 03:08:03.439   492 10290 I content_update_sample: [content://downloads/all_downloads/3962,update,,556,,100]
01-01 03:08:03.499  1734 10293 I content_query_sample: [content://downloads/my_downloads,_id/_data AS local_filename/mediaprovider_uri/destination/title/description/uri/status/hint/mimetype AS media_type/total_bytes AS total_size/lastmod AS last_modified_timestamp/current_bytes AS bytes_so_far/'placeholder' AS local_uri/'placeholder' AS reason,(_id = ? ) AND deleted != '1',lastmod DESC,54,,11]
01-01 03:08:03.509  1734 10293 E DictionaryProvider:UpdateHandler: Permanent failure of download 3962 with error code: 1004
01-01 03:08:03.749   233   255 I notification_cancel: [com.android.providers.downloads,3962,NULL,0,64]
01-01 03:08:04.069   492 10299 I DownloadManager: Initiating request for download 3963
01-01 03:08:04.189   492 10299 W DownloadManager: Aborting request for download 3963: can't know size of download, giving up
01-01 03:08:04.269   492   494 D dalvikvm: GC_CONCURRENT freed 4004K, 38% free 10235K/16327K, paused 1ms+2ms
01-01 03:08:04.279  1734 10301 E DictionaryProvider:UpdateHandler: Permanent failure of download 3963 with error code: 1004
01-01 03:08:04.349  1734  1745 I content_update_sample: [content://downloads/my_downloads,insert,,52,,11]
01-01 03:08:04.419   492 10304 I DownloadManager: Initiating request for download 3963
01-01 03:08:04.529   492 10304 W DownloadManager: Aborting request for download 3963: can't know size of download, giving up
01-01 03:08:04.699   233   428 I notification_cancel: [com.android.providers.downloads,3963,NULL,0,64]
01-01 03:08:05.569   492 10292 I content_query_sample: [content://downloads/all_downloads/3964/headers,,,,875,,100]
01-01 03:08:05.569   492 10304 I content_update_sample: [content://downloads/all_downloads/3963,update,,1038,,100]
01-01 03:08:05.609   492 10310 I DownloadManager: Initiating request for download 3964
01-01 03:08:06.009   492 10310 W DownloadManager: Aborting request for download 3964: can't know size of download, giving up
01-01 03:08:06.179  1734 10316 E DictionaryProvider:UpdateHandler: Permanent failure of download 3964 with error code: 1004
01-01 03:08:06.409   233   244 I notification_cancel: [com.android.providers.downloads,3964,NULL,0,64]
01-01 03:08:06.729   492 10319 I DownloadManager: Initiating request for download 3965
01-01 03:08:06.779   492   494 D dalvikvm: GC_CONCURRENT freed 3984K, 38% free 10265K/16327K, paused 1ms+2ms
01-01 03:08:06.829   492 10315 I content_query_sample: [content://downloads/all_downloads,,,,70,,15]
01-01 03:08:06.859   492 10319 W DownloadManager: Aborting request for download 3965: can't know size of download, giving up
01-01 03:08:06.929  1734 10321 E DictionaryProvider:UpdateHandler: Permanent failure of download 3965 with error code: 1004
01-01 03:08:07.089   492 10327 I DownloadManager: Initiating request for download 3965
01-01 03:08:07.219   492 10327 W DownloadManager: Aborting request for download 3965: can't know size of download, giving up
01-01 03:08:07.359   233   428 I notification_cancel: [com.android.providers.downloads,3965,NULL,0,64]
01-01 03:08:07.769   492 10315 I content_query_sample: [content://downloads/all_downloads/3966/headers,,,,401,,81]
01-01 03:08:07.769   492 10327 I content_update_sample: [content://downloads/all_downloads/3965,update,,549,,100]
01-01 03:08:07.849   492 10330 I DownloadManager: Initiating request for download 3966
01-01 03:08:07.969   492 10330 W DownloadManager: Aborting request for download 3966: can't know size of download, giving up
01-01 03:08:08.049  1734 10335 E DictionaryProvider:UpdateHandler: Permanent failure of download 3966 with error code: 1004
01-01 03:08:08.229   492 10338 I DownloadManager: Initiating request for download 3966
01-01 03:08:08.349   492 10338 W DownloadManager: Aborting request for download 3966: can't know size of download, giving up
01-01 03:08:08.509   233   546 I notification_cancel: [com.android.providers.downloads,3966,NULL,0,64]
01-01 03:08:08.559   492 10315 I content_update_sample: [content://downloads/all_downloads/3967,update,,48,,10]
01-01 03:08:08.559   492 10341 I DownloadManager: Initiating request for download 3967
01-01 03:08:08.679   492 10341 W DownloadManager: Aborting request for download 3967: can't know size of download, giving up
01-01 03:08:08.759   492   494 D dalvikvm: GC_CONCURRENT freed 4002K, 38% free 10286K/16327K, paused 2ms+1ms
01-01 03:08:08.769  1734 10343 E DictionaryProvider:UpdateHandler: Permanent failure of download 3967 with error code: 1004
01-01 03:08:08.919   492 10346 I DownloadManager: Initiating request for download 3967
01-01 03:08:09.059   492 10346 W DownloadManager: Aborting request for download 3967: can't know size of download, giving up
01-01 03:08:09.219   233   428 I notification_cancel: [com.android.providers.downloads,3967,NULL,0,64]
01-01 03:08:09.259   492 10352 I DownloadManager: Initiating request for download 3968
01-01 03:08:09.379   492 10352 W DownloadManager: Aborting request for download 3968: can't know size of download, giving up
01-01 03:08:09.439  1734 10354 E DictionaryProvider:UpdateHandler: Permanent failure of download 3968 with error code: 1004
01-01 03:08:09.509   233   471 I am_destroy_service: [1501579392,com.google.android.apps.maps/com.google.googlenav.prefetch.android.PrefetcherService,1179]
01-01 03:08:09.579   492 10358 I DownloadManager: Initiating request for download 3968
01-01 03:08:09.849   233   430 I notification_cancel: [com.android.providers.downloads,3968,NULL,0,64]
01-01 03:08:09.889   233   473 I force_gc: Binder
01-01 03:08:09.939   233   473 D dalvikvm: GC_EXPLICIT freed 1135K, 25% free 13309K/17607K, paused 3ms+3ms
01-01 03:08:09.949   492 10360 I DownloadManager: Initiating request for download 3969
01-01 03:08:09.979   492 10358 W DownloadManager: Aborting request for download 3968: can't know size of download, giving up
01-01 03:08:10.109   492 10360 W DownloadManager: Aborting request for download 3969: can't know size of download, giving up
01-01 03:08:10.179   492   494 D dalvikvm: GC_CONCURRENT freed 4018K, 38% free 10251K/16327K, paused 1ms+2ms
01-01 03:08:10.629   492 10360 I content_update_sample: [content://downloads/all_downloads/3969,update,,521,,100]
01-01 03:08:10.689   492 10315 I content_query_sample: [content://downloads/all_downloads,,,,433,,87]
01-01 03:08:10.689  1734 10366 E DictionaryProvider:UpdateHandler: Permanent failure of download 3969 with error code: 1004
01-01 03:08:10.919   233   473 I notification_cancel: [com.android.providers.downloads,3969,NULL,0,64]
01-01 03:08:10.979   492 10315 I content_query_sample: [content://downloads/all_downloads,,,,50,,11]
01-01 03:08:11.249   492 10372 I DownloadManager: Initiating request for download 3970
01-01 03:08:11.469   492 10372 W DownloadManager: Aborting request for download 3970: can't know size of download, giving up
01-01 03:08:11.519  1734 10374 I content_query_sample: [content://downloads/my_downloads,_id/_data AS local_filename/mediaprovider_uri/destination/title/description/uri/status/hint/mimetype AS media_type/total_bytes AS total_size/lastmod AS last_modified_timestamp/current_bytes AS bytes_so_far/'placeholder' AS local_uri/'placeholder' AS reason,(_id = ? ) AND deleted != '1',lastmod DESC,5,,2]
01-01 03:08:11.529  1734 10374 E DictionaryProvider:UpdateHandler: Permanent failure of download 3970 with error code: 1004
01-01 03:08:11.549   492 10376 I DownloadManager: Initiating request for download 3970
01-01 03:08:11.589  1734  1745 I content_update_sample: [content://downloads/my_downloads,insert,,51,,11]
01-01 03:08:11.669   492 10376 W DownloadManager: Aborting request for download 3970: can't know size of download, giving up
01-01 03:08:11.709   492 10376 I content_update_sample: [content://downloads/all_downloads/3970,update,,37,,8]
01-01 03:08:11.869   233   471 I notification_cancel: [com.android.providers.downloads,3970,NULL,0,64]
01-01 03:08:11.909   492 10380 I DownloadManager: Initiating request for download 3971
01-01 03:08:12.039   492   494 D dalvikvm: GC_CONCURRENT freed 3972K, 37% free 10291K/16327K, paused 2ms+1ms
01-01 03:08:12.039   492 10380 W DownloadManager: Aborting request for download 3971: can't know size of download, giving up
01-01 03:08:12.109  1734 10382 E DictionaryProvider:UpdateHandler: Permanent failure of download 3971 with error code: 1004
01-01 03:08:12.279   492 10385 I DownloadManager: Initiating request for download 3971
01-01 03:08:12.399   492 10385 W DownloadManager: Aborting request for download 3971: can't know size of download, giving up
01-01 03:08:12.569   233   244 I notification_cancel: [com.android.providers.downloads,3971,NULL,0,64]
01-01 03:08:12.619   492 10391 I DownloadManager: Initiating request for download 3972
01-01 03:08:12.759   492 10391 W DownloadManager: Aborting request for download 3972: can't know size of download, giving up
01-01 03:08:12.829  1734 10393 E DictionaryProvider:UpdateHandler: Permanent failure of download 3972 with error code: 1004
01-01 03:08:12.929   492 10396 I DownloadManager: Initiating request for download 3972
01-01 03:08:12.989   492 10315 I content_query_sample: [content://downloads/all_downloads,,,,52,,11]
01-01 03:08:13.049   492 10396 W DownloadManager: Aborting request for download 3972: can't know size of download, giving up
01-01 03:08:13.089  7258  7258 I KERNEL  : [ 3614.783878] intel_mdf_battery msic_battery: vbus_volt:4776
01-01 03:08:13.089  7258  7258 I KERNEL  : [ 3614.786030] intel_mdf_battery msic_battery: vbatt:4182500 temp:390
01-01 03:08:13.109   233   267 I battery_level: [100,4182,390]
01-01 03:08:13.219   233   471 I notification_cancel: [com.android.providers.downloads,3972,NULL,0,64]
01-01 03:08:13.579   492 10315 I content_query_sample: [content://downloads/all_downloads/3973/headers,,,,360,,73]
01-01 03:08:13.579   492 10396 I content_update_sample: [content://downloads/all_downloads/3972,update,,532,,100]
01-01 03:08:13.649   492 10403 I DownloadManager: Initiating request for download 3973
01-01 03:08:13.779   492 10403 W DownloadManager: Aborting request for download 3973: can't know size of download, giving up
01-01 03:08:13.839   492   494 D dalvikvm: GC_CONCURRENT freed 4042K, 38% free 10267K/16327K, paused 1ms+2ms
01-01 03:08:13.869  1734 10405 E DictionaryProvider:UpdateHandler: Permanent failure of download 3973 with error code: 1004
01-01 03:08:13.999   492 10408 I DownloadManager: Initiating request for download 3973
01-01 03:08:14.119   492 10408 W DownloadManager: Aborting request for download 3973: can't know size of download, giving up
01-01 03:08:14.289   233   255 I notification_cancel: [com.android.providers.downloads,3973,NULL,0,64]
01-01 03:08:14.329   492 10411 I DownloadManager: Initiating request for download 3974
01-01 03:08:14.449   492 10411 W DownloadManager: Aborting request for download 3974: can't know size of download, giving up
01-01 03:08:14.499  1734 10416 E DictionaryProvider:UpdateHandler: Permanent failure of download 3974 with error code: 1004
01-01 03:08:14.649   492 10419 I DownloadManager: Initiating request for download 3974
01-01 03:08:14.709   492 10315 I content_query_sample: [content://downloads/all_downloads,,,,52,,11]
01-01 03:08:14.759   492 10419 W DownloadManager: Aborting request for download 3974: can't know size of download, giving up
01-01 03:08:14.809   492 10419 I content_update_sample: [content://downloads/all_downloads/3974,update,,42,,9]
01-01 03:08:14.929   233   471 I notification_cancel: [com.android.providers.downloads,3974,NULL,0,64]
01-01 03:08:14.929   492 10315 I content_query_sample: [content://downloads/all_downloads/3975/headers,,,,1,,1]
01-01 03:08:14.969   492 10422 I DownloadManager: Initiating request for download 3975
01-01 03:08:15.029   492 10315 I content_query_sample: [content://downloads/all_downloads,,,,52,,11]
01-01 03:08:15.089   492 10422 W DownloadManager: Aborting request for download 3975: can't know size of download, giving up
01-01 03:08:15.119   492 10422 I content_update_sample: [content://downloads/all_downloads/3975,update,,33,,7]
01-01 03:08:15.139  1734 10424 E DictionaryProvider:UpdateHandler: Permanent failure of download 3975 with error code: 1004
01-01 03:08:15.209  1734 22969 I content_update_sample: [content://downloads/my_downloads,insert,,52,,11]
01-01 03:08:15.269   492   494 D dalvikvm: GC_CONCURRENT freed 4026K, 38% free 10253K/16327K, paused 1ms+2ms
01-01 03:08:15.319   492 10427 I DownloadManager: Initiating request for download 3975
01-01 03:08:15.379   492 10315 I content_query_sample: [content://downloads/all_downloads,,,,52,,11]
01-01 03:08:15.439   492 10427 W DownloadManager: Aborting request for download 3975: can't know size of download, giving up
01-01 03:08:15.489   492 10427 I content_update_sample: [content://downloads/all_downloads/3975,update,,47,,10]
01-01 03:08:15.619   233   546 I notification_cancel: [com.android.providers.downloads,3975,NULL,0,64]
01-01 03:08:15.659   492 10433 I DownloadManager: Initiating request for download 3976
01-01 03:08:15.779   492 10433 W DownloadManager: Aborting request for download 3976: can't know size of download, giving up
01-01 03:08:16.329   492 10433 I content_update_sample: [content://downloads/all_downloads/3976,update,,554,,100]
01-01 03:08:16.399  1734 10436 I content_query_sample: [content://downloads/my_downloads,_id/_data AS local_filename/mediaprovider_uri/destination/title/description/uri/status/hint/mimetype AS media_type/total_bytes AS total_size/lastmod AS last_modified_timestamp/current_bytes AS bytes_so_far/'placeholder' AS local_uri/'placeholder' AS reason,(_id = ? ) AND deleted != '1',lastmod DESC,53,,11]
01-01 03:08:16.399  1734 10436 E DictionaryProvider:UpdateHandler: Permanent failure of download 3976 with error code: 1004
01-01 03:08:16.479  1734 22969 I force_gc: Binder
01-01 03:08:16.499  1734 22969 D dalvikvm: GC_EXPLICIT freed 2533K, 23% free 9457K/12167K, paused 2ms+4ms
01-01 03:08:16.659   233   546 I notification_cancel: [com.android.providers.downloads,3976,NULL,0,64]
01-01 03:08:16.979   492 10442 I DownloadManager: Initiating request for download 3977
01-01 03:08:17.109   492 10442 W DownloadManager: Aborting request for download 3977: can't know size of download, giving up
01-01 03:08:17.119   492   494 D dalvikvm: GC_CONCURRENT freed 3964K, 37% free 10305K/16327K, paused 1ms+1ms
01-01 03:08:17.189  1734 10444 E DictionaryProvider:UpdateHandler: Permanent failure of download 3977 with error code: 1004
01-01 03:08:17.359   492 10447 I DownloadManager: Initiating request for download 3977
01-01 03:08:17.479   492 10447 W DownloadManager: Aborting request for download 3977: can't know size of download, giving up
01-01 03:08:17.639   233   524 I notification_cancel: [com.android.providers.downloads,3977,NULL,0,64]
01-01 03:08:17.689   492 10453 I DownloadManager: Initiating request for download 3978
01-01 03:08:17.809   492 10453 W DownloadManager: Aborting request for download 3978: can't know size of download, giving up
01-01 03:08:17.839   492 10453 I content_update_sample: [content://downloads/all_downloads/3978,update,,35,,8]
01-01 03:08:17.859  1734 10455 E DictionaryProvider:UpdateHandler: Permanent failure of download 3978 with error code: 1004
01-01 03:08:18.009   492 10458 I DownloadManager: Initiating request for download 3978
01-01 03:08:18.129   492 10458 W DownloadManager: Aborting request for download 3978: can't know size of download, giving up
01-01 03:08:18.299   233   255 I notification_cancel: [com.android.providers.downloads,3978,NULL,0,64]
01-01 03:08:18.339   492 10461 I DownloadManager: Initiating request for download 3979
01-01 03:08:18.469   492 10461 W DownloadManager: Aborting request for download 3979: can't know size of download, giving up
01-01 03:08:18.529  1734 10463 E DictionaryProvider:UpdateHandler: Permanent failure of download 3979 with error code: 1004
01-01 03:08:18.569   492   494 D dalvikvm: GC_CONCURRENT freed 4026K, 38% free 10267K/16327K, paused 1ms+1ms
01-01 03:08:18.699   492 10466 I DownloadManager: Initiating request for download 3979
01-01 03:08:18.849   492 10466 W DownloadManager: Aborting request for download 3979: can't know size of download, giving up
01-01 03:08:18.989   233   244 I notification_cancel: [com.android.providers.downloads,3979,NULL,0,64]
01-01 03:08:19.869   492 10435 I content_query_sample: [content://downloads/all_downloads/3980/headers,,,,879,,100]
01-01 03:08:19.869   492 10466 I content_update_sample: [content://downloads/all_downloads/3979,update,,1019,,100]
01-01 03:08:19.919   492 10475 I force_gc: Binder
01-01 03:08:19.989   492 10475 D dalvikvm: GC_EXPLICIT freed 1451K, 38% free 10253K/16327K, paused 3ms+5ms
01-01 03:08:19.989   492 10475 I DownloadManager: Initiating request for download 3980
01-01 03:08:20.119   492 10475 W DownloadManager: Aborting request for download 3980: can't know size of download, giving up
01-01 03:08:20.169  1734 10477 E DictionaryProvider:UpdateHandler: Permanent failure of download 3980 with error code: 1004
01-01 03:08:20.329   492 10480 I DownloadManager: Initiating request for download 3980
01-01 03:08:20.459   492 10480 W DownloadManager: Aborting request for download 3980: can't know size of download, giving up
01-01 03:08:20.609   233   546 I notification_cancel: [com.android.providers.downloads,3980,NULL,0,64]
01-01 03:08:20.649   492 10483 I DownloadManager: Initiating request for download 3981
01-01 03:08:20.709   492 10435 I content_query_sample: [content://downloads/all_downloads,,,,53,,11]
01-01 03:08:20.769   492 10483 W DownloadManager: Aborting request for download 3981: can't know size of download, giving up
01-01 03:08:20.809   492 10483 I content_update_sample: [content://downloads/all_downloads/3981,update,,38,,8]
01-01 03:08:20.829  1734 10485 E DictionaryProvider:UpdateHandler: Permanent failure of download 3981 with error code: 1004
01-01 03:08:20.889   382 10486 I content_query_sample: [content://com.android.inputmethod.latin.dictionarypack/en_US,id,,,56,,12]
01-01 03:08:20.969   492 10491 I DownloadManager: Initiating request for download 3981
01-01 03:08:21.089   492 10491 W DownloadManager: Aborting request for download 3981: can't know size of download, giving up
01-01 03:08:21.259   233   550 I notification_cancel: [com.android.providers.downloads,3981,NULL,0,64]
01-01 03:08:21.299   492 10494 I DownloadManager: Initiating request for download 3982
01-01 03:08:21.459   492   494 D dalvikvm: GC_CONCURRENT freed 3972K, 37% free 10327K/16327K, paused 1ms+1ms
01-01 03:08:21.529   492 10494 W DownloadManager: Aborting request for download 3982: can't know size of download, giving up
01-01 03:08:21.579  1734 10496 E DictionaryProvider:UpdateHandler: Permanent failure of download 3982 with error code: 1004
01-01 03:08:21.649   382 10497 I content_query_sample: [content://com.android.inputmethod.latin.dictionarypack/en_US,id,,,50,,11]
01-01 03:08:21.649   492 10498 I DownloadManager: Initiating request for download 3982
01-01 03:08:21.769   492 10498 W DownloadManager: Aborting request for download 3982: can't know size of download, giving up
01-01 03:08:21.929   233   245 I notification_cancel: [com.android.providers.downloads,3982,NULL,0,64]
01-01 03:08:22.299   492 10435 I content_query_sample: [content://downloads/all_downloads/3983/headers,,,,368,,74]
01-01 03:08:22.299   492 10498 I content_update_sample: [content://downloads/all_downloads/3982,update,,529,,100]
01-01 03:08:22.379   492 10505 I DownloadManager: Initiating request for download 3983
01-01 03:08:22.499   492 10505 W DownloadManager: Aborting request for download 3983: can't know size of download, giving up
01-01 03:08:22.569  1734 10507 E DictionaryProvider:UpdateHandler: Permanent failure of download 3983 with error code: 1004
01-01 03:08:22.689   492 10510 I DownloadManager: Initiating request for download 3983
01-01 03:08:22.699   233   429 I force_gc: Binder
01-01 03:08:22.729   233   429 D dalvikvm: GC_EXPLICIT freed 1382K, 25% free 13310K/17607K, paused 2ms+3ms
01-01 03:08:22.789   492 10435 I content_query_sample: [content://downloads/all_downloads,,,,99,,20]
01-01 03:08:22.809   492 10510 W DownloadManager: Aborting request for download 3983: can't know size of download, giving up
01-01 03:08:23.019   233   430 I notification_cancel: [com.android.providers.downloads,3983,NULL,0,64]
01-01 03:08:23.059   492 10516 I DownloadManager: Initiating request for download 3984
01-01 03:08:23.189   492 10516 W DownloadManager: Aborting request for download 3984: can't know size of download, giving up
01-01 03:08:23.239  1734 10518 E DictionaryProvider:UpdateHandler: Permanent failure of download 3984 with error code: 1004
01-01 03:08:23.329  1734  1746 I content_update_sample: [content://downloads/my_downloads,insert,,72,,15]
01-01 03:08:23.329   492   494 D dalvikvm: GC_CONCURRENT freed 4047K, 38% free 10280K/16327K, paused 1ms+1ms
01-01 03:08:23.449   492 10521 I DownloadManager: Initiating request for download 3984
01-01 03:08:23.559   492 10521 W DownloadManager: Aborting request for download 3984: can't know size of download, giving up
01-01 03:08:23.599   492 10521 I content_update_sample: [content://downloads/all_downloads/3984,update,,37,,8]
01-01 03:08:23.729   233   550 I notification_cancel: [com.android.providers.downloads,3984,NULL,0,64]
01-01 03:08:23.779   492 10524 I DownloadManager: Initiating request for download 3985
01-01 03:08:23.899   492 10524 W DownloadManager: Aborting request for download 3985: can't know size of download, giving up
01-01 03:08:23.959   492 10524 I content_update_sample: [content://downloads/all_downloads/3985,update,,55,,12]
01-01 03:08:23.969  1734 10526 E DictionaryProvider:UpdateHandler: Permanent failure of download 3985 with error code: 1004
01-01 03:08:24.099   492 10532 I DownloadManager: Initiating request for download 3985
01-01 03:08:24.219   492 10532 W DownloadManager: Aborting request for download 3985: can't know size of download, giving up
01-01 03:08:24.389   233   430 I notification_cancel: [com.android.providers.downloads,3985,NULL,0,64]
01-01 03:08:24.769   492 10435 I content_query_sample: [content://downloads/all_downloads/3986/headers,,,,379,,76]
01-01 03:08:24.769   492 10532 I content_update_sample: [content://downloads/all_downloads/3985,update,,545,,100]
01-01 03:08:24.799   492 10435 I content_update_sample: [content://downloads/all_downloads/3986,update,,36,,8]
01-01 03:08:24.809   492 10535 I DownloadManager: Initiating request for download 3986
01-01 03:08:24.929   492 10535 W DownloadManager: Aborting request for download 3986: can't know size of download, giving up
01-01 03:08:25.119   492   494 D dalvikvm: GC_CONCURRENT freed 4036K, 38% free 10262K/16327K, paused 1ms+1ms
01-01 03:08:25.469   492 10535 I content_update_sample: [content://downloads/all_downloads/3986,update,,541,,100]
01-01 03:08:25.549  1734 10541 E DictionaryProvider:UpdateHandler: Permanent failure of download 3986 with error code: 1004
01-01 03:08:25.609  1734 22969 I content_update_sample: [content://downloads/my_downloads,insert,,47,,10]
01-01 03:08:25.789   233   524 I notification_cancel: [com.android.providers.downloads,3986,NULL,0,64]
01-01 03:08:26.099   492 10540 I content_update_sample: [content://downloads/all_downloads/3987,update,,37,,8]
01-01 03:08:26.099   492 10544 I DownloadManager: Initiating request for download 3987
01-01 03:08:26.229   492 10544 W DownloadManager: Aborting request for download 3987: can't know size of download, giving up
01-01 03:08:26.279  1734 10549 E DictionaryProvider:UpdateHandler: Permanent failure of download 3987 with error code: 1004
01-01 03:08:26.419   492 10552 I DownloadManager: Initiating request for download 3987
01-01 03:08:26.539   492 10552 W DownloadManager: Aborting request for download 3987: can't know size of download, giving up
01-01 03:08:26.709   233   233 I notification_cancel: [com.android.providers.downloads,3987,NULL,0,64]
01-01 03:08:26.749   492 10555 I DownloadManager: Initiating request for download 3988
01-01 03:08:26.889   492   494 D dalvikvm: GC_CONCURRENT freed 3996K, 37% free 10288K/16327K, paused 1ms+2ms
01-01 03:08:29.979   492 10555 W DownloadManager: Aborting request for download 3988: can't know size of download, giving up
01-01 03:08:30.499   492 10555 I content_update_sample: [content://downloads/all_downloads/3988,update,,520,,100]
01-01 03:08:30.569  1734 10567 E DictionaryProvider:UpdateHandler: Permanent failure of download 3988 with error code: 1004
01-01 03:08:30.799   233   473 I notification_cancel: [com.android.providers.downloads,3988,NULL,0,64]
01-01 03:08:31.119   492 10573 I DownloadManager: Initiating request for download 3989
01-01 03:08:31.189   492 10566 I content_query_sample: [content://downloads/all_downloads,,,,54,,11]
01-01 03:08:31.609   492 10573 W DownloadManager: Aborting request for download 3989: can't know size of download, giving up
01-01 03:08:31.679  1734 10579 E DictionaryProvider:UpdateHandler: Permanent failure of download 3989 with error code: 1004
01-01 03:08:31.739   492 10578 I content_query_sample: [content://downloads/all_downloads,,,,65,,14]
01-01 03:08:31.929   492   494 D dalvikvm: GC_CONCURRENT freed 4048K, 38% free 10259K/16327K, paused 1ms+1ms
01-01 03:08:31.999   233   546 I notification_cancel: [com.android.providers.downloads,3989,NULL,0,64]
01-01 03:08:32.319   492 10582 I DownloadManager: Initiating request for download 3990
01-01 03:08:32.439   492 10582 W DownloadManager: Aborting request for download 3990: can't know size of download, giving up
01-01 03:08:32.959   492 10582 I content_update_sample: [content://downloads/all_downloads/3990,update,,518,,100]
01-01 03:08:33.019  1734 10588 E DictionaryProvider:UpdateHandler: Permanent failure of download 3990 with error code: 1004
01-01 03:08:33.259   233   550 I notification_cancel: [com.android.providers.downloads,3990,NULL,0,64]
01-01 03:08:33.589   492 10591 I DownloadManager: Initiating request for download 3991
01-01 03:08:33.709   492   494 D dalvikvm: GC_CONCURRENT freed 3967K, 37% free 10313K/16327K, paused 1ms+1ms
01-01 03:08:33.709   492 10591 W DownloadManager: Aborting request for download 3991: can't know size of download, giving up
01-01 03:08:33.789  1734 10596 E DictionaryProvider:UpdateHandler: Permanent failure of download 3991 with error code: 1004
01-01 03:08:33.949   492 10599 I DownloadManager: Initiating request for download 3991
01-01 03:08:34.069   492 10599 W DownloadManager: Aborting request for download 3991: can't know size of download, giving up
01-01 03:08:34.239   233   545 I notification_cancel: [com.android.providers.downloads,3991,NULL,0,64]
01-01 03:08:34.289   492 10602 I DownloadManager: Initiating request for download 3992
01-01 03:08:34.419   492 10602 W DownloadManager: Aborting request for download 3992: can't know size of download, giving up
01-01 03:08:34.459   492 10602 I content_update_sample: [content://downloads/all_downloads/3992,update,,40,,9]
01-01 03:08:34.469  1734 10604 E DictionaryProvider:UpdateHandler: Permanent failure of download 3992 with error code: 1004
01-01 03:08:34.599   492 10607 I DownloadManager: Initiating request for download 3992
01-01 03:08:34.719   492 10607 W DownloadManager: Aborting request for download 3992: can't know size of download, giving up
01-01 03:08:34.899   233   255 I notification_cancel: [com.android.providers.downloads,3992,NULL,0,64]
01-01 03:08:34.939   492 10613 I DownloadManager: Initiating request for download 3993
01-01 03:08:35.059   492 10613 W DownloadManager: Aborting request for download 3993: can't know size of download, giving up
01-01 03:08:35.119   492   494 D dalvikvm: GC_CONCURRENT freed 4040K, 37% free 10293K/16327K, paused 1ms+1ms
01-01 03:08:35.129   492 10613 I content_update_sample: [content://downloads/all_downloads/3993,update,,76,,16]
01-01 03:08:35.149  1734 10615 E DictionaryProvider:UpdateHandler: Permanent failure of download 3993 with error code: 1004
01-01 03:08:35.299   492 10618 I DownloadManager: Initiating request for download 3993
01-01 03:08:35.419   492 10618 W DownloadManager: Aborting request for download 3993: can't know size of download, giving up
01-01 03:08:35.589   233   546 I notification_cancel: [com.android.providers.downloads,3993,NULL,0,64]
01-01 03:08:35.939   492 10587 I content_query_sample: [content://downloads/all_downloads/3994/headers,,,,347,,70]
01-01 03:08:35.939   492 10618 I content_update_sample: [content://downloads/all_downloads/3993,update,,522,,100]
01-01 03:08:35.989   492 10624 I DownloadManager: Initiating request for download 3994
01-01 03:08:36.109   492 10624 W DownloadManager: Aborting request for download 3994: can't know size of download, giving up
01-01 03:08:36.159  1734 10626 E DictionaryProvider:UpdateHandler: Permanent failure of download 3994 with error code: 1004
01-01 03:08:36.319   492 10629 I DownloadManager: Initiating request for download 3994
01-01 03:08:36.429   492 10629 W DownloadManager: Aborting request for download 3994: can't know size of download, giving up
01-01 03:08:36.479   492 10629 I content_update_sample: [content://downloads/all_downloads/3994,update,,41,,9]
01-01 03:08:36.609   233   550 I notification_cancel: [com.android.providers.downloads,3994,NULL,0,64]
01-01 03:08:36.649   492 10632 I DownloadManager: Initiating request for download 3995
01-01 03:08:36.769   492 10632 W DownloadManager: Aborting request for download 3995: can't know size of download, giving up
01-01 03:08:36.809   492 10632 I content_update_sample: [content://downloads/all_downloads/3995,update,,44,,9]
01-01 03:08:36.829  1734 10634 E DictionaryProvider:UpdateHandler: Permanent failure of download 3995 with error code: 1004
01-01 03:08:36.899   382 10635 I content_query_sample: [content://com.android.inputmethod.latin.dictionarypack/en_US,id,,,62,,13]
01-01 03:08:36.939   492   494 D dalvikvm: GC_CONCURRENT freed 4025K, 38% free 10284K/16327K, paused 1ms+2ms
01-01 03:08:37.029   492 10640 I DownloadManager: Initiating request for download 3995
01-01 03:08:37.089   492 10587 I content_query_sample: [content://downloads/all_downloads,,,,53,,11]
01-01 03:08:37.149   492 10640 W DownloadManager: Aborting request for download 3995: can't know size of download, giving up
01-01 03:08:37.319   233   429 I notification_cancel: [com.android.providers.downloads,3995,NULL,0,64]
01-01 03:08:37.359   492 10643 I DownloadManager: Initiating request for download 3996
01-01 03:08:37.419   492 10587 I content_query_sample: [content://downloads/all_downloads,,,,53,,11]
01-01 03:08:37.479   492 10643 W DownloadManager: Aborting request for download 3996: can't know size of download, giving up
01-01 03:08:37.529  1734 10645 E DictionaryProvider:UpdateHandler: Permanent failure of download 3996 with error code: 1004
01-01 03:08:37.669   492 10648 I DownloadManager: Initiating request for download 3996
01-01 03:08:37.789   492 10648 W DownloadManager: Aborting request for download 3996: can't know size of download, giving up
01-01 03:08:37.959   233   471 I notification_cancel: [com.android.providers.downloads,3996,NULL,0,64]
01-01 03:08:37.999   492 10651 I DownloadManager: Initiating request for download 3997
01-01 03:08:38.119   492 10651 W DownloadManager: Aborting request for download 3997: can't know size of download, giving up
01-01 03:08:38.309   492   494 D dalvikvm: GC_CONCURRENT freed 4020K, 38% free 10283K/16327K, paused 1ms+1ms
01-01 03:08:38.649   492 10651 I content_update_sample: [content://downloads/all_downloads/3997,update,,527,,100]
01-01 03:08:38.709  1734 10657 E DictionaryProvider:UpdateHandler: Permanent failure of download 3997 with error code: 1004
01-01 03:08:38.949   233   245 I notification_cancel: [com.android.providers.downloads,3997,NULL,0,64]
01-01 03:08:39.279   492 10663 I DownloadManager: Initiating request for download 3998
01-01 03:08:39.709   492 10663 W DownloadManager: Aborting request for download 3998: can't know size of download, giving up
01-01 03:08:39.879  1734 10666 E DictionaryProvider:UpdateHandler: Permanent failure of download 3998 with error code: 1004
01-01 03:08:39.949  1734  1752 I content_update_sample: [content://downloads/my_downloads,insert,,56,,12]
01-01 03:08:40.109   233   245 I notification_cancel: [com.android.providers.downloads,3998,NULL,0,64]
01-01 03:08:40.299   492   494 D dalvikvm: GC_CONCURRENT freed 4015K, 37% free 10290K/16327K, paused 1ms+1ms
01-01 03:08:40.499   233   473 I force_gc: Binder
01-01 03:08:40.549   233   473 D dalvikvm: GC_EXPLICIT freed 1096K, 25% free 13308K/17607K, paused 2ms+3ms
01-01 03:08:40.559   492 10672 I DownloadManager: Initiating request for download 3999
01-01 03:08:40.669   492 10672 W DownloadManager: Aborting request for download 3999: can't know size of download, giving up
01-01 03:08:40.729   108   108 E ia_watchdog: Timer interrupt
01-01 03:08:40.729   108   108 E ia_watchdog: waiting for a timer interrupt
01-01 03:08:40.729  1734 10674 E DictionaryProvider:UpdateHandler: Permanent failure of download 3999 with error code: 1004
01-01 03:08:40.729 10665   492 I KERNEL  : [ 3642.425665] intel_scu_watchdog: Expected SW WDT warning irq received
01-01 03:08:40.729 10665   492 I KERNEL  : [ 3642.426303] intel_scu_watchdog: interrupt tasklet body start
01-01 03:08:40.729   108   108 I KERNEL  : [ 3642.426773] intel_scu_watchdog: watchdog_keepalive
01-01 03:08:40.849   492 10677 I DownloadManager: Initiating request for download 3999
01-01 03:08:40.909   492 10665 I content_query_sample: [content://downloads/all_downloads,,,,54,,11]
01-01 03:08:40.959   492 10677 W DownloadManager: Aborting request for download 3999: can't know size of download, giving up
01-01 03:08:41.139   233   550 I notification_cancel: [com.android.providers.downloads,3999,NULL,0,64]
01-01 03:08:41.139   492 10665 I content_query_sample: [content://downloads/all_downloads/4000/headers,,,,1,,1]
01-01 03:08:41.179   492 10680 I DownloadManager: Initiating request for download 4000
01-01 03:08:41.399   492 10680 W DownloadManager: Aborting request for download 4000: can't know size of download, giving up
01-01 03:08:41.459  1734 10685 E DictionaryProvider:UpdateHandler: Permanent failure of download 4000 with error code: 1004
01-01 03:08:41.499   492 10687 I force_gc: Binder
01-01 03:08:41.539   492 10687 D dalvikvm: GC_EXPLICIT freed 3444K, 37% free 10311K/16327K, paused 1ms+3ms
01-01 03:08:41.539   492 10687 I DownloadManager: Initiating request for download 4000
01-01 03:08:41.589   492 10665 I content_query_sample: [content://downloads/all_downloads,,,,76,,16]
01-01 03:08:41.809   233   519 I notification_cancel: [com.android.providers.downloads,4000,NULL,0,64]
01-01 03:08:41.859   492 10690 I DownloadManager: Initiating request for download 4001
01-01 03:08:42.089   492 10690 W DownloadManager: Aborting request for download 4001: can't know size of download, giving up
01-01 03:08:42.609   492 10690 I content_update_sample: [content://downloads/all_downloads/4001,update,,524,,100]
01-01 03:08:42.679  1734 10696 E DictionaryProvider:UpdateHandler: Permanent failure of download 4001 with error code: 1004
01-01 03:08:42.919   233   471 I notification_cancel: [com.android.providers.downloads,4001,NULL,0,64]
01-01 03:08:43.259   492 10699 I DownloadManager: Initiating request for download 4002
01-01 03:08:43.379   492 10699 W DownloadManager: Aborting request for download 4002: can't know size of download, giving up
01-01 03:08:43.459   492   494 D dalvikvm: GC_CONCURRENT freed 4025K, 38% free 10285K/16327K, paused 2ms+1ms
01-01 03:08:43.469  1734 10704 E DictionaryProvider:UpdateHandler: Permanent failure of download 4002 with error code: 1004
01-01 03:08:43.639   492 10707 I DownloadManager: Initiating request for download 4002
01-01 03:08:43.759   492 10707 W DownloadManager: Aborting request for download 4002: can't know size of download, giving up
01-01 03:08:43.799   492 10707 I content_update_sample: [content://downloads/all_downloads/4002,update,,41,,9]
01-01 03:08:43.929   233   245 I notification_cancel: [com.android.providers.downloads,4002,NULL,0,64]
01-01 03:08:43.969   492 10710 I DownloadManager: Initiating request for download 4003
01-01 03:08:44.089   492 10710 W DownloadManager: Aborting request for download 4003: can't know size of download, giving up
01-01 03:08:44.139  1734 10712 E DictionaryProvider:UpdateHandler: Permanent failure of download 4003 with error code: 1004
01-01 03:08:44.289   492 10715 I DownloadManager: Initiating request for download 4003
01-01 03:08:44.409   492 10715 W DownloadManager: Aborting request for download 4003: can't know size of download, giving up
01-01 03:08:44.589   233   473 I notification_cancel: [com.android.providers.downloads,4003,NULL,0,64]
01-01 03:08:44.619   492 10721 I DownloadManager: Initiating request for download 4004
01-01 03:08:44.739   492 10721 W DownloadManager: Aborting request for download 4004: can't know size of download, giving up
01-01 03:08:44.799  1734 10723 E DictionaryProvider:UpdateHandler: Permanent failure of download 4004 with error code: 1004
01-01 03:08:44.869   492   494 D dalvikvm: GC_CONCURRENT freed 3971K, 37% free 10318K/16327K, paused 1ms+2ms
01-01 03:08:44.879   382 10724 I content_query_sample: [content://com.android.inputmethod.latin.dictionarypack/en_US,id,,,69,,14]
01-01 03:08:44.989   492 10726 I DownloadManager: Initiating request for download 4004
01-01 03:08:45.059   492 10687 W DownloadManager: Aborting request for download 4000: can't know size of download, giving up
01-01 03:08:45.279   233   546 I notification_cancel: [com.android.providers.downloads,4004,NULL,0,64]
01-01 03:08:45.539   492 10726 W DownloadManager: Aborting request for download 4004: can't know size of download, giving up
01-01 03:08:45.579   492 10687 I content_update_sample: [content://downloads/all_downloads/4000,update,,517,,100]
01-01 03:08:45.649   492 10695 I content_query_sample: [content://downloads/all_downloads/4005/headers,,,,372,,75]
01-01 03:08:45.709   492 10733 I DownloadManager: Initiating request for download 4005
01-01 03:08:45.829   492 10733 W DownloadManager: Aborting request for download 4005: can't know size of download, giving up
01-01 03:08:46.409   492 10733 I content_update_sample: [content://downloads/all_downloads/4005,update,,577,,100]
01-01 03:08:46.479  1734 10736 I content_query_sample: [content://downloads/my_downloads,_id/_data AS local_filename/mediaprovider_uri/destination/title/description/uri/status/hint/mimetype AS media_type/total_bytes AS total_size/lastmod AS last_modified_timestamp/current_bytes AS bytes_so_far/'placeholder' AS local_uri/'placeholder' AS reason,(_id = ? ) AND deleted != '1',lastmod DESC,51,,11]
01-01 03:08:46.479  1734 10736 E DictionaryProvider:UpdateHandler: Permanent failure of download 4005 with error code: 1004
01-01 03:08:46.489  1734  1752 I force_gc: Binder
01-01 03:08:46.519  1734  1752 D dalvikvm: GC_EXPLICIT freed 2527K, 23% free 9450K/12167K, paused 1ms+2ms
01-01 03:08:46.749   233   473 I notification_cancel: [com.android.providers.downloads,4005,NULL,0,64]
01-01 03:08:47.019   492   494 D dalvikvm: GC_CONCURRENT freed 4062K, 38% free 10275K/16327K, paused 1ms+1ms
01-01 03:08:47.099   492 10742 I DownloadManager: Initiating request for download 4006
01-01 03:08:47.229   492 10742 W DownloadManager: Aborting request for download 4006: can't know size of download, giving up
01-01 03:08:47.289  1734 10744 E DictionaryProvider:UpdateHandler: Permanent failure of download 4006 with error code: 1004
01-01 03:08:47.439   492 10747 I DownloadManager: Initiating request for download 4006
01-01 03:08:47.569   492 10747 W DownloadManager: Aborting request for download 4006: can't know size of download, giving up
01-01 03:08:47.739   233   429 I notification_cancel: [com.android.providers.downloads,4006,NULL,0,64]
01-01 03:08:47.789   492 10753 I DownloadManager: Initiating request for download 4007
01-01 03:08:47.909   492 10753 W DownloadManager: Aborting request for download 4007: can't know size of download, giving up
01-01 03:08:47.969  1734 10755 I content_query_sample: [content://downloads/my_downloads,_id/_data AS local_filename/mediaprovider_uri/destination/title/description/uri/status/hint/mimetype AS media_type/total_bytes AS total_size/lastmod AS last_modified_timestamp/current_bytes AS bytes_so_far/'placeholder' AS local_uri/'placeholder' AS reason,(_id = ? ) AND deleted != '1',lastmod DESC,5,,2]
01-01 03:08:47.969  1734 10755 E DictionaryProvider:UpdateHandler: Permanent failure of download 4007 with error code: 1004
01-01 03:08:48.019  1734 22969 I content_update_sample: [content://downloads/my_downloads,insert,,43,,9]
01-01 03:08:48.149   492 10758 I DownloadManager: Initiating request for download 4007
01-01 03:08:48.269   492 10758 W DownloadManager: Aborting request for download 4007: can't know size of download, giving up
01-01 03:08:48.299   492 10758 I content_update_sample: [content://downloads/all_downloads/4007,update,,36,,8]
01-01 03:08:48.439   233   519 I notification_cancel: [com.android.providers.downloads,4007,NULL,0,64]
01-01 03:08:48.479   492 10761 I DownloadManager: Initiating request for download 4008
01-01 03:08:48.519   492   494 D dalvikvm: GC_CONCURRENT freed 3960K, 37% free 10306K/16327K, paused 1ms+2ms
01-01 03:08:48.599   492 10761 W DownloadManager: Aborting request for download 4008: can't know size of download, giving up
01-01 03:08:48.649  1734 10763 E DictionaryProvider:UpdateHandler: Permanent failure of download 4008 with error code: 1004
01-01 03:08:48.819   492 10768 I DownloadManager: Initiating request for download 4008
01-01 03:08:48.939   492 10768 W DownloadManager: Aborting request for download 4008: can't know size of download, giving up
01-01 03:08:49.199  1734  1752 I content_update_sample: [content://downloads/my_downloads,insert,,536,,100]
01-01 03:08:49.199   382 10764 I content_query_sample: [content://com.android.inputmethod.latin.dictionarypack/en_US,id,,,543,,100]
